Archive member included to satisfy reference by file (symbol)

c:/nxp/s32ds.3.6.5/s32ds/build_tools/gcc_v10.2/gcc-10.2-arm32-eabi/bin/../lib/gcc/arm-none-eabi/10.2.0/../../../../arm-none-eabi/lib/thumb/v7e-m+fp/hard\libc_nano.a(lib_a-memcpy-stub.o)
                              ./FreeRTOS/Source/queue.o (memcpy)
c:/nxp/s32ds.3.6.5/s32ds/build_tools/gcc_v10.2/gcc-10.2-arm32-eabi/bin/../lib/gcc/arm-none-eabi/10.2.0/../../../../arm-none-eabi/lib/thumb/v7e-m+fp/hard\libc_nano.a(lib_a-memmove.o)
                              ./RTD/src/Siul2_Port_Ip.o (memmove)
c:/nxp/s32ds.3.6.5/s32ds/build_tools/gcc_v10.2/gcc-10.2-arm32-eabi/bin/../lib/gcc/arm-none-eabi/10.2.0/../../../../arm-none-eabi/lib/thumb/v7e-m+fp/hard\libc_nano.a(lib_a-memset.o)
                              ./FreeRTOS/Source/stream_buffer.o (memset)
c:/nxp/s32ds.3.6.5/s32ds/build_tools/gcc_v10.2/gcc-10.2-arm32-eabi/bin/../lib/gcc/arm-none-eabi/10.2.0/../../../../arm-none-eabi/lib/thumb/v7e-m+fp/hard\libc_nano.a(lib_a-snprintf.o)
                              ./FreeRTOS/Source/tasks.o (snprintf)
c:/nxp/s32ds.3.6.5/s32ds/build_tools/gcc_v10.2/gcc-10.2-arm32-eabi/bin/../lib/gcc/arm-none-eabi/10.2.0/../../../../arm-none-eabi/lib/thumb/v7e-m+fp/hard\libc_nano.a(lib_a-strcpy.o)
                              ./FreeRTOS/Source/tasks.o (strcpy)
c:/nxp/s32ds.3.6.5/s32ds/build_tools/gcc_v10.2/gcc-10.2-arm32-eabi/bin/../lib/gcc/arm-none-eabi/10.2.0/../../../../arm-none-eabi/lib/thumb/v7e-m+fp/hard\libc_nano.a(lib_a-strlen.o)
                              ./FreeRTOS/Source/tasks.o (strlen)
c:/nxp/s32ds.3.6.5/s32ds/build_tools/gcc_v10.2/gcc-10.2-arm32-eabi/bin/../lib/gcc/arm-none-eabi/10.2.0/../../../../arm-none-eabi/lib/thumb/v7e-m+fp/hard\libc_nano.a(lib_a-impure.o)
                              c:/nxp/s32ds.3.6.5/s32ds/build_tools/gcc_v10.2/gcc-10.2-arm32-eabi/bin/../lib/gcc/arm-none-eabi/10.2.0/../../../../arm-none-eabi/lib/thumb/v7e-m+fp/hard\libc_nano.a(lib_a-snprintf.o) (_impure_ptr)
c:/nxp/s32ds.3.6.5/s32ds/build_tools/gcc_v10.2/gcc-10.2-arm32-eabi/bin/../lib/gcc/arm-none-eabi/10.2.0/../../../../arm-none-eabi/lib/thumb/v7e-m+fp/hard\libc_nano.a(lib_a-nano-svfprintf.o)
                              c:/nxp/s32ds.3.6.5/s32ds/build_tools/gcc_v10.2/gcc-10.2-arm32-eabi/bin/../lib/gcc/arm-none-eabi/10.2.0/../../../../arm-none-eabi/lib/thumb/v7e-m+fp/hard\libc_nano.a(lib_a-snprintf.o) (_svfprintf_r)
c:/nxp/s32ds.3.6.5/s32ds/build_tools/gcc_v10.2/gcc-10.2-arm32-eabi/bin/../lib/gcc/arm-none-eabi/10.2.0/../../../../arm-none-eabi/lib/thumb/v7e-m+fp/hard\libc_nano.a(lib_a-nano-vfprintf_i.o)
                              c:/nxp/s32ds.3.6.5/s32ds/build_tools/gcc_v10.2/gcc-10.2-arm32-eabi/bin/../lib/gcc/arm-none-eabi/10.2.0/../../../../arm-none-eabi/lib/thumb/v7e-m+fp/hard\libc_nano.a(lib_a-nano-svfprintf.o) (_printf_i)
c:/nxp/s32ds.3.6.5/s32ds/build_tools/gcc_v10.2/gcc-10.2-arm32-eabi/bin/../lib/gcc/arm-none-eabi/10.2.0/../../../../arm-none-eabi/lib/thumb/v7e-m+fp/hard\libc_nano.a(lib_a-memchr.o)
                              c:/nxp/s32ds.3.6.5/s32ds/build_tools/gcc_v10.2/gcc-10.2-arm32-eabi/bin/../lib/gcc/arm-none-eabi/10.2.0/../../../../arm-none-eabi/lib/thumb/v7e-m+fp/hard\libc_nano.a(lib_a-nano-svfprintf.o) (memchr)
c:/nxp/s32ds.3.6.5/s32ds/build_tools/gcc_v10.2/gcc-10.2-arm32-eabi/bin/../lib/gcc/arm-none-eabi/10.2.0/../../../../arm-none-eabi/lib/thumb/v7e-m+fp/hard\libc_nano.a(lib_a-nano-freer.o)
                              c:/nxp/s32ds.3.6.5/s32ds/build_tools/gcc_v10.2/gcc-10.2-arm32-eabi/bin/../lib/gcc/arm-none-eabi/10.2.0/../../../../arm-none-eabi/lib/thumb/v7e-m+fp/hard\libc_nano.a(lib_a-nano-svfprintf.o) (_free_r)
c:/nxp/s32ds.3.6.5/s32ds/build_tools/gcc_v10.2/gcc-10.2-arm32-eabi/bin/../lib/gcc/arm-none-eabi/10.2.0/../../../../arm-none-eabi/lib/thumb/v7e-m+fp/hard\libc_nano.a(lib_a-nano-mallocr.o)
                              c:/nxp/s32ds.3.6.5/s32ds/build_tools/gcc_v10.2/gcc-10.2-arm32-eabi/bin/../lib/gcc/arm-none-eabi/10.2.0/../../../../arm-none-eabi/lib/thumb/v7e-m+fp/hard\libc_nano.a(lib_a-nano-svfprintf.o) (_malloc_r)
c:/nxp/s32ds.3.6.5/s32ds/build_tools/gcc_v10.2/gcc-10.2-arm32-eabi/bin/../lib/gcc/arm-none-eabi/10.2.0/../../../../arm-none-eabi/lib/thumb/v7e-m+fp/hard\libc_nano.a(lib_a-nano-reallocr.o)
                              c:/nxp/s32ds.3.6.5/s32ds/build_tools/gcc_v10.2/gcc-10.2-arm32-eabi/bin/../lib/gcc/arm-none-eabi/10.2.0/../../../../arm-none-eabi/lib/thumb/v7e-m+fp/hard\libc_nano.a(lib_a-nano-svfprintf.o) (_realloc_r)
c:/nxp/s32ds.3.6.5/s32ds/build_tools/gcc_v10.2/gcc-10.2-arm32-eabi/bin/../lib/gcc/arm-none-eabi/10.2.0/../../../../arm-none-eabi/lib/thumb/v7e-m+fp/hard\libc_nano.a(lib_a-sbrkr.o)
                              c:/nxp/s32ds.3.6.5/s32ds/build_tools/gcc_v10.2/gcc-10.2-arm32-eabi/bin/../lib/gcc/arm-none-eabi/10.2.0/../../../../arm-none-eabi/lib/thumb/v7e-m+fp/hard\libc_nano.a(lib_a-nano-mallocr.o) (_sbrk_r)
[...]
Memory Configuration

Name             Origin             Length             Attributes
int_pflash       0x00400000         0x003ce000
int_dflash       0x10000000         0x00010000
int_itcm         0x00000000         0x00010000
int_dtcm         0x20000000         0x0001f000
int_stack_dtcm   0x2001f000         0x00001000
int_sram         0x20400000         0x0002ff00
int_sram_fls_rsv 0x2042ff00         0x00000100
int_sram_no_cacheable 0x20430000         0x0000ff00
int_sram_results 0x2043ff00         0x00000100
int_sram_shareable 0x20440000         0x00004000
ram_rsvd2        0x20444000         0x00000000
*default*        0x00000000         0xffffffff

Linker script and memory map

LOAD ./FreeRTOS/Source/croutine.o
LOAD ./FreeRTOS/Source/event_groups.o
LOAD ./FreeRTOS/Source/list.o
LOAD ./FreeRTOS/Source/queue.o
LOAD ./FreeRTOS/Source/stream_buffer.o
LOAD ./FreeRTOS/Source/tasks.o
LOAD ./FreeRTOS/Source/timers.o
LOAD ./FreeRTOS/Source/portable/GCC/ARM_CM7/r0p1/port.o
LOAD ./FreeRTOS/Source/portable/MemMang/heap_1.o
LOAD ./Project_Settings/Startup_Code/Vector_Table.o
LOAD ./Project_Settings/Startup_Code/exceptions.o
LOAD ./Project_Settings/Startup_Code/nvic.o
LOAD ./Project_Settings/Startup_Code/startup.o
LOAD ./Project_Settings/Startup_Code/startup_cm7.o
LOAD ./Project_Settings/Startup_Code/system.o
LOAD ./RTD/src/Clock_Ip.o
LOAD ./RTD/src/Clock_Ip_Data.o
LOAD ./RTD/src/Clock_Ip_Divider.o
LOAD ./RTD/src/Clock_Ip_DividerTrigger.o
LOAD ./RTD/src/Clock_Ip_ExtOsc.o
LOAD ./RTD/src/Clock_Ip_FracDiv.o
LOAD ./RTD/src/Clock_Ip_Frequency.o
LOAD ./RTD/src/Clock_Ip_Gate.o
LOAD ./RTD/src/Clock_Ip_IntOsc.o
LOAD ./RTD/src/Clock_Ip_Irq.o
LOAD ./RTD/src/Clock_Ip_Monitor.o
LOAD ./RTD/src/Clock_Ip_Pll.o
LOAD ./RTD/src/Clock_Ip_ProgFreqSwitch.o
LOAD ./RTD/src/Clock_Ip_Selector.o
LOAD ./RTD/src/Clock_Ip_Specific.o
LOAD ./RTD/src/Det.o
LOAD ./RTD/src/Det_stub.o
LOAD ./RTD/src/FlexCAN_Ip.o
LOAD ./RTD/src/FlexCAN_Ip_HwAccess.o
LOAD ./RTD/src/FlexCAN_Ip_Irq.o
LOAD ./RTD/src/Igf_Port_Ip.o
LOAD ./RTD/src/IntCtrl_Ip.o
LOAD ./RTD/src/Lpi2c_Ip.o
LOAD ./RTD/src/Lpi2c_Ip_Irq.o
LOAD ./RTD/src/Lpuart_Uart_Ip.o
LOAD ./RTD/src/Lpuart_Uart_Ip_Irq.o
LOAD ./RTD/src/OsIf_Interrupts.o
LOAD ./RTD/src/OsIf_Software_Semaphore.o
LOAD ./RTD/src/OsIf_Timer.o
LOAD ./RTD/src/OsIf_Timer_System.o
LOAD ./RTD/src/OsIf_Timer_System_Internal_Systick.o
LOAD ./RTD/src/SchM_BaseNXP.o
LOAD ./RTD/src/SchM_Can_43_FLEXCAN.o
LOAD ./RTD/src/SchM_Dio.o
LOAD ./RTD/src/SchM_I2c.o
LOAD ./RTD/src/SchM_Mcu.o
LOAD ./RTD/src/SchM_Port.o
LOAD ./RTD/src/SchM_Uart.o
LOAD ./RTD/src/Siul2_Dio_Ip.o
LOAD ./RTD/src/Siul2_Port_Ip.o
LOAD ./RTD/src/Tspc_Port_Ip.o
LOAD ./board/Siul2_Port_Ip_Cfg.o
LOAD ./board/Tspc_Port_Ip_Cfg.o
LOAD ./generate/src/Clock_Ip_Cfg.o
LOAD ./generate/src/FlexCAN_Ip_Sa_PBcfg.o
LOAD ./generate/src/Igf_Port_Ip_Cfg.o
LOAD ./generate/src/IntCtrl_Ip_Cfg.o
LOAD ./generate/src/Lpi2c_Ip_Sa_PBcfg.o
LOAD ./generate/src/Lpuart_Uart_Ip_Sa_PBcfg.o
LOAD ./generate/src/OsIf_Cfg.o
LOAD ./src/main.o
LOAD c:/nxp/s32ds.3.6.5/s32ds/build_tools/gcc_v10.2/gcc-10.2-arm32-eabi/bin/../lib/gcc/arm-none-eabi/10.2.0/../../../../arm-none-eabi/lib/thumb/v7e-m+fp/hard\libc_nano.a
LOAD c:/nxp/s32ds.3.6.5/s32ds/build_tools/gcc_v10.2/gcc-10.2-arm32-eabi/bin/../lib/gcc/arm-none-eabi/10.2.0/../../../../arm-none-eabi/lib/thumb/v7e-m+fp/hard\libm.a
LOAD c:/nxp/s32ds.3.6.5/s32ds/build_tools/gcc_v10.2/gcc-10.2-arm32-eabi/bin/../lib/gcc/arm-none-eabi/10.2.0/thumb/v7e-m+fp/hard\libgcc.a
START GROUP
LOAD c:/nxp/s32ds.3.6.5/s32ds/build_tools/gcc_v10.2/gcc-10.2-arm32-eabi/bin/../lib/gcc/arm-none-eabi/10.2.0/thumb/v7e-m+fp/hard\libgcc.a
LOAD c:/nxp/s32ds.3.6.5/s32ds/build_tools/gcc_v10.2/gcc-10.2-arm32-eabi/bin/../lib/gcc/arm-none-eabi/10.2.0/../../../../arm-none-eabi/lib/thumb/v7e-m+fp/hard\libg_nano.a
LOAD c:/nxp/s32ds.3.6.5/s32ds/build_tools/gcc_v10.2/gcc-10.2-arm32-eabi/bin/../lib/gcc/arm-none-eabi/10.2.0/../../../../arm-none-eabi/lib/thumb/v7e-m+fp/hard\libc_nano.a
END GROUP
START GROUP
LOAD c:/nxp/s32ds.3.6.5/s32ds/build_tools/gcc_v10.2/gcc-10.2-arm32-eabi/bin/../lib/gcc/arm-none-eabi/10.2.0/thumb/v7e-m+fp/hard\libgcc.a
LOAD c:/nxp/s32ds.3.6.5/s32ds/build_tools/gcc_v10.2/gcc-10.2-arm32-eabi/bin/../lib/gcc/arm-none-eabi/10.2.0/../../../../arm-none-eabi/lib/thumb/v7e-m+fp/hard\libc_nano.a
LOAD c:/nxp/s32ds.3.6.5/s32ds/build_tools/gcc_v10.2/gcc-10.2-arm32-eabi/bin/../lib/gcc/arm-none-eabi/10.2.0/../../../../arm-none-eabi/lib/thumb/v7e-m+fp/hard\libnosys.a
END GROUP
START GROUP
LOAD c:/nxp/s32ds.3.6.5/s32ds/build_tools/gcc_v10.2/gcc-10.2-arm32-eabi/bin/../lib/gcc/arm-none-eabi/10.2.0/thumb/v7e-m+fp/hard\libgcc.a
LOAD c:/nxp/s32ds.3.6.5/s32ds/build_tools/gcc_v10.2/gcc-10.2-arm32-eabi/bin/../lib/gcc/arm-none-eabi/10.2.0/../../../../arm-none-eabi/lib/thumb/v7e-m+fp/hard\libc_nano.a
LOAD c:/nxp/s32ds.3.6.5/s32ds/build_tools/gcc_v10.2/gcc-10.2-arm32-eabi/bin/../lib/gcc/arm-none-eabi/10.2.0/../../../../arm-none-eabi/lib/thumb/v7e-m+fp/hard\libnosys.a
END GROUP
                0x00002000                HEAP_SIZE = DEFINED (__heap_size__)?__heap_size__:0x2000
                0x20407fff                __STANDBY_RAM_LIMIT_END = 0x20407fff
                0x00032000                __HSE_CODE_SIZE = 0x32000
                0x00010000                __HSE_DATA_SIZE = 0x10000

.pflash         0x00400000    0x162d8
 *(.boot_header)
 .boot_header   0x00400000      0x100 ./Project_Settings/Startup_Code/startup_cm7.o
                0x00402000                . = ALIGN (0x2000)
 *fill*         0x00400100     0x1f00 
                0x00402000                __text_start = .
                0x00402000                __interrupts_init_start = .
 *(.intc_vector)
 .intc_vector   0x00402000      0x408 ./Project_Settings/Startup_Code/Vector_Table.o
                0x00402000                VTABLE
                0x00402408                . = ALIGN (0x4)
                0x00402408                __interrupts_init_end = .
 *(.core_loop)
 .core_loop     0x00402408        0xc ./Project_Settings/Startup_Code/startup_cm7.o
                0x00402408                _core_loop
                0x00402414                . = ALIGN (0x4)
 *(.startup)
 *fill*         0x00402414        0xc 
 .startup       0x00402420      0x214 ./Project_Settings/Startup_Code/startup_cm7.o
                0x00402420                Reset_Handler
                0x00402420                _start
                0x004025b4                MCAL_LTB_TRACE_OFF
                0x004025b6                _end_of_eunit_test
                0x00402634                . = ALIGN (0x4)
 *(.systeminit)
                0x00402634                . = ALIGN (0x4)
 *(.text.startup)
 .text.startup  0x00402634      0x598 ./src/main.o
                0x00402634                main
                0x00402bcc                . = ALIGN (0x4)
 *(.text)
 .text          0x00402bcc        0x0 ./FreeRTOS/Source/croutine.o
 .text          0x00402bcc      0x2d0 ./FreeRTOS/Source/event_groups.o
                0x00402bcc                xEventGroupCreate
                0x00402be6                xEventGroupWaitBits
                0x00402cbe                xEventGroupClearBits
                0x00402ce8                vEventGroupClearBitsCallback
                0x00402cec                xEventGroupClearBitsFromISR
                0x00402cfc                xEventGroupGetBitsFromISR
                0x00402d28                xEventGroupSetBits
                0x00402d92                xEventGroupSync
                0x00402e44                vEventGroupSetBitsCallback
                0x00402e48                vEventGroupDelete
                0x00402e80                xEventGroupSetBitsFromISR
                0x00402e90                uxEventGroupGetNumber
                0x00402e96                vEventGroupSetNumber
 .text          0x00402e9c       0x80 ./FreeRTOS/Source/list.o
                0x00402e9c                vListInitialise
                0x00402eb2                vListInitialiseItem
                0x00402eb8                vListInsertEnd
                0x00402ed0                vListInsert
                0x00402efe                uxListRemove
 .text          0x00402f1c      0xab4 ./FreeRTOS/Source/queue.o
                0x00403036                xQueueGenericReset
                0x004030b4                xQueueGenericCreate
                0x004030fa                xQueueGetMutexHolder
                0x0040311a                xQueueGetMutexHolderFromISR
                0x0040312c                xQueueCreateCountingSemaphore
                0x00403148                xQueueGenericSend
                0x00403276                xQueueCreateMutex
                0x0040329a                xQueueGenericSendFromISR
                0x00403354                xQueueGiveFromISR
                0x004033f2                xQueueReceive
                0x00403506                xQueueSemaphoreTake
                0x0040364e                xQueuePeek
                0x00403762                xQueueReceiveFromISR
                0x00403804                xQueuePeekFromISR
                0x00403860                uxQueueMessagesWaiting
                0x0040387c                uxQueueSpacesAvailable
                0x0040389c                uxQueueMessagesWaitingFromISR
                0x004038a6                uxQueueGetQueueNumber
                0x004038aa                vQueueSetQueueNumber
                0x004038ae                ucQueueGetQueueType
                0x004038b4                uxQueueGetQueueItemSize
                0x004038b8                uxQueueGetQueueLength
                0x004038bc                xQueueIsQueueEmptyFromISR
                0x004038cc                xQueueIsQueueFullFromISR
                0x004038de                vQueueAddToRegistry
                0x0040391c                pcQueueGetName
                0x00403944                vQueueUnregisterQueue
                0x00403970                vQueueDelete
                0x00403988                vQueueWaitForMessageRestricted
 .text          0x004039d0      0x6d6 ./FreeRTOS/Source/stream_buffer.o
                0x00403b44                xStreamBufferGenericCreate
                0x00403baa                vStreamBufferDelete
                0x00403bc2                xStreamBufferReset
                0x00403c00                xStreamBufferResetFromISR
                0x00403c5a                xStreamBufferSetTriggerLevel
                0x00403c74                xStreamBufferSpacesAvailable
                0x00403c98                xStreamBufferBytesAvailable
                0x00403ca0                xStreamBufferSend
                0x00403d94                xStreamBufferSendFromISR
                0x00403e24                xStreamBufferReceive
                0x00403ede                xStreamBufferNextMessageLengthBytes
                0x00403f14                xStreamBufferReceiveFromISR
                0x00403f98                xStreamBufferIsEmpty
                0x00403faa                xStreamBufferIsFull
                0x00403fcc                xStreamBufferSendCompletedFromISR
                0x0040401c                xStreamBufferReceiveCompletedFromISR
                0x0040406c                uxStreamBufferGetStreamBufferNotificationIndex
                0x00404076                vStreamBufferSetStreamBufferNotificationIndex
                0x00404096                uxStreamBufferGetStreamBufferNumber
                0x0040409a                vStreamBufferSetStreamBufferNumber
                0x0040409e                ucStreamBufferGetStreamBufferType
 *fill*         0x004040a6        0x2 
 .text          0x004040a8     0x1970 ./FreeRTOS/Source/tasks.o
                0x00404210                xTaskCreate
                0x004043a0                vTaskDelete
                0x0040443c                eTaskGetState
                0x004044b4                uxTaskPriorityGet
                0x004044d4                uxTaskPriorityGetFromISR
                0x00404514                uxTaskBasePriorityGet
                0x00404534                uxTaskBasePriorityGetFromISR
                0x00404574                vTaskPrioritySet
                0x00404644                vTaskResume
                0x004046c8                xTaskResumeFromISR
                0x0040477c                vTaskStartScheduler
                0x00404804                vTaskEndScheduler
                0x0040484c                vTaskSuspendAll
                0x00404860                xTaskGetTickCount
                0x0040486c                xTaskGetTickCountFromISR
                0x0040487c                uxTaskGetNumberOfTasks
                0x00404888                pcTaskGetName
                0x0040489c                xTaskIncrementTick
                0x004049d8                xTaskResumeAll
                0x00404ae8                xTaskDelayUntil
                0x00404b58                vTaskDelay
                0x00404b98                xTaskGetHandle
                0x00404c0c                xTaskCatchUpTicks
                0x00404c40                xTaskAbortDelay
                0x00404ccc                vTaskSwitchContext
                0x00404d5c                vTaskSuspend
                0x00404df4                vTaskPlaceOnEventList
                0x00404e18                vTaskPlaceOnUnorderedEventList
                0x00404e68                vTaskPlaceOnEventListRestricted
                0x00404eb4                xTaskRemoveFromEventList
                0x00404f6c                vTaskRemoveFromUnorderedEventList
                0x00405008                vTaskSetTimeOutState
                0x00405030                vTaskInternalSetTimeOutState
                0x00405044                xTaskCheckForTimeOut
                0x004050b0                vTaskMissedYield
                0x004050c0                uxTaskGetTaskNumber
                0x004050c6                vTaskSetTaskNumber
                0x004050cc                vTaskGetInfo
                0x0040519e                uxTaskGetSystemState
                0x0040523c                uxTaskGetStackHighWaterMark
                0x00405258                xTaskGetCurrentTaskHandle
                0x00405264                xTaskGetCurrentTaskHandleForCore
                0x00405274                xTaskGetSchedulerState
                0x00405294                xTaskPriorityInherit
                0x00405324                xTaskPriorityDisinherit
                0x0040539c                vTaskPriorityDisinheritAfterTimeout
                0x00405428                vTaskListTasks
                0x00405510                uxTaskResetEventItemValue
                0x00405528                pvTaskIncrementMutexHeldCount
                0x0040553c                ulTaskGenericNotifyTake
                0x004055c0                xTaskGenericNotifyWait
                0x0040566c                xTaskGenericNotify
                0x00405750                xTaskGenericNotifyFromISR
                0x00405888                vTaskGenericNotifyGiveFromISR
                0x00405984                xTaskGenericNotifyStateClear
                0x004059b8                ulTaskGenericNotifyValueClear
                0x004059e8                vTaskResetState
 .text          0x00405a18      0x4cc ./FreeRTOS/Source/timers.o
                0x00405ca0                xTimerCreateTimerTask
                0x00405cdc                xTimerCreate
                0x00405d28                xTimerGenericCommandFromTask
                0x00405d68                xTimerGenericCommandFromISR
                0x00405d9c                xTimerGetTimerDaemonTaskHandle
                0x00405dac                xTimerGetPeriod
                0x00405db6                vTimerSetReloadMode
                0x00405de2                xTimerGetReloadMode
                0x00405e04                uxTimerGetReloadMode
                0x00405e08                xTimerGetExpiryTime
                0x00405e12                pcTimerGetName
                0x00405e1c                xTimerIsTimerActive
                0x00405e3e                pvTimerGetTimerID
                0x00405e5a                vTimerSetTimerID
                0x00405e74                xTimerPendFunctionCallFromISR
                0x00405e9c                xTimerPendFunctionCall
                0x00405ecc                uxTimerGetTimerNumber
                0x00405ed0                vTimerSetTimerNumber
                0x00405ed4                vTimerResetState
 .text          0x00405ee4      0x344 ./FreeRTOS/Source/portable/GCC/ARM_CM7/r0p1/port.o
                0x00405f20                SVC_Handler
                0x00405f9c                PendSV_Handler
                0x00406010                pxPortInitialiseStack
                0x00406034                vPortEndScheduler
                0x00406048                vPortEnterCritical
                0x00406088                vPortExitCritical
                0x004060a8                SysTick_Handler
                0x004060e6                vPortSetupTimerInterrupt
                0x00406100                xPortStartScheduler
                0x004061f0                vPortValidateInterruptPriority
 .text          0x00406228       0x90 ./FreeRTOS/Source/portable/MemMang/heap_1.o
                0x00406228                pvPortMalloc
                0x00406288                vPortFree
                0x00406290                vPortInitialiseBlocks
                0x0040629c                xPortGetFreeHeapSize
                0x004062ac                vPortHeapResetState
 .text          0x004062b8        0x0 ./Project_Settings/Startup_Code/Vector_Table.o
 .text          0x004062b8        0x0 ./Project_Settings/Startup_Code/exceptions.o
 .text          0x004062b8        0x0 ./Project_Settings/Startup_Code/nvic.o
 .text          0x004062b8        0x0 ./Project_Settings/Startup_Code/startup.o
 .text          0x004062b8        0x0 ./Project_Settings/Startup_Code/startup_cm7.o
 .text          0x004062b8        0x0 ./Project_Settings/Startup_Code/system.o
 .text          0x004062b8        0x0 ./RTD/src/Clock_Ip.o
 .text          0x004062b8        0x0 ./RTD/src/Clock_Ip_Data.o
 .text          0x004062b8        0x0 ./RTD/src/Clock_Ip_Divider.o
 .text          0x004062b8       0x28 ./RTD/src/Clock_Ip_DividerTrigger.o
                0x004062b8                Clock_Ip_SetFerd_TrustedCall
                0x004062cc                Clock_Ip_ResetFerd_TrustedCall
 .text          0x004062e0        0x0 ./RTD/src/Clock_Ip_ExtOsc.o
 .text          0x004062e0        0x0 ./RTD/src/Clock_Ip_FracDiv.o
 .text          0x004062e0        0x0 ./RTD/src/Clock_Ip_Frequency.o
 .text          0x004062e0        0x0 ./RTD/src/Clock_Ip_Gate.o
 .text          0x004062e0        0x0 ./RTD/src/Clock_Ip_IntOsc.o
 .text          0x004062e0        0x0 ./RTD/src/Clock_Ip_Irq.o
 .text          0x004062e0        0x0 ./RTD/src/Clock_Ip_Monitor.o
 .text          0x004062e0        0x0 ./RTD/src/Clock_Ip_Pll.o
 .text          0x004062e0        0x0 ./RTD/src/Clock_Ip_ProgFreqSwitch.o
 .text          0x004062e0        0x0 ./RTD/src/Clock_Ip_Selector.o
 .text          0x004062e0        0x0 ./RTD/src/Clock_Ip_Specific.o
 .text          0x004062e0        0x0 ./RTD/src/Det.o
 .text          0x004062e0        0x0 ./RTD/src/Det_stub.o
 .text          0x004062e0       0x14 ./RTD/src/FlexCAN_Ip.o
 .text          0x004062f4       0x14 ./RTD/src/FlexCAN_Ip_HwAccess.o
 .text          0x00406308        0x0 ./RTD/src/FlexCAN_Ip_Irq.o
 .text          0x00406308        0x0 ./RTD/src/Igf_Port_Ip.o
 .text          0x00406308       0x14 ./RTD/src/IntCtrl_Ip.o
 .text          0x0040631c        0x0 ./RTD/src/Lpi2c_Ip.o
 .text          0x0040631c        0x0 ./RTD/src/Lpi2c_Ip_Irq.o
 .text          0x0040631c       0x14 ./RTD/src/Lpuart_Uart_Ip.o
 .text          0x00406330        0x0 ./RTD/src/Lpuart_Uart_Ip_Irq.o
 .text          0x00406330        0x0 ./RTD/src/OsIf_Interrupts.o
 .text          0x00406330        0x0 ./RTD/src/OsIf_Software_Semaphore.o
 .text          0x00406330        0x0 ./RTD/src/OsIf_Timer.o
 .text          0x00406330        0x0 ./RTD/src/OsIf_Timer_System.o
 .text          0x00406330        0x0 ./RTD/src/OsIf_Timer_System_Internal_Systick.o
 .text          0x00406330        0x6 ./RTD/src/SchM_BaseNXP.o
                0x00406330                BaseNXP_schm_read_msr
 .text          0x00406336        0x6 ./RTD/src/SchM_Can_43_FLEXCAN.o
                0x00406336                Can_43_FLEXCAN_schm_read_msr
 .text          0x0040633c        0x6 ./RTD/src/SchM_Dio.o
                0x0040633c                Dio_schm_read_msr
 .text          0x00406342        0x6 ./RTD/src/SchM_I2c.o
                0x00406342                I2c_schm_read_msr
 .text          0x00406348        0x6 ./RTD/src/SchM_Mcu.o
                0x00406348                Mcu_schm_read_msr
 .text          0x0040634e        0x6 ./RTD/src/SchM_Port.o
                0x0040634e                Port_schm_read_msr
 .text          0x00406354        0x6 ./RTD/src/SchM_Uart.o
                0x00406354                Uart_schm_read_msr
 .text          0x0040635a       0x14 ./RTD/src/Siul2_Dio_Ip.o
 .text          0x0040636e       0x14 ./RTD/src/Siul2_Port_Ip.o
 .text          0x00406382        0x0 ./RTD/src/Tspc_Port_Ip.o
 .text          0x00406382        0x0 ./board/Siul2_Port_Ip_Cfg.o
 .text          0x00406382        0x0 ./board/Tspc_Port_Ip_Cfg.o
 .text          0x00406382        0x0 ./generate/src/Clock_Ip_Cfg.o
 .text          0x00406382        0x0 ./generate/src/FlexCAN_Ip_Sa_PBcfg.o
 .text          0x00406382        0x0 ./generate/src/Igf_Port_Ip_Cfg.o
 .text          0x00406382        0x0 ./generate/src/IntCtrl_Ip_Cfg.o
 .text          0x00406382        0x0 ./generate/src/Lpi2c_Ip_Sa_PBcfg.o
 .text          0x00406382        0x0 ./generate/src/Lpuart_Uart_Ip_Sa_PBcfg.o
 .text          0x00406382        0x0 ./generate/src/OsIf_Cfg.o
 *fill*         0x00406382        0x2 
 .text          0x00406384      0x460 ./src/main.o
                0x004065e4                Flexcan0_0_handler
                0x004065ea                Flexcan0_1_handler
                0x004065f6                Flexcan1_0_handler
                0x004065fc                Flexcan1_1_handler
                0x00406608                Flexcan2_0_handler
                0x0040660e                Flexcan2_1_handler
                0x0040661a                Flexcan3_0_handler
                0x00406620                Flexcan3_1_handler
                0x0040662c                Flexcan4_0_handler
                0x00406632                Flexcan4_1_handler
                0x0040663e                Flexcan5_0_handler
                0x00406644                Flexcan5_1_handler
                0x00406650                I2c0_handler
                0x00406656                Flexcan_callback
                0x00406714                Flexcan_callback_err
                0x00406724                EPS_callback
                0x004067a4                EPS_callback_err
                0x004067a8                vApplicationStackOverflowHook
                0x004067c6                vApplicationMallocFailedHook
 .text          0x004067e4        0x0 c:/nxp/s32ds.3.6.5/s32ds/build_tools/gcc_v10.2/gcc-10.2-arm32-eabi/bin/../lib/gcc/arm-none-eabi/10.2.0/../../../../arm-none-eabi/lib/thumb/v7e-m+fp/hard\libc_nano.a(lib_a-memcpy-stub.o)
 .text          0x004067e4        0x0 c:/nxp/s32ds.3.6.5/s32ds/build_tools/gcc_v10.2/gcc-10.2-arm32-eabi/bin/../lib/gcc/arm-none-eabi/10.2.0/../../../../arm-none-eabi/lib/thumb/v7e-m+fp/hard\libc_nano.a(lib_a-memmove.o)
 .text          0x004067e4        0x0 c:/nxp/s32ds.3.6.5/s32ds/build_tools/gcc_v10.2/gcc-10.2-arm32-eabi/bin/../lib/gcc/arm-none-eabi/10.2.0/../../../../arm-none-eabi/lib/thumb/v7e-m+fp/hard\libc_nano.a(lib_a-memset.o)
 .text          0x004067e4        0x0 c:/nxp/s32ds.3.6.5/s32ds/build_tools/gcc_v10.2/gcc-10.2-arm32-eabi/bin/../lib/gcc/arm-none-eabi/10.2.0/../../../../arm-none-eabi/lib/thumb/v7e-m+fp/hard\libc_nano.a(lib_a-snprintf.o)
 .text          0x004067e4        0x0 c:/nxp/s32ds.3.6.5/s32ds/build_tools/gcc_v10.2/gcc-10.2-arm32-eabi/bin/../lib/gcc/arm-none-eabi/10.2.0/../../../../arm-none-eabi/lib/thumb/v7e-m+fp/hard\libc_nano.a(lib_a-strcpy.o)
 .text          0x004067e4       0x10 c:/nxp/s32ds.3.6.5/s32ds/build_tools/gcc_v10.2/gcc-10.2-arm32-eabi/bin/../lib/gcc/arm-none-eabi/10.2.0/../../../../arm-none-eabi/lib/thumb/v7e-m+fp/hard\libc_nano.a(lib_a-strlen.o)
                0x004067e4                strlen
 .text          0x004067f4        0x0 c:/nxp/s32ds.3.6.5/s32ds/build_tools/gcc_v10.2/gcc-10.2-arm32-eabi/bin/../lib/gcc/arm-none-eabi/10.2.0/../../../../arm-none-eabi/lib/thumb/v7e-m+fp/hard\libc_nano.a(lib_a-impure.o)
 .text          0x004067f4        0x0 c:/nxp/s32ds.3.6.5/s32ds/build_tools/gcc_v10.2/gcc-10.2-arm32-eabi/bin/../lib/gcc/arm-none-eabi/10.2.0/../../../../arm-none-eabi/lib/thumb/v7e-m+fp/hard\libc_nano.a(lib_a-nano-svfprintf.o)
 .text          0x004067f4        0x0 c:/nxp/s32ds.3.6.5/s32ds/build_tools/gcc_v10.2/gcc-10.2-arm32-eabi/bin/../lib/gcc/arm-none-eabi/10.2.0/../../../../arm-none-eabi/lib/thumb/v7e-m+fp/hard\libc_nano.a(lib_a-nano-vfprintf_i.o)
 *fill*         0x004067f4        0xc 
 .text          0x00406800       0xa0 c:/nxp/s32ds.3.6.5/s32ds/build_tools/gcc_v10.2/gcc-10.2-arm32-eabi/bin/../lib/gcc/arm-none-eabi/10.2.0/../../../../arm-none-eabi/lib/thumb/v7e-m+fp/hard\libc_nano.a(lib_a-memchr.o)
                0x00406800                memchr
 .text          0x004068a0        0x0 c:/nxp/s32ds.3.6.5/s32ds/build_tools/gcc_v10.2/gcc-10.2-arm32-eabi/bin/../lib/gcc/arm-none-eabi/10.2.0/../../../../arm-none-eabi/lib/thumb/v7e-m+fp/hard\libc_nano.a(lib_a-nano-freer.o)
 .text          0x004068a0        0x0 c:/nxp/s32ds.3.6.5/s32ds/build_tools/gcc_v10.2/gcc-10.2-arm32-eabi/bin/../lib/gcc/arm-none-eabi/10.2.0/../../../../arm-none-eabi/lib/thumb/v7e-m+fp/hard\libc_nano.a(lib_a-nano-mallocr.o)
 .text          0x004068a0        0x0 c:/nxp/s32ds.3.6.5/s32ds/build_tools/gcc_v10.2/gcc-10.2-arm32-eabi/bin/../lib/gcc/arm-none-eabi/10.2.0/../../../../arm-none-eabi/lib/thumb/v7e-m+fp/hard\libc_nano.a(lib_a-nano-reallocr.o)
 .text          0x004068a0        0x0 c:/nxp/s32ds.3.6.5/s32ds/build_tools/gcc_v10.2/gcc-10.2-arm32-eabi/bin/../lib/gcc/arm-none-eabi/10.2.0/../../../../arm-none-eabi/lib/thumb/v7e-m+fp/hard\libc_nano.a(lib_a-sbrkr.o)
 .text          0x004068a0        0x0 c:/nxp/s32ds.3.6.5/s32ds/build_tools/gcc_v10.2/gcc-10.2-arm32-eabi/bin/../lib/gcc/arm-none-eabi/10.2.0/../../../../arm-none-eabi/lib/thumb/v7e-m+fp/hard\libc_nano.a(lib_a-mlock.o)
 .text          0x004068a0        0x0 c:/nxp/s32ds.3.6.5/s32ds/build_tools/gcc_v10.2/gcc-10.2-arm32-eabi/bin/../lib/gcc/arm-none-eabi/10.2.0/../../../../arm-none-eabi/lib/thumb/v7e-m+fp/hard\libc_nano.a(lib_a-nano-msizer.o)
 .text          0x004068a0        0x0 c:/nxp/s32ds.3.6.5/s32ds/build_tools/gcc_v10.2/gcc-10.2-arm32-eabi/bin/../lib/gcc/arm-none-eabi/10.2.0/../../../../arm-none-eabi/lib/thumb/v7e-m+fp/hard\libc_nano.a(lib_a-reent.o)
 .text          0x004068a0       0xa0 c:/nxp/s32ds.3.6.5/s32ds/build_tools/gcc_v10.2/gcc-10.2-arm32-eabi/bin/../lib/gcc/arm-none-eabi/10.2.0/thumb/v7e-m+fp/hard\libgcc.a(_aeabi_ldivmod.o)
                0x004068a0                __aeabi_ldivmod
 .text          0x00406940       0x30 c:/nxp/s32ds.3.6.5/s32ds/build_tools/gcc_v10.2/gcc-10.2-arm32-eabi/bin/../lib/gcc/arm-none-eabi/10.2.0/thumb/v7e-m+fp/hard\libgcc.a(_aeabi_uldivmod.o)
                0x00406940                __aeabi_uldivmod
 .text          0x00406970      0x2d8 c:/nxp/s32ds.3.6.5/s32ds/build_tools/gcc_v10.2/gcc-10.2-arm32-eabi/bin/../lib/gcc/arm-none-eabi/10.2.0/thumb/v7e-m+fp/hard\libgcc.a(_udivmoddi4.o)
                0x00406970                __udivmoddi4
 .text          0x00406c48        0x4 c:/nxp/s32ds.3.6.5/s32ds/build_tools/gcc_v10.2/gcc-10.2-arm32-eabi/bin/../lib/gcc/arm-none-eabi/10.2.0/thumb/v7e-m+fp/hard\libgcc.a(_dvmd_tls.o)
                0x00406c48                __aeabi_idiv0
                0x00406c48                __aeabi_ldiv0
 .text          0x00406c4c        0x0 c:/nxp/s32ds.3.6.5/s32ds/build_tools/gcc_v10.2/gcc-10.2-arm32-eabi/bin/../lib/gcc/arm-none-eabi/10.2.0/../../../../arm-none-eabi/lib/thumb/v7e-m+fp/hard\libnosys.a(sbrk.o)
 *(.text*)
 .text.memcpy   0x00406c4c       0x1c c:/nxp/s32ds.3.6.5/s32ds/build_tools/gcc_v10.2/gcc-10.2-arm32-eabi/bin/../lib/gcc/arm-none-eabi/10.2.0/../../../../arm-none-eabi/lib/thumb/v7e-m+fp/hard\libc_nano.a(lib_a-memcpy-stub.o)
                0x00406c4c                memcpy
 .text.memmove  0x00406c68       0x34 c:/nxp/s32ds.3.6.5/s32ds/build_tools/gcc_v10.2/gcc-10.2-arm32-eabi/bin/../lib/gcc/arm-none-eabi/10.2.0/../../../../arm-none-eabi/lib/thumb/v7e-m+fp/hard\libc_nano.a(lib_a-memmove.o)
                0x00406c68                memmove
 .text.memset   0x00406c9c       0x10 c:/nxp/s32ds.3.6.5/s32ds/build_tools/gcc_v10.2/gcc-10.2-arm32-eabi/bin/../lib/gcc/arm-none-eabi/10.2.0/../../../../arm-none-eabi/lib/thumb/v7e-m+fp/hard\libc_nano.a(lib_a-memset.o)
                0x00406c9c                memset
 .text._snprintf_r
                0x00406cac       0x5e c:/nxp/s32ds.3.6.5/s32ds/build_tools/gcc_v10.2/gcc-10.2-arm32-eabi/bin/../lib/gcc/arm-none-eabi/10.2.0/../../../../arm-none-eabi/lib/thumb/v7e-m+fp/hard\libc_nano.a(lib_a-snprintf.o)
                0x00406cac                _snprintf_r
                0x00406cac                _sniprintf_r
 *fill*         0x00406d0a        0x2 
 .text.snprintf
                0x00406d0c       0x68 c:/nxp/s32ds.3.6.5/s32ds/build_tools/gcc_v10.2/gcc-10.2-arm32-eabi/bin/../lib/gcc/arm-none-eabi/10.2.0/../../../../arm-none-eabi/lib/thumb/v7e-m+fp/hard\libc_nano.a(lib_a-snprintf.o)
                0x00406d0c                sniprintf
                0x00406d0c                snprintf
 .text.strcpy   0x00406d74       0x10 c:/nxp/s32ds.3.6.5/s32ds/build_tools/gcc_v10.2/gcc-10.2-arm32-eabi/bin/../lib/gcc/arm-none-eabi/10.2.0/../../../../arm-none-eabi/lib/thumb/v7e-m+fp/hard\libc_nano.a(lib_a-strcpy.o)
                0x00406d74                strcpy
 .text.__ssputs_r
                0x00406d84       0xb6 c:/nxp/s32ds.3.6.5/s32ds/build_tools/gcc_v10.2/gcc-10.2-arm32-eabi/bin/../lib/gcc/arm-none-eabi/10.2.0/../../../../arm-none-eabi/lib/thumb/v7e-m+fp/hard\libc_nano.a(lib_a-nano-svfprintf.o)
                0x00406d84                __ssputs_r
 .text.__ssprint_r
                0x00406e3a       0xf6 c:/nxp/s32ds.3.6.5/s32ds/build_tools/gcc_v10.2/gcc-10.2-arm32-eabi/bin/../lib/gcc/arm-none-eabi/10.2.0/../../../../arm-none-eabi/lib/thumb/v7e-m+fp/hard\libc_nano.a(lib_a-nano-svfprintf.o)
                0x00406e3a                __ssprint_r
 .text._svfprintf_r
                0x00406f30      0x200 c:/nxp/s32ds.3.6.5/s32ds/build_tools/gcc_v10.2/gcc-10.2-arm32-eabi/bin/../lib/gcc/arm-none-eabi/10.2.0/../../../../arm-none-eabi/lib/thumb/v7e-m+fp/hard\libc_nano.a(lib_a-nano-svfprintf.o)
                0x00406f30                _svfiprintf_r
                0x00406f30                _svfprintf_r
 .text._printf_common
                0x00407130       0xda c:/nxp/s32ds.3.6.5/s32ds/build_tools/gcc_v10.2/gcc-10.2-arm32-eabi/bin/../lib/gcc/arm-none-eabi/10.2.0/../../../../arm-none-eabi/lib/thumb/v7e-m+fp/hard\libc_nano.a(lib_a-nano-vfprintf_i.o)
                0x00407130                _printf_common
 *fill*         0x0040720a        0x2 
 .text._printf_i
                0x0040720c      0x24c c:/nxp/s32ds.3.6.5/s32ds/build_tools/gcc_v10.2/gcc-10.2-arm32-eabi/bin/../lib/gcc/arm-none-eabi/10.2.0/../../../../arm-none-eabi/lib/thumb/v7e-m+fp/hard\libc_nano.a(lib_a-nano-vfprintf_i.o)
                0x0040720c                _printf_i
 .text._free_r  0x00407458       0x98 c:/nxp/s32ds.3.6.5/s32ds/build_tools/gcc_v10.2/gcc-10.2-arm32-eabi/bin/../lib/gcc/arm-none-eabi/10.2.0/../../../../arm-none-eabi/lib/thumb/v7e-m+fp/hard\libc_nano.a(lib_a-nano-freer.o)
                0x00407458                _free_r
 .text._malloc_r
                0x004074f0       0xb4 c:/nxp/s32ds.3.6.5/s32ds/build_tools/gcc_v10.2/gcc-10.2-arm32-eabi/bin/../lib/gcc/arm-none-eabi/10.2.0/../../../../arm-none-eabi/lib/thumb/v7e-m+fp/hard\libc_nano.a(lib_a-nano-mallocr.o)
                0x004074f0                _malloc_r
 .text._realloc_r
                0x004075a4       0x4c c:/nxp/s32ds.3.6.5/s32ds/build_tools/gcc_v10.2/gcc-10.2-arm32-eabi/bin/../lib/gcc/arm-none-eabi/10.2.0/../../../../arm-none-eabi/lib/thumb/v7e-m+fp/hard\libc_nano.a(lib_a-nano-reallocr.o)
                0x004075a4                _realloc_r
 .text._sbrk_r  0x004075f0       0x20 c:/nxp/s32ds.3.6.5/s32ds/build_tools/gcc_v10.2/gcc-10.2-arm32-eabi/bin/../lib/gcc/arm-none-eabi/10.2.0/../../../../arm-none-eabi/lib/thumb/v7e-m+fp/hard\libc_nano.a(lib_a-sbrkr.o)
                0x004075f0                _sbrk_r
 .text.__malloc_lock
                0x00407610        0x2 c:/nxp/s32ds.3.6.5/s32ds/build_tools/gcc_v10.2/gcc-10.2-arm32-eabi/bin/../lib/gcc/arm-none-eabi/10.2.0/../../../../arm-none-eabi/lib/thumb/v7e-m+fp/hard\libc_nano.a(lib_a-mlock.o)
                0x00407610                __malloc_lock
 .text.__malloc_unlock
                0x00407612        0x2 c:/nxp/s32ds.3.6.5/s32ds/build_tools/gcc_v10.2/gcc-10.2-arm32-eabi/bin/../lib/gcc/arm-none-eabi/10.2.0/../../../../arm-none-eabi/lib/thumb/v7e-m+fp/hard\libc_nano.a(lib_a-mlock.o)
                0x00407612                __malloc_unlock
 .text._malloc_usable_size_r
                0x00407614       0x10 c:/nxp/s32ds.3.6.5/s32ds/build_tools/gcc_v10.2/gcc-10.2-arm32-eabi/bin/../lib/gcc/arm-none-eabi/10.2.0/../../../../arm-none-eabi/lib/thumb/v7e-m+fp/hard\libc_nano.a(lib_a-nano-msizer.o)
                0x00407614                _malloc_usable_size_r
 .text.cleanup_glue
                0x00407624       0x1a c:/nxp/s32ds.3.6.5/s32ds/build_tools/gcc_v10.2/gcc-10.2-arm32-eabi/bin/../lib/gcc/arm-none-eabi/10.2.0/../../../../arm-none-eabi/lib/thumb/v7e-m+fp/hard\libc_nano.a(lib_a-reent.o)
                0x00407624                cleanup_glue
 *fill*         0x0040763e        0x2 
 .text._reclaim_reent
                0x00407640       0xb8 c:/nxp/s32ds.3.6.5/s32ds/build_tools/gcc_v10.2/gcc-10.2-arm32-eabi/bin/../lib/gcc/arm-none-eabi/10.2.0/../../../../arm-none-eabi/lib/thumb/v7e-m+fp/hard\libc_nano.a(lib_a-reent.o)
                0x00407640                _reclaim_reent
 .text._sbrk    0x004076f8       0x1c c:/nxp/s32ds.3.6.5/s32ds/build_tools/gcc_v10.2/gcc-10.2-arm32-eabi/bin/../lib/gcc/arm-none-eabi/10.2.0/../../../../arm-none-eabi/lib/thumb/v7e-m+fp/hard\libnosys.a(sbrk.o)
                0x004076f8                _sbrk
                0x00407714                . = ALIGN (0x4)
 *(.mcal_text)
 .mcal_text     0x00407714       0x14 ./Project_Settings/Startup_Code/exceptions.o
                0x00407714                NMI_Handler
                0x00407716                HardFault_Handler
                0x00407718                MemManage_Handler
                0x0040771a                BusFault_Handler
                0x0040771c                UsageFault_Handler
                0x00407720                DebugMon_Handler
                0x00407726                undefined_handler
 .mcal_text     0x00407728       0x52 ./Project_Settings/Startup_Code/nvic.o
                0x00407728                NVIC_SetPriorityGrouping
                0x0040773c                NVIC_EnableIRQ
                0x00407754                NVIC_DisableIRQ
                0x0040776c                NVIC_SetPriority
 *fill*         0x0040777a        0x2 
 .mcal_text     0x0040777c       0xe8 ./Project_Settings/Startup_Code/startup.o
                0x0040777c                init_data_bss
                0x00407808                init_data_bss_core2
 .mcal_text     0x00407864      0x338 ./Project_Settings/Startup_Code/system.o
                0x00407864                startup_go_to_user_mode
                0x00407866                default_interrupt_routine
                0x00407868                Sys_GetCoreID
                0x00407878                SystemInit
                0x00407b80                Enable_FPU
 .mcal_text     0x00407b9c      0x884 ./RTD/src/Clock_Ip.o
                0x00407b9e                Clock_Ip_InitClock
                0x00408144                Clock_Ip_GetPllStatus
                0x004081e8                Clock_Ip_DistributePll
                0x004082d4                Clock_Ip_Init
                0x004082f8                Clock_Ip_DisableClockMonitor
                0x0040831c                Clock_Ip_InstallNotificationsCallback
                0x00408328                Clock_Ip_DisableModuleClock
                0x00408350                Clock_Ip_EnableModuleClock
                0x00408378                Clock_Ip_DisableFircInStandby
                0x00408390                Clock_Ip_EnableFircInStandby
                0x004083a8                Clock_Ip_DisableSircInStandby
                0x004083c0                Clock_Ip_EnableSircInStandby
                0x004083d8                Clock_Ip_ReportClockErrors
                0x004083e4                Clock_Ip_StartTimeout
                0x00408404                Clock_Ip_TimeoutExpired
 .mcal_text     0x00408420      0x1e4 ./RTD/src/Clock_Ip_Divider.o
 .mcal_text     0x00408604       0xb0 ./RTD/src/Clock_Ip_DividerTrigger.o
 .mcal_text     0x004086b4      0x234 ./RTD/src/Clock_Ip_ExtOsc.o
 .mcal_text     0x004088e8        0x6 ./RTD/src/Clock_Ip_FracDiv.o
 .mcal_text     0x004088ee        0x2 ./RTD/src/Clock_Ip_Frequency.o
                0x004088ee                Clock_Ip_SetExternalSignalFrequency
 .mcal_text     0x004088f0      0x150 ./RTD/src/Clock_Ip_Gate.o
 .mcal_text     0x00408a40      0x104 ./RTD/src/Clock_Ip_IntOsc.o
 .mcal_text     0x00408b44        0x4 ./RTD/src/Clock_Ip_Irq.o
                0x00408b44                Mcu_Cmu_ClockFail_IRQHandler
 .mcal_text     0x00408b48      0x288 ./RTD/src/Clock_Ip_Monitor.o
                0x00408d88                Clock_Ip_CMU_ClockFailInt
 .mcal_text     0x00408dd0      0x184 ./RTD/src/Clock_Ip_Pll.o
 .mcal_text     0x00408f54      0x1f0 ./RTD/src/Clock_Ip_ProgFreqSwitch.o
 .mcal_text     0x00409144      0x3dc ./RTD/src/Clock_Ip_Selector.o
                0x004094f4                Clock_Ip_SetRtcRtccClksel_TrustedCall
 .mcal_text     0x00409520      0x344 ./RTD/src/Clock_Ip_Specific.o
                0x00409520                Clock_Ip_SetFlashWaitStates
                0x00409524                Clock_Ip_McMeEnterKey
                0x00409538                Clock_Ip_PowerClockIpModules
                0x004097b8                DisableFircInStandbyMode
                0x004097c8                EnableFircInStandbyMode
                0x004097e4                DisableSircInStandbyMode
                0x004097f4                EnableSircInStandbyMode
                0x00409810                Clock_Ip_Command
                0x00409860                Clock_Ip_SetRamWaitStates
 .mcal_text     0x00409864      0x504 ./RTD/src/Det.o
                0x00409864                Det_Start
                0x00409866                Det_InitDataNode
                0x004098ec                Det_LinkNodeToHead
                0x0040991c                Det_DelAllNodesSameId
                0x00409a1a                Det_FreeNodesInLinkedList
                0x00409a50                Det_Init
                0x00409c48                Det_ReportError
                0x00409ca8                Det_ReportRuntimeError
                0x00409d08                Det_ReportTransientFault
 .mcal_text     0x00409d68      0x1e0 ./RTD/src/Det_stub.o
                0x00409d68                Det_TestLastReportError
                0x00409db8                Det_TestLastReportRuntimeError
                0x00409e08                Det_TestLastReportTransientFault
                0x00409e58                Det_TestNoError
                0x00409ea8                Det_TestNoRuntimeError
                0x00409ef8                Det_TestNoTransientFault
 .mcal_text     0x00409f48     0x2100 ./RTD/src/FlexCAN_Ip.o
                0x0040a6b8                FlexCAN_Ip_Init_Privileged
                0x0040a890                FlexCAN_Ip_Send
                0x0040a908                FlexCAN_Ip_ConfigRxMb
                0x0040a99c                FlexCAN_Ip_Receive
                0x0040a9ec                FlexCAN_Ip_ReceiveBlocking
                0x0040aadc                FlexCAN_Ip_RxFifo
                0x0040ab18                FlexCAN_Ip_RxFifoBlocking
                0x0040acd0                FlexCAN_Ip_ConfigRxFifo_Privileged
                0x0040ad4c                FlexCAN_Ip_ConfigEnhancedRxFifo_Privileged
                0x0040adc0                FlexCAN_Ip_ConfigRemoteResponseMb
                0x0040ae88                FlexCAN_Ip_GetTransferStatus
                0x0040aed4                FlexCAN_IRQHandler
                0x0040b070                FlexCAN_Ip_ClearErrorStatus
                0x0040b090                FlexCAN_Ip_GetErrorStatus
                0x0040b0b0                FlexCAN_Ip_GetControllerTxErrorCounter
                0x0040b0d0                FlexCAN_Ip_GetControllerRxErrorCounter
                0x0040b0f4                FlexCAN_Busoff_Error_IRQHandler
                0x0040b1ac                FlexCAN_Ip_SendBlocking
                0x0040b2dc                FlexCAN_Ip_SetRxMbGlobalMask_Privileged
                0x0040b334                FlexCAN_Ip_EnterFreezeMode_Privileged
                0x0040b344                FlexCAN_Ip_ExitFreezeMode_Privileged
                0x0040b354                FlexCAN_Ip_SetRxIndividualMask_Privileged
                0x0040b3d0                FlexCAN_Ip_SetRxFifoGlobalMask_Privileged
                0x0040b428                FlexCAN_Ip_Deinit_Privileged
                0x0040b530                FlexCAN_Ip_MainFunctionRead
                0x0040b5c8                FlexCAN_Ip_MainFunctionBusOff_Privileged
                0x0040b5fc                FlexCAN_Ip_MainFunctionWrite
                0x0040b640                FlexCAN_Ip_GetStopMode
                0x0040b658                FlexCAN_Ip_GetStartMode
                0x0040b670                FlexCAN_Ip_SetStartMode_Privileged
                0x0040b6a4                FlexCAN_Ip_SetStopMode_Privileged
                0x0040b6d4                FlexCAN_Ip_SetRxMaskType_Privileged
                0x0040b740                FlexCAN_Ip_SetBitrate_Privileged
                0x0040b7e4                FlexCAN_Ip_GetBitrate
                0x0040b898                FlexCAN_Ip_ClearTDCFail
                0x0040b8e0                FlexCAN_Ip_GetTDCFail
                0x0040b914                FlexCAN_Ip_GetTDCValue
                0x0040b948                FlexCAN_Ip_SetBitrateCbt_Privileged
                0x0040ba14                FlexCAN_Ip_GetBitrateFD
                0x0040baac                FlexCAN_Ip_SetTDCOffset_Privileged
                0x0040bb58                FlexCAN_Ip_SetTxArbitrationStartDelay_Privileged
                0x0040bbc4                FlexCAN_Ip_GetBuffStatusFlag
                0x0040bbf8                FlexCAN_Ip_ClearBuffStatusFlag
                0x0040bc28                FlexCAN_Ip_EnableInterrupts_Privileged
                0x0040bc7c                FlexCAN_Ip_DisableInterrupts_Privileged
                0x0040bcc8                FlexCAN_Ip_SetErrorInt_Privileged
                0x0040bd60                FlexCAN_Ip_AbortTransfer
                0x0040be98                FlexCAN_Ip_SetRxMb14Mask_Privileged
                0x0040bef0                FlexCAN_Ip_SetRxMb15Mask_Privileged
                0x0040bf48                FlexCAN_Ip_SetListenOnlyMode_Privileged
                0x0040bfb8                FlexCAN_Ip_GetListenOnlyMode
                0x0040bfcc                FlexCAN_Ip_ManualBusOffRecovery
 .mcal_text     0x0040c048      0xf24 ./RTD/src/FlexCAN_Ip_HwAccess.o
                0x0040c07a                FlexCAN_ComputePayloadSize
                0x0040c094                FlexCAN_GetMsgBuffRegion
                0x0040c0e4                FlexCAN_GetMaxMbNum
                0x0040c130                FlexCAN_EnterFreezeMode
                0x0040c190                FlexCAN_Enable
                0x0040c1dc                FlexCAN_ExitFreezeMode
                0x0040c230                FlexCAN_Disable
                0x0040c282                FlexCAN_SetErrIntCmd
                0x0040c2ea                FlexCAN_Init
                0x0040c3d4                FlexCAN_EnableRxFifo
                0x0040c422                FlexCAN_SetPayloadSize
                0x0040c490                FlexCAN_GetMbPayloadSize
                0x0040c4c4                FlexCAN_LockRxMsgBuff
                0x0040c4ce                FlexCAN_SetMsgBuffIntCmd
                0x0040c5a4                FLEXCAN_ClearMsgBuffIntCmd
                0x0040c62c                FlexCAN_DisableInterrupts
                0x0040c646                FlexCAN_EnableInterrupts
                0x0040c670                FlexCAN_SetRxMsgBuff
                0x0040c6fc                FlexCAN_GetMsgBuffTimestamp
                0x0040c708                FlexCAN_GetMsgBuff
                0x0040c7a0                FlexCAN_SetTxMsgBuff
                0x0040c8b8                FlexCAN_SetMaxMsgBuffNum
                0x0040c952                FlexCAN_SetOperationMode
                0x0040c988                FlexCAN_SetRxFifoFilter
                0x0040caf4                FlexCAN_ReadRxFifo
                0x0040cb58                FlexCAN_ReadEnhancedRxFifo
                0x0040cbfc                FlexCAN_IsMbOutOfRange
                0x0040cc1c                FlexCAN_IsEnhancedRxFifoAvailable
                0x0040cc2c                FlexCAN_IsEnhancedRxFifoEnabled
                0x0040cc3e                FlexCAN_EnableEnhancedRxFifo
                0x0040cce2                FlexCAN_SetEnhancedRxFifoFilter
                0x0040ce70                FlexCAN_ConfigCtrlOptions
                0x0040cefc                FlexCAN_ResetImaskBuff
                0x0040cf14                FlexCAN_GetStopMode
                0x0040cf1c                FlexCAN_GetStartMode
                0x0040cf2a                FlexCAN_DisableMemErrorDetection
 .mcal_text     0x0040cf6c       0x9c ./RTD/src/FlexCAN_Ip_Irq.o
                0x0040cf6c                CAN0_ORED_IRQHandler
                0x0040cf72                CAN0_ORED_0_31_MB_IRQHandler
                0x0040cf7e                CAN0_ORED_32_63_MB_IRQHandler
                0x0040cf8a                CAN0_ORED_64_95_MB_IRQHandler
                0x0040cf96                CAN1_ORED_IRQHandler
                0x0040cf9c                CAN1_ORED_0_31_MB_IRQHandler
                0x0040cfa8                CAN1_ORED_32_63_MB_IRQHandler
                0x0040cfb4                CAN2_ORED_IRQHandler
                0x0040cfba                CAN2_ORED_0_31_MB_IRQHandler
                0x0040cfc6                CAN2_ORED_32_63_MB_IRQHandler
                0x0040cfd2                CAN3_ORED_IRQHandler
                0x0040cfd8                CAN3_ORED_0_31_MB_IRQHandler
                0x0040cfe4                CAN4_ORED_IRQHandler
                0x0040cfea                CAN4_ORED_0_31_MB_IRQHandler
                0x0040cff6                CAN5_ORED_IRQHandler
                0x0040cffc                CAN5_ORED_0_31_MB_IRQHandler
 .mcal_text     0x0040d008      0x276 ./RTD/src/IntCtrl_Ip.o
                0x0040d008                IntCtrl_Ip_InstallHandlerPrivileged
                0x0040d042                IntCtrl_Ip_EnableIrqPrivileged
                0x0040d082                IntCtrl_Ip_DisableIrqPrivileged
                0x0040d0c2                IntCtrl_Ip_SetPriorityPrivileged
                0x0040d0f6                IntCtrl_Ip_GetPriorityPrivileged
                0x0040d11a                IntCtrl_Ip_ClearPendingPrivileged
                0x0040d14a                IntCtrl_Ip_SetPendingPrivileged
                0x0040d17a                IntCtrl_Ip_GetPendingPrivileged
                0x0040d1aa                IntCtrl_Ip_GetActivePrivileged
                0x0040d1da                IntCtrl_Ip_Init
                0x0040d246                IntCtrl_Ip_InstallHandler
                0x0040d24a                IntCtrl_Ip_EnableIrq
                0x0040d24e                IntCtrl_Ip_DisableIrq
                0x0040d252                IntCtrl_Ip_SetPriority
                0x0040d256                IntCtrl_Ip_GetPriority
                0x0040d25a                IntCtrl_Ip_ClearPending
                0x0040d25e                IntCtrl_Ip_SetPending
                0x0040d262                IntCtrl_Ip_GetPending
                0x0040d270                IntCtrl_Ip_GetActive
 *fill*         0x0040d27e        0x2 
 .mcal_text     0x0040d280      0xf14 ./RTD/src/Lpi2c_Ip.o
                0x0040d5b0                Lpi2c_Ip_MasterSetBaudRate
                0x0040d69c                Lpi2c_Ip_MasterInit
                0x0040d7f4                Lpi2c_Ip_MasterDeinit
                0x0040d844                Lpi2c_Ip_MasterGetBaudRate
                0x0040d870                Lpi2c_Ip_MasterSetSlaveAddr
                0x0040d884                Lpi2c_Ip_MasterSendData
                0x0040d900                Lpi2c_Ip_MasterSendDataBlocking
                0x0040da28                Lpi2c_Ip_MasterReceiveData
                0x0040daac                Lpi2c_Ip_MasterReceiveDataBlocking
                0x0040dbf8                Lpi2c_Ip_MasterGetTransferStatus
                0x0040dc14                Lpi2c_Ip_SlaveInit
                0x0040dd5c                Lpi2c_Ip_StartListening
                0x0040dd60                Lpi2c_Ip_SlaveDeinit
                0x0040ddd4                Lpi2c_Ip_SlaveSetBuffer
                0x0040dde8                Lpi2c_Ip_SlaveGetTransferStatus
                0x0040de04                Lpi2c_Ip_MasterIRQHandler
                0x0040df64                Lpi2c_Ip_SlaveIRQHandler
                0x0040e10c                Lpi2c_Ip_ModuleIRQHandler
                0x0040e174                Lpi2c_Ip_SetMasterCallback
                0x0040e184                Lpi2c_Ip_SetSlaveCallback
 .mcal_text     0x0040e194        0xc ./RTD/src/Lpi2c_Ip_Irq.o
                0x0040e194                LPI2C0_Master_Slave_IRQHandler
                0x0040e19a                LPI2C1_Master_Slave_IRQHandler
 .mcal_text     0x0040e1a0      0xde4 ./RTD/src/Lpuart_Uart_Ip.o
                0x0040e470                Lpuart_Uart_Ip_Init
                0x0040e5c0                Lpuart_Uart_Ip_Deinit
                0x0040e640                Lpuart_Uart_Ip_SyncSend
                0x0040e744                Lpuart_Uart_Ip_AsyncSend
                0x0040e804                Lpuart_Uart_Ip_GetTransmitStatus
                0x0040e86c                Lpuart_Uart_Ip_AbortSendingData
                0x0040e8d4                Lpuart_Uart_Ip_SyncReceive
                0x0040ea70                Lpuart_Uart_Ip_AsyncReceive
                0x0040eb68                Lpuart_Uart_Ip_GetReceiveStatus
                0x0040ebd0                Lpuart_Uart_Ip_AbortReceivingData
                0x0040ec4c                Lpuart_Uart_Ip_SetBaudRate
                0x0040ed54                Lpuart_Uart_Ip_GetBaudRate
                0x0040ed80                Lpuart_Uart_Ip_SetTxBuffer
                0x0040edb4                Lpuart_Uart_Ip_SetRxBuffer
                0x0040ede8                Lpuart_Uart_Ip_IrqHandler
 .mcal_text     0x0040ef84        0x6 ./RTD/src/Lpuart_Uart_Ip_Irq.o
                0x0040ef84                LPUART_UART_IP_2_IRQHandler
 .mcal_text     0x0040ef8a       0x1e ./RTD/src/OsIf_Timer.o
                0x0040ef8a                OsIf_Init
                0x0040ef92                OsIf_GetCounter
                0x0040ef96                OsIf_GetElapsed
                0x0040ef9e                OsIf_SetTimerFrequency
                0x0040efa0                OsIf_MicrosToTicks
 .mcal_text     0x0040efa8       0x4c ./RTD/src/OsIf_Timer_System_Internal_Systick.o
                0x0040efa8                OsIf_Timer_System_Internal_Init
                0x0040efbe                OsIf_Timer_System_Internal_GetCounter
                0x0040efca                OsIf_Timer_System_Internal_GetElapsed
 .mcal_text     0x0040eff4       0xc8 ./RTD/src/SchM_BaseNXP.o
                0x0040eff4                SchM_Enter_BaseNXP_BASENXP_EXCLUSIVE_AREA_00
                0x0040f028                SchM_Exit_BaseNXP_BASENXP_EXCLUSIVE_AREA_00
                0x0040f058                SchM_Enter_BaseNXP_BASENXP_EXCLUSIVE_AREA_01
                0x0040f08c                SchM_Exit_BaseNXP_BASENXP_EXCLUSIVE_AREA_01
 .mcal_text     0x0040f0bc      0x960 ./RTD/src/SchM_Can_43_FLEXCAN.o
                0x0040f0bc                SchM_Enter_Can_43_FLEXCAN_CAN_EXCLUSIVE_AREA_00
                0x0040f0f0                SchM_Exit_Can_43_FLEXCAN_CAN_EXCLUSIVE_AREA_00
                0x0040f120                SchM_Enter_Can_43_FLEXCAN_CAN_EXCLUSIVE_AREA_01
                0x0040f154                SchM_Exit_Can_43_FLEXCAN_CAN_EXCLUSIVE_AREA_01
                0x0040f184                SchM_Enter_Can_43_FLEXCAN_CAN_EXCLUSIVE_AREA_02
                0x0040f1b8                SchM_Exit_Can_43_FLEXCAN_CAN_EXCLUSIVE_AREA_02
                0x0040f1e8                SchM_Enter_Can_43_FLEXCAN_CAN_EXCLUSIVE_AREA_03
                0x0040f21c                SchM_Exit_Can_43_FLEXCAN_CAN_EXCLUSIVE_AREA_03
                0x0040f24c                SchM_Enter_Can_43_FLEXCAN_CAN_EXCLUSIVE_AREA_04
                0x0040f280                SchM_Exit_Can_43_FLEXCAN_CAN_EXCLUSIVE_AREA_04
                0x0040f2b0                SchM_Enter_Can_43_FLEXCAN_CAN_EXCLUSIVE_AREA_05
                0x0040f2e4                SchM_Exit_Can_43_FLEXCAN_CAN_EXCLUSIVE_AREA_05
                0x0040f314                SchM_Enter_Can_43_FLEXCAN_CAN_EXCLUSIVE_AREA_06
                0x0040f348                SchM_Exit_Can_43_FLEXCAN_CAN_EXCLUSIVE_AREA_06
                0x0040f378                SchM_Enter_Can_43_FLEXCAN_CAN_EXCLUSIVE_AREA_07
                0x0040f3ac                SchM_Exit_Can_43_FLEXCAN_CAN_EXCLUSIVE_AREA_07
                0x0040f3dc                SchM_Enter_Can_43_FLEXCAN_CAN_EXCLUSIVE_AREA_08
                0x0040f410                SchM_Exit_Can_43_FLEXCAN_CAN_EXCLUSIVE_AREA_08
                0x0040f440                SchM_Enter_Can_43_FLEXCAN_CAN_EXCLUSIVE_AREA_09
                0x0040f474                SchM_Exit_Can_43_FLEXCAN_CAN_EXCLUSIVE_AREA_09
                0x0040f4a4                SchM_Enter_Can_43_FLEXCAN_CAN_EXCLUSIVE_AREA_10
                0x0040f4d8                SchM_Exit_Can_43_FLEXCAN_CAN_EXCLUSIVE_AREA_10
                0x0040f508                SchM_Enter_Can_43_FLEXCAN_CAN_EXCLUSIVE_AREA_11
                0x0040f53c                SchM_Exit_Can_43_FLEXCAN_CAN_EXCLUSIVE_AREA_11
                0x0040f56c                SchM_Enter_Can_43_FLEXCAN_CAN_EXCLUSIVE_AREA_12
                0x0040f5a0                SchM_Exit_Can_43_FLEXCAN_CAN_EXCLUSIVE_AREA_12
                0x0040f5d0                SchM_Enter_Can_43_FLEXCAN_CAN_EXCLUSIVE_AREA_13
                0x0040f604                SchM_Exit_Can_43_FLEXCAN_CAN_EXCLUSIVE_AREA_13
                0x0040f634                SchM_Enter_Can_43_FLEXCAN_CAN_EXCLUSIVE_AREA_14
                0x0040f668                SchM_Exit_Can_43_FLEXCAN_CAN_EXCLUSIVE_AREA_14
                0x0040f698                SchM_Enter_Can_43_FLEXCAN_CAN_EXCLUSIVE_AREA_15
                0x0040f6cc                SchM_Exit_Can_43_FLEXCAN_CAN_EXCLUSIVE_AREA_15
                0x0040f6fc                SchM_Enter_Can_43_FLEXCAN_CAN_EXCLUSIVE_AREA_16
                0x0040f730                SchM_Exit_Can_43_FLEXCAN_CAN_EXCLUSIVE_AREA_16
                0x0040f760                SchM_Enter_Can_43_FLEXCAN_CAN_EXCLUSIVE_AREA_17
                0x0040f794                SchM_Exit_Can_43_FLEXCAN_CAN_EXCLUSIVE_AREA_17
                0x0040f7c4                SchM_Enter_Can_43_FLEXCAN_CAN_EXCLUSIVE_AREA_18
                0x0040f7f8                SchM_Exit_Can_43_FLEXCAN_CAN_EXCLUSIVE_AREA_18
                0x0040f828                SchM_Enter_Can_43_FLEXCAN_CAN_EXCLUSIVE_AREA_19
                0x0040f85c                SchM_Exit_Can_43_FLEXCAN_CAN_EXCLUSIVE_AREA_19
                0x0040f88c                SchM_Enter_Can_43_FLEXCAN_CAN_EXCLUSIVE_AREA_20
                0x0040f8c0                SchM_Exit_Can_43_FLEXCAN_CAN_EXCLUSIVE_AREA_20
                0x0040f8f0                SchM_Enter_Can_43_FLEXCAN_CAN_EXCLUSIVE_AREA_21
                0x0040f924                SchM_Exit_Can_43_FLEXCAN_CAN_EXCLUSIVE_AREA_21
                0x0040f954                SchM_Enter_Can_43_FLEXCAN_CAN_EXCLUSIVE_AREA_22
                0x0040f988                SchM_Exit_Can_43_FLEXCAN_CAN_EXCLUSIVE_AREA_22
                0x0040f9b8                SchM_Enter_Can_43_FLEXCAN_CAN_EXCLUSIVE_AREA_23
                0x0040f9ec                SchM_Exit_Can_43_FLEXCAN_CAN_EXCLUSIVE_AREA_23
 .mcal_text     0x0040fa1c       0xc8 ./RTD/src/SchM_Dio.o
                0x0040fa1c                SchM_Enter_Dio_DIO_EXCLUSIVE_AREA_00
                0x0040fa50                SchM_Exit_Dio_DIO_EXCLUSIVE_AREA_00
                0x0040fa80                SchM_Enter_Dio_DIO_EXCLUSIVE_AREA_01
                0x0040fab4                SchM_Exit_Dio_DIO_EXCLUSIVE_AREA_01
 .mcal_text     0x0040fae4      0xce4 ./RTD/src/SchM_I2c.o
                0x0040fae4                SchM_Enter_I2c_I2C_EXCLUSIVE_AREA_00
                0x0040fb18                SchM_Exit_I2c_I2C_EXCLUSIVE_AREA_00
                0x0040fb48                SchM_Enter_I2c_I2C_EXCLUSIVE_AREA_01
                0x0040fb7c                SchM_Exit_I2c_I2C_EXCLUSIVE_AREA_01
                0x0040fbac                SchM_Enter_I2c_I2C_EXCLUSIVE_AREA_02
                0x0040fbe0                SchM_Exit_I2c_I2C_EXCLUSIVE_AREA_02
                0x0040fc10                SchM_Enter_I2c_I2C_EXCLUSIVE_AREA_03
                0x0040fc44                SchM_Exit_I2c_I2C_EXCLUSIVE_AREA_03
                0x0040fc74                SchM_Enter_I2c_I2C_EXCLUSIVE_AREA_04
                0x0040fca8                SchM_Exit_I2c_I2C_EXCLUSIVE_AREA_04
                0x0040fcd8                SchM_Enter_I2c_I2C_EXCLUSIVE_AREA_05
                0x0040fd0c                SchM_Exit_I2c_I2C_EXCLUSIVE_AREA_05
                0x0040fd3c                SchM_Enter_I2c_I2C_EXCLUSIVE_AREA_06
                0x0040fd70                SchM_Exit_I2c_I2C_EXCLUSIVE_AREA_06
                0x0040fda0                SchM_Enter_I2c_I2C_EXCLUSIVE_AREA_07
                0x0040fdd4                SchM_Exit_I2c_I2C_EXCLUSIVE_AREA_07
                0x0040fe04                SchM_Enter_I2c_I2C_EXCLUSIVE_AREA_08
                0x0040fe38                SchM_Exit_I2c_I2C_EXCLUSIVE_AREA_08
                0x0040fe68                SchM_Enter_I2c_I2C_EXCLUSIVE_AREA_09
                0x0040fe9c                SchM_Exit_I2c_I2C_EXCLUSIVE_AREA_09
                0x0040fecc                SchM_Enter_I2c_I2C_EXCLUSIVE_AREA_10
                0x0040ff00                SchM_Exit_I2c_I2C_EXCLUSIVE_AREA_10
                0x0040ff30                SchM_Enter_I2c_I2C_EXCLUSIVE_AREA_11
                0x0040ff64                SchM_Exit_I2c_I2C_EXCLUSIVE_AREA_11
                0x0040ff94                SchM_Enter_I2c_I2C_EXCLUSIVE_AREA_12
                0x0040ffc8                SchM_Exit_I2c_I2C_EXCLUSIVE_AREA_12
                0x0040fff8                SchM_Enter_I2c_I2C_EXCLUSIVE_AREA_13
                0x0041002c                SchM_Exit_I2c_I2C_EXCLUSIVE_AREA_13
                0x0041005c                SchM_Enter_I2c_I2C_EXCLUSIVE_AREA_14
                0x00410090                SchM_Exit_I2c_I2C_EXCLUSIVE_AREA_14
                0x004100c0                SchM_Enter_I2c_I2C_EXCLUSIVE_AREA_15
                0x004100f4                SchM_Exit_I2c_I2C_EXCLUSIVE_AREA_15
                0x00410124                SchM_Enter_I2c_I2C_EXCLUSIVE_AREA_16
                0x00410158                SchM_Exit_I2c_I2C_EXCLUSIVE_AREA_16
                0x00410188                SchM_Enter_I2c_I2C_EXCLUSIVE_AREA_17
                0x004101bc                SchM_Exit_I2c_I2C_EXCLUSIVE_AREA_17
                0x004101ec                SchM_Enter_I2c_I2C_EXCLUSIVE_AREA_18
                0x00410220                SchM_Exit_I2c_I2C_EXCLUSIVE_AREA_18
                0x00410250                SchM_Enter_I2c_I2C_EXCLUSIVE_AREA_19
                0x00410284                SchM_Exit_I2c_I2C_EXCLUSIVE_AREA_19
                0x004102b4                SchM_Enter_I2c_I2C_EXCLUSIVE_AREA_20
                0x004102e8                SchM_Exit_I2c_I2C_EXCLUSIVE_AREA_20
                0x00410318                SchM_Enter_I2c_I2C_EXCLUSIVE_AREA_21
                0x0041034c                SchM_Exit_I2c_I2C_EXCLUSIVE_AREA_21
                0x0041037c                SchM_Enter_I2c_I2C_EXCLUSIVE_AREA_22
                0x004103b0                SchM_Exit_I2c_I2C_EXCLUSIVE_AREA_22
                0x004103e0                SchM_Enter_I2c_I2C_EXCLUSIVE_AREA_23
                0x00410414                SchM_Exit_I2c_I2C_EXCLUSIVE_AREA_23
                0x00410444                SchM_Enter_I2c_I2C_EXCLUSIVE_AREA_24
                0x00410478                SchM_Exit_I2c_I2C_EXCLUSIVE_AREA_24
                0x004104a8                SchM_Enter_I2c_I2C_EXCLUSIVE_AREA_25
                0x004104dc                SchM_Exit_I2c_I2C_EXCLUSIVE_AREA_25
                0x0041050c                SchM_Enter_I2c_I2C_EXCLUSIVE_AREA_26
                0x00410540                SchM_Exit_I2c_I2C_EXCLUSIVE_AREA_26
                0x00410570                SchM_Enter_I2c_I2C_EXCLUSIVE_AREA_27
                0x004105a4                SchM_Exit_I2c_I2C_EXCLUSIVE_AREA_27
                0x004105d4                SchM_Enter_I2c_I2C_EXCLUSIVE_AREA_28
                0x00410608                SchM_Exit_I2c_I2C_EXCLUSIVE_AREA_28
                0x00410638                SchM_Enter_I2c_I2C_EXCLUSIVE_AREA_29
                0x0041066c                SchM_Exit_I2c_I2C_EXCLUSIVE_AREA_29
                0x0041069c                SchM_Enter_I2c_I2C_EXCLUSIVE_AREA_30
                0x004106d0                SchM_Exit_I2c_I2C_EXCLUSIVE_AREA_30
                0x00410700                SchM_Enter_I2c_I2C_EXCLUSIVE_AREA_31
                0x00410734                SchM_Exit_I2c_I2C_EXCLUSIVE_AREA_31
                0x00410764                SchM_Enter_I2c_I2C_EXCLUSIVE_AREA_32
                0x00410798                SchM_Exit_I2c_I2C_EXCLUSIVE_AREA_32
 .mcal_text     0x004107c8      0x12c ./RTD/src/SchM_Mcu.o
                0x004107c8                SchM_Enter_Mcu_MCU_EXCLUSIVE_AREA_00
                0x004107fc                SchM_Exit_Mcu_MCU_EXCLUSIVE_AREA_00
                0x0041082c                SchM_Enter_Mcu_MCU_EXCLUSIVE_AREA_01
                0x00410860                SchM_Exit_Mcu_MCU_EXCLUSIVE_AREA_01
                0x00410890                SchM_Enter_Mcu_MCU_EXCLUSIVE_AREA_02
                0x004108c4                SchM_Exit_Mcu_MCU_EXCLUSIVE_AREA_02
 .mcal_text     0x004108f4      0xaf0 ./RTD/src/SchM_Port.o
                0x004108f4                SchM_Enter_Port_PORT_EXCLUSIVE_AREA_00
                0x00410928                SchM_Exit_Port_PORT_EXCLUSIVE_AREA_00
                0x00410958                SchM_Enter_Port_PORT_EXCLUSIVE_AREA_01
                0x0041098c                SchM_Exit_Port_PORT_EXCLUSIVE_AREA_01
                0x004109bc                SchM_Enter_Port_PORT_EXCLUSIVE_AREA_02
                0x004109f0                SchM_Exit_Port_PORT_EXCLUSIVE_AREA_02
                0x00410a20                SchM_Enter_Port_PORT_EXCLUSIVE_AREA_03
                0x00410a54                SchM_Exit_Port_PORT_EXCLUSIVE_AREA_03
                0x00410a84                SchM_Enter_Port_PORT_EXCLUSIVE_AREA_04
                0x00410ab8                SchM_Exit_Port_PORT_EXCLUSIVE_AREA_04
                0x00410ae8                SchM_Enter_Port_PORT_EXCLUSIVE_AREA_05
                0x00410b1c                SchM_Exit_Port_PORT_EXCLUSIVE_AREA_05
                0x00410b4c                SchM_Enter_Port_PORT_EXCLUSIVE_AREA_06
                0x00410b80                SchM_Exit_Port_PORT_EXCLUSIVE_AREA_06
                0x00410bb0                SchM_Enter_Port_PORT_EXCLUSIVE_AREA_07
                0x00410be4                SchM_Exit_Port_PORT_EXCLUSIVE_AREA_07
                0x00410c14                SchM_Enter_Port_PORT_EXCLUSIVE_AREA_08
                0x00410c48                SchM_Exit_Port_PORT_EXCLUSIVE_AREA_08
                0x00410c78                SchM_Enter_Port_PORT_EXCLUSIVE_AREA_09
                0x00410cac                SchM_Exit_Port_PORT_EXCLUSIVE_AREA_09
                0x00410cdc                SchM_Enter_Port_PORT_EXCLUSIVE_AREA_10
                0x00410d10                SchM_Exit_Port_PORT_EXCLUSIVE_AREA_10
                0x00410d40                SchM_Enter_Port_PORT_EXCLUSIVE_AREA_11
                0x00410d74                SchM_Exit_Port_PORT_EXCLUSIVE_AREA_11
                0x00410da4                SchM_Enter_Port_PORT_EXCLUSIVE_AREA_12
                0x00410dd8                SchM_Exit_Port_PORT_EXCLUSIVE_AREA_12
                0x00410e08                SchM_Enter_Port_PORT_EXCLUSIVE_AREA_13
                0x00410e3c                SchM_Exit_Port_PORT_EXCLUSIVE_AREA_13
                0x00410e6c                SchM_Enter_Port_PORT_EXCLUSIVE_AREA_14
                0x00410ea0                SchM_Exit_Port_PORT_EXCLUSIVE_AREA_14
                0x00410ed0                SchM_Enter_Port_PORT_EXCLUSIVE_AREA_15
                0x00410f04                SchM_Exit_Port_PORT_EXCLUSIVE_AREA_15
                0x00410f34                SchM_Enter_Port_PORT_EXCLUSIVE_AREA_16
                0x00410f68                SchM_Exit_Port_PORT_EXCLUSIVE_AREA_16
                0x00410f98                SchM_Enter_Port_PORT_EXCLUSIVE_AREA_17
                0x00410fcc                SchM_Exit_Port_PORT_EXCLUSIVE_AREA_17
                0x00410ffc                SchM_Enter_Port_PORT_EXCLUSIVE_AREA_18
                0x00411030                SchM_Exit_Port_PORT_EXCLUSIVE_AREA_18
                0x00411060                SchM_Enter_Port_PORT_EXCLUSIVE_AREA_19
                0x00411094                SchM_Exit_Port_PORT_EXCLUSIVE_AREA_19
                0x004110c4                SchM_Enter_Port_PORT_EXCLUSIVE_AREA_20
                0x004110f8                SchM_Exit_Port_PORT_EXCLUSIVE_AREA_20
                0x00411128                SchM_Enter_Port_PORT_EXCLUSIVE_AREA_21
                0x0041115c                SchM_Exit_Port_PORT_EXCLUSIVE_AREA_21
                0x0041118c                SchM_Enter_Port_PORT_EXCLUSIVE_AREA_22
                0x004111c0                SchM_Exit_Port_PORT_EXCLUSIVE_AREA_22
                0x004111f0                SchM_Enter_Port_PORT_EXCLUSIVE_AREA_23
                0x00411224                SchM_Exit_Port_PORT_EXCLUSIVE_AREA_23
                0x00411254                SchM_Enter_Port_PORT_EXCLUSIVE_AREA_24
                0x00411288                SchM_Exit_Port_PORT_EXCLUSIVE_AREA_24
                0x004112b8                SchM_Enter_Port_PORT_EXCLUSIVE_AREA_25
                0x004112ec                SchM_Exit_Port_PORT_EXCLUSIVE_AREA_25
                0x0041131c                SchM_Enter_Port_PORT_EXCLUSIVE_AREA_26
                0x00411350                SchM_Exit_Port_PORT_EXCLUSIVE_AREA_26
                0x00411380                SchM_Enter_Port_PORT_EXCLUSIVE_AREA_27
                0x004113b4                SchM_Exit_Port_PORT_EXCLUSIVE_AREA_27
 .mcal_text     0x004113e4      0x898 ./RTD/src/SchM_Uart.o
                0x004113e4                SchM_Enter_Uart_UART_EXCLUSIVE_AREA_00
                0x00411418                SchM_Exit_Uart_UART_EXCLUSIVE_AREA_00
                0x00411448                SchM_Enter_Uart_UART_EXCLUSIVE_AREA_01
                0x0041147c                SchM_Exit_Uart_UART_EXCLUSIVE_AREA_01
                0x004114ac                SchM_Enter_Uart_UART_EXCLUSIVE_AREA_02
                0x004114e0                SchM_Exit_Uart_UART_EXCLUSIVE_AREA_02
                0x00411510                SchM_Enter_Uart_UART_EXCLUSIVE_AREA_03
                0x00411544                SchM_Exit_Uart_UART_EXCLUSIVE_AREA_03
                0x00411574                SchM_Enter_Uart_UART_EXCLUSIVE_AREA_04
                0x004115a8                SchM_Exit_Uart_UART_EXCLUSIVE_AREA_04
                0x004115d8                SchM_Enter_Uart_UART_EXCLUSIVE_AREA_05
                0x0041160c                SchM_Exit_Uart_UART_EXCLUSIVE_AREA_05
                0x0041163c                SchM_Enter_Uart_UART_EXCLUSIVE_AREA_06
                0x00411670                SchM_Exit_Uart_UART_EXCLUSIVE_AREA_06
                0x004116a0                SchM_Enter_Uart_UART_EXCLUSIVE_AREA_07
                0x004116d4                SchM_Exit_Uart_UART_EXCLUSIVE_AREA_07
                0x00411704                SchM_Enter_Uart_UART_EXCLUSIVE_AREA_08
                0x00411738                SchM_Exit_Uart_UART_EXCLUSIVE_AREA_08
                0x00411768                SchM_Enter_Uart_UART_EXCLUSIVE_AREA_09
                0x0041179c                SchM_Exit_Uart_UART_EXCLUSIVE_AREA_09
                0x004117cc                SchM_Enter_Uart_UART_EXCLUSIVE_AREA_10
                0x00411800                SchM_Exit_Uart_UART_EXCLUSIVE_AREA_10
                0x00411830                SchM_Enter_Uart_UART_EXCLUSIVE_AREA_11
                0x00411864                SchM_Exit_Uart_UART_EXCLUSIVE_AREA_11
                0x00411894                SchM_Enter_Uart_UART_EXCLUSIVE_AREA_12
                0x004118c8                SchM_Exit_Uart_UART_EXCLUSIVE_AREA_12
                0x004118f8                SchM_Enter_Uart_UART_EXCLUSIVE_AREA_13
                0x0041192c                SchM_Exit_Uart_UART_EXCLUSIVE_AREA_13
                0x0041195c                SchM_Enter_Uart_UART_EXCLUSIVE_AREA_14
                0x00411990                SchM_Exit_Uart_UART_EXCLUSIVE_AREA_14
                0x004119c0                SchM_Enter_Uart_UART_EXCLUSIVE_AREA_15
                0x004119f4                SchM_Exit_Uart_UART_EXCLUSIVE_AREA_15
                0x00411a24                SchM_Enter_Uart_UART_EXCLUSIVE_AREA_16
                0x00411a58                SchM_Exit_Uart_UART_EXCLUSIVE_AREA_16
                0x00411a88                SchM_Enter_Uart_UART_EXCLUSIVE_AREA_17
                0x00411abc                SchM_Exit_Uart_UART_EXCLUSIVE_AREA_17
                0x00411aec                SchM_Enter_Uart_UART_EXCLUSIVE_AREA_18
                0x00411b20                SchM_Exit_Uart_UART_EXCLUSIVE_AREA_18
                0x00411b50                SchM_Enter_Uart_UART_EXCLUSIVE_AREA_19
                0x00411b84                SchM_Exit_Uart_UART_EXCLUSIVE_AREA_19
                0x00411bb4                SchM_Enter_Uart_UART_EXCLUSIVE_AREA_20
                0x00411be8                SchM_Exit_Uart_UART_EXCLUSIVE_AREA_20
                0x00411c18                SchM_Enter_Uart_UART_EXCLUSIVE_AREA_21
                0x00411c4c                SchM_Exit_Uart_UART_EXCLUSIVE_AREA_21
 .mcal_text     0x00411c7c      0x1fc ./RTD/src/Siul2_Dio_Ip.o
                0x00411cb0                Siul2_Dio_Ip_WritePin
                0x00411d1c                Siul2_Dio_Ip_SetGPDO
                0x00411d38                Siul2_Dio_Ip_ClearGPDO
                0x00411d54                Siul2_Dio_Ip_WritePins
                0x00411d6c                Siul2_Dio_Ip_GetPinsOutput
                0x00411d84                Siul2_Dio_Ip_SetPins
                0x00411da2                Siul2_Dio_Ip_ClearPins
                0x00411dc2                Siul2_Dio_Ip_TogglePins
                0x00411de0                Siul2_Dio_Ip_ReadPins
                0x00411dfa                Siul2_Dio_Ip_ReadPin
                0x00411e2c                Siul2_Dio_Ip_MaskedWritePins
 .mcal_text     0x00411e78      0x458 ./RTD/src/Siul2_Port_Ip.o
                0x00411fcc                Siul2_Port_Ip_Init
                0x00411ffc                Siul2_Port_Ip_SetPullSel
                0x00412058                Siul2_Port_Ip_SetOutputBuffer
                0x004120be                Siul2_Port_Ip_SetInputBuffer
                0x0041212e                Siul2_Port_Ip_SetPinDirection
                0x004121a6                Siul2_Port_Ip_RevertPinConfiguration
                0x00412208                Siul2_Port_Ip_GetPinConfiguration
 .mcal_text     0x004122d0      0x11c ./RTD/src/Tspc_Port_Ip.o
                0x004122d0                Tspc_Port_Ip_EnableObeGroup
                0x00412300                Tspc_Port_Ip_DisableObeGroup
                0x00412330                Tspc_Port_Ip_MaskObeGroup
                0x0041234e                Tspc_Port_Ip_ConfigureObeGroup
                0x004123ec                . = ALIGN (0x4)
 *(.acmcu_code_rom)
                0x004123ec                . = ALIGN (0x4)
                0x004123ec                __acfls_code_rom_start = .
 *(.acfls_code_rom)
 .acfls_code_rom
                0x004123ec       0x5c ./RTD/src/Clock_Ip_Specific.o
                0x004123ec                Clock_Ip_PRAMCSetRamIWS
 .acfls_code_rom.__stub
                0x00412448        0x8 linker stubs
                0x00412450                . = ALIGN (0x4)
                0x00412450                __acfls_code_rom_end = .
                0x00412450                __acmem_43_infls_code_rom_start = .
 *(.acmem_43_infls_code_rom)
                0x00412450                . = ALIGN (0x4)
                0x00412450                __acmem_43_infls_code_rom_end = .
 *(.init)
                0x00412450                . = ALIGN (0x4)
 *(.fini)
                0x00412450                . = ALIGN (0x4)
 *(.rodata)
 .rodata        0x00412450        0x5 ./FreeRTOS/Source/tasks.o
 .rodata        0x00412455        0x3 ./RTD/src/Clock_Ip_IntOsc.o
 .rodata        0x00412458       0x48 ./RTD/src/FlexCAN_Ip_HwAccess.o
 .rodata        0x004124a0       0x20 ./RTD/src/Lpi2c_Ip.o
 .rodata        0x004124c0       0x30 ./RTD/src/Lpuart_Uart_Ip.o
 .rodata        0x004124f0        0x4 ./RTD/src/Siul2_Port_Ip.o
                0x004124f0                Port_au32Siul2BaseAddr
 .rodata        0x004124f4      0x1f0 ./src/main.o
 *(.rodata*)
 .rodata.str1.1
                0x004126e4       0x14 ./FreeRTOS/Source/tasks.o
 .rodata.str1.1
                0x004126f8        0xd ./FreeRTOS/Source/timers.o
 .rodata.str1.1
                0x00412705       0x4b ./src/main.o
 .rodata._global_impure_ptr
                0x00412750        0x4 c:/nxp/s32ds.3.6.5/s32ds/build_tools/gcc_v10.2/gcc-10.2-arm32-eabi/bin/../lib/gcc/arm-none-eabi/10.2.0/../../../../arm-none-eabi/lib/thumb/v7e-m+fp/hard\libc_nano.a(lib_a-impure.o)
                0x00412750                _global_impure_ptr
 .rodata._svfprintf_r.str1.1
                0x00412754       0x11 c:/nxp/s32ds.3.6.5/s32ds/build_tools/gcc_v10.2/gcc-10.2-arm32-eabi/bin/../lib/gcc/arm-none-eabi/10.2.0/../../../../arm-none-eabi/lib/thumb/v7e-m+fp/hard\libc_nano.a(lib_a-nano-svfprintf.o)
 .rodata._printf_i.str1.1
                0x00412765       0x22 c:/nxp/s32ds.3.6.5/s32ds/build_tools/gcc_v10.2/gcc-10.2-arm32-eabi/bin/../lib/gcc/arm-none-eabi/10.2.0/../../../../arm-none-eabi/lib/thumb/v7e-m+fp/hard\libc_nano.a(lib_a-nano-vfprintf_i.o)
                0x00412788                . = ALIGN (0x4)
 *fill*         0x00412787        0x1 
 *(.mcal_const_cfg)
 .mcal_const_cfg
                0x00412788     0x1ec0 ./board/Siul2_Port_Ip_Cfg.o
                0x00412788                g_pin_mux_InitConfigArr_PortContainer_0_BOARD_InitPeripherals
 .mcal_const_cfg
                0x00414648      0x5fc ./generate/src/Clock_Ip_Cfg.o
                0x00414648                Clock_Ip_aClockConfig
 .mcal_const_cfg
                0x00414c44      0x270 ./generate/src/FlexCAN_Ip_Sa_PBcfg.o
                0x00414c44                FlexCAN_Config5
                0x00414cac                FlexCAN_Config4
                0x00414d14                FlexCAN_Config3
                0x00414d7c                FlexCAN_Config2
                0x00414de4                FlexCAN_Config1
                0x00414e4c                FlexCAN_Config0
 .mcal_const_cfg
                0x00414eb4       0xa4 ./generate/src/IntCtrl_Ip_Cfg.o
                0x00414eb4                IntCtrlConfig_0
 .mcal_const_cfg
                0x00414f58       0x48 ./generate/src/Lpi2c_Ip_Sa_PBcfg.o
                0x00414f58                I2c_Lpi2cMaster_HwChannel0_Channel0
 .mcal_const_cfg
                0x00414fa0       0x28 ./generate/src/Lpuart_Uart_Ip_Sa_PBcfg.o
                0x00414fa0                Lpuart_Uart_Ip_xHwConfigPB_2
                0x00414fc8                . = ALIGN (0x4)
 *(.mcal_const)
 .mcal_const    0x00414fc8     0x1130 ./RTD/src/Clock_Ip_Data.o
                0x00414fc8                Clock_Ip_axGateInfo
                0x004156b0                Clock_Ip_axFeatureExtensions
                0x00415900                Clock_Ip_aeHwDfsName
                0x00415904                Clock_Ip_aeHwPllName
                0x00415908                Clock_Ip_aeSourceTypeClockName
                0x00415960                Clock_Ip_apxMcMeTriggerPartitions
                0x00415970                Clock_Ip_apxMcMeGetPartitions
                0x00415980                Clock_Ip_apxMcMeSetPartitions
                0x00415990                Clock_Ip_axCmuInfo
                0x00415a1c                Clock_Ip_aeCmuNames
                0x00415a38                Clock_Ip_apxCmu
                0x00415a54                Clock_Ip_apxPll
                0x00415a64                Clock_Ip_apxXosc
                0x00415a6c                Clock_Ip_apxCgmPcfs
                0x00415a70                Clock_Ip_apxCgm
                0x00415ac4                Clock_Ip_au16SelectorEntryRtcHardwareValue
                0x00415af0                Clock_Ip_au16SelectorEntryHardwareValue
                0x00415b1c                Clock_Ip_au8SoftwareMuxResetValue
                0x00415ba8                Clock_Ip_au8ClockFeatures
                0x00416094                Clock_Ip_au8CmuCallbackIndex
                0x0041609e                Clock_Ip_au8PcfsCallbackIndex
                0x004160a8                Clock_Ip_au8SelectorCallbackIndex
                0x004160b2                Clock_Ip_au8PllCallbackIndex
                0x004160bc                Clock_Ip_au8FractionalDividerCallbackIndex
                0x004160c6                Clock_Ip_au8GateCallbackIndex
                0x004160d0                Clock_Ip_au8IrcoscCallbackIndex
                0x004160da                Clock_Ip_au8XoscCallbackIndex
                0x004160e4                Clock_Ip_au8DividerTriggerCallbackIndex
                0x004160ee                Clock_Ip_au8DividerCallbackIndex
 .mcal_const    0x004160f8       0x14 ./RTD/src/Clock_Ip_Divider.o
                0x004160f8                Clock_Ip_axDividerCallbacks
 .mcal_const    0x0041610c       0x10 ./RTD/src/Clock_Ip_DividerTrigger.o
                0x0041610c                Clock_Ip_axDividerTriggerCallbacks
 .mcal_const    0x0041611c       0x30 ./RTD/src/Clock_Ip_ExtOsc.o
                0x0041611c                Clock_Ip_axExtOscCallbacks
 .mcal_const    0x0041614c        0xc ./RTD/src/Clock_Ip_FracDiv.o
                0x0041614c                Clock_Ip_axFracDivCallbacks
 .mcal_const    0x00416158       0x10 ./RTD/src/Clock_Ip_Gate.o
                0x00416158                Clock_Ip_axGateCallbacks
 .mcal_const    0x00416168       0x30 ./RTD/src/Clock_Ip_IntOsc.o
                0x00416168                Clock_Ip_axIntOscCallbacks
 .mcal_const    0x00416198       0x20 ./RTD/src/Clock_Ip_Monitor.o
                0x00416198                Clock_Ip_axCmuCallbacks
 .mcal_const    0x004161b8       0x28 ./RTD/src/Clock_Ip_Pll.o
                0x004161b8                Clock_Ip_axPllCallbacks
 .mcal_const    0x004161e0        0x8 ./RTD/src/Clock_Ip_ProgFreqSwitch.o
                0x004161e0                Clock_Ip_axPcfsCallbacks
 .mcal_const    0x004161e8       0x28 ./RTD/src/Clock_Ip_Selector.o
                0x004161e8                Clock_Ip_axSelectorCallbacks
 .mcal_const    0x00416210       0x18 ./RTD/src/FlexCAN_Ip.o
 .mcal_const    0x00416228        0x8 ./RTD/src/Lpi2c_Ip.o
 .mcal_const    0x00416230       0x40 ./RTD/src/Lpuart_Uart_Ip.o
                0x00416270                . = ALIGN (0x4)
                0x00416270                __init_table = .
 *(.init_table)
 .init_table    0x00416270       0x4c ./Project_Settings/Startup_Code/startup_cm7.o
                0x004162bc                . = ALIGN (0x4)
                0x004162bc                __zero_table = .
 *(.zero_table)
 .zero_table    0x004162bc       0x1c ./Project_Settings/Startup_Code/startup_cm7.o

.ARM.extab      0x004162d8        0x0
 .ARM.extab     0x004162d8        0x0 c:/nxp/s32ds.3.6.5/s32ds/build_tools/gcc_v10.2/gcc-10.2-arm32-eabi/bin/../lib/gcc/arm-none-eabi/10.2.0/thumb/v7e-m+fp/hard\libgcc.a(_udivmoddi4.o)

.ARM.exidx      0x004162d8        0x8
 .ARM.exidx     0x004162d8        0x8 c:/nxp/s32ds.3.6.5/s32ds/build_tools/gcc_v10.2/gcc-10.2-arm32-eabi/bin/../lib/gcc/arm-none-eabi/10.2.0/thumb/v7e-m+fp/hard\libgcc.a(_udivmoddi4.o)

.glue_7         0x004162e0        0x0
 .glue_7        0x004162e0        0x0 linker stubs

.glue_7t        0x004162e0        0x0
 .glue_7t       0x004162e0        0x0 linker stubs

.vfp11_veneer   0x004162e0        0x0
 .vfp11_veneer  0x004162e0        0x0 linker stubs

.v4_bx          0x004162e0        0x0
 .v4_bx         0x004162e0        0x0 linker stubs

.iplt           0x004162e0        0x0
 .iplt          0x004162e0        0x0 ./FreeRTOS/Source/event_groups.o

.rel.dyn        0x004162e0        0x0
 .rel.iplt      0x004162e0        0x0 ./FreeRTOS/Source/event_groups.o
                0x004162e0                . = ALIGN (0x4)
                0x004162e0                __text_end = .
                0x004162e0                __sram_data_rom = __text_end

.sram_bss       0x20400000     0xafa4
                0x20400000                . = ALIGN (0x8)
                0x20400000                __standby_ram_begin__ = .
 *(.standby_data)
                0x20400000                . = ALIGN (0x8)
                0x20400000                __standby_ram_end__ = .
                0x20400000                . = ALIGN (0x10)
                0x20400000                __sram_bss_start = .
 *(.bss)
 .bss           0x20400000        0x0 ./FreeRTOS/Source/croutine.o
 .bss           0x20400000        0x0 ./FreeRTOS/Source/event_groups.o
 .bss           0x20400000        0x0 ./FreeRTOS/Source/list.o
 .bss           0x20400000       0x40 ./FreeRTOS/Source/queue.o
                0x20400000                xQueueRegistry
 .bss           0x20400040        0x0 ./FreeRTOS/Source/stream_buffer.o
 .bss           0x20400040      0x104 ./FreeRTOS/Source/tasks.o
                0x2040004c                pxCurrentTCB
 .bss           0x20400144       0x3c ./FreeRTOS/Source/timers.o
 .bss           0x20400180       0x18 ./FreeRTOS/Source/portable/GCC/ARM_CM7/r0p1/port.o
                0x20400180                uxCriticalNesting
                0x20400184                svc_id
                0x20400194                uxInterruptNested
 .bss           0x20400198     0x8008 ./FreeRTOS/Source/portable/MemMang/heap_1.o
 .bss           0x204081a0        0x0 ./Project_Settings/Startup_Code/Vector_Table.o
 .bss           0x204081a0        0x0 ./Project_Settings/Startup_Code/exceptions.o
 .bss           0x204081a0        0x0 ./Project_Settings/Startup_Code/nvic.o
 .bss           0x204081a0        0x0 ./Project_Settings/Startup_Code/startup.o
 .bss           0x204081a0        0x0 ./Project_Settings/Startup_Code/startup_cm7.o
 .bss           0x204081a0       0x80 ./Project_Settings/Startup_Code/system.o
                0x204081a0                rbar
                0x204081e0                rasr
 .bss           0x20408220        0x0 ./RTD/src/Clock_Ip.o
 .bss           0x20408220        0x0 ./RTD/src/Clock_Ip_Data.o
 .bss           0x20408220        0x0 ./RTD/src/Clock_Ip_Divider.o
 .bss           0x20408220        0x0 ./RTD/src/Clock_Ip_DividerTrigger.o
 .bss           0x20408220        0x0 ./RTD/src/Clock_Ip_ExtOsc.o
 .bss           0x20408220        0x0 ./RTD/src/Clock_Ip_FracDiv.o
 .bss           0x20408220        0x0 ./RTD/src/Clock_Ip_Frequency.o
 .bss           0x20408220        0x0 ./RTD/src/Clock_Ip_Gate.o
 .bss           0x20408220        0x0 ./RTD/src/Clock_Ip_IntOsc.o
 .bss           0x20408220        0x0 ./RTD/src/Clock_Ip_Irq.o
 .bss           0x20408220        0x0 ./RTD/src/Clock_Ip_Monitor.o
 .bss           0x20408220        0x0 ./RTD/src/Clock_Ip_Pll.o
 .bss           0x20408220        0x0 ./RTD/src/Clock_Ip_ProgFreqSwitch.o
 .bss           0x20408220        0x0 ./RTD/src/Clock_Ip_Selector.o
 .bss           0x20408220        0x0 ./RTD/src/Clock_Ip_Specific.o
 .bss           0x20408220        0x0 ./RTD/src/Det.o
 .bss           0x20408220        0x0 ./RTD/src/Det_stub.o
 .bss           0x20408220        0x0 ./RTD/src/FlexCAN_Ip.o
 .bss           0x20408220        0x0 ./RTD/src/FlexCAN_Ip_HwAccess.o
 .bss           0x20408220        0x0 ./RTD/src/FlexCAN_Ip_Irq.o
 .bss           0x20408220        0x0 ./RTD/src/Igf_Port_Ip.o
 .bss           0x20408220        0x0 ./RTD/src/IntCtrl_Ip.o
 .bss           0x20408220        0x0 ./RTD/src/Lpi2c_Ip.o
 .bss           0x20408220        0x0 ./RTD/src/Lpi2c_Ip_Irq.o
 .bss           0x20408220        0x0 ./RTD/src/Lpuart_Uart_Ip.o
 .bss           0x20408220        0x0 ./RTD/src/Lpuart_Uart_Ip_Irq.o
 .bss           0x20408220        0x0 ./RTD/src/OsIf_Interrupts.o
 .bss           0x20408220        0x0 ./RTD/src/OsIf_Software_Semaphore.o
 .bss           0x20408220        0x0 ./RTD/src/OsIf_Timer.o
 .bss           0x20408220        0x0 ./RTD/src/OsIf_Timer_System.o
 .bss           0x20408220        0x0 ./RTD/src/OsIf_Timer_System_Internal_Systick.o
 .bss           0x20408220        0x0 ./RTD/src/SchM_BaseNXP.o
 .bss           0x20408220        0x0 ./RTD/src/SchM_Can_43_FLEXCAN.o
 .bss           0x20408220        0x0 ./RTD/src/SchM_Dio.o
 .bss           0x20408220        0x0 ./RTD/src/SchM_I2c.o
 .bss           0x20408220        0x0 ./RTD/src/SchM_Mcu.o
 .bss           0x20408220        0x0 ./RTD/src/SchM_Port.o
 .bss           0x20408220        0x0 ./RTD/src/SchM_Uart.o
 .bss           0x20408220        0x0 ./RTD/src/Siul2_Dio_Ip.o
 .bss           0x20408220        0x0 ./RTD/src/Siul2_Port_Ip.o
 .bss           0x20408220        0x0 ./RTD/src/Tspc_Port_Ip.o
 .bss           0x20408220        0x0 ./board/Siul2_Port_Ip_Cfg.o
 .bss           0x20408220        0x0 ./board/Tspc_Port_Ip_Cfg.o
 .bss           0x20408220        0x0 ./generate/src/Clock_Ip_Cfg.o
 .bss           0x20408220        0x0 ./generate/src/FlexCAN_Ip_Sa_PBcfg.o
 .bss           0x20408220        0x0 ./generate/src/Igf_Port_Ip_Cfg.o
 .bss           0x20408220        0x0 ./generate/src/IntCtrl_Ip_Cfg.o
 .bss           0x20408220        0x0 ./generate/src/Lpi2c_Ip_Sa_PBcfg.o
 .bss           0x20408220        0x0 ./generate/src/Lpuart_Uart_Ip_Sa_PBcfg.o
 .bss           0x20408220        0x0 ./generate/src/OsIf_Cfg.o
 .bss           0x20408220      0x428 ./src/main.o
                0x20408644                exit_code
 .bss           0x20408648        0x0 c:/nxp/s32ds.3.6.5/s32ds/build_tools/gcc_v10.2/gcc-10.2-arm32-eabi/bin/../lib/gcc/arm-none-eabi/10.2.0/../../../../arm-none-eabi/lib/thumb/v7e-m+fp/hard\libc_nano.a(lib_a-memcpy-stub.o)
 .bss           0x20408648        0x0 c:/nxp/s32ds.3.6.5/s32ds/build_tools/gcc_v10.2/gcc-10.2-arm32-eabi/bin/../lib/gcc/arm-none-eabi/10.2.0/../../../../arm-none-eabi/lib/thumb/v7e-m+fp/hard\libc_nano.a(lib_a-memmove.o)
 .bss           0x20408648        0x0 c:/nxp/s32ds.3.6.5/s32ds/build_tools/gcc_v10.2/gcc-10.2-arm32-eabi/bin/../lib/gcc/arm-none-eabi/10.2.0/../../../../arm-none-eabi/lib/thumb/v7e-m+fp/hard\libc_nano.a(lib_a-memset.o)
 .bss           0x20408648        0x0 c:/nxp/s32ds.3.6.5/s32ds/build_tools/gcc_v10.2/gcc-10.2-arm32-eabi/bin/../lib/gcc/arm-none-eabi/10.2.0/../../../../arm-none-eabi/lib/thumb/v7e-m+fp/hard\libc_nano.a(lib_a-snprintf.o)
 .bss           0x20408648        0x0 c:/nxp/s32ds.3.6.5/s32ds/build_tools/gcc_v10.2/gcc-10.2-arm32-eabi/bin/../lib/gcc/arm-none-eabi/10.2.0/../../../../arm-none-eabi/lib/thumb/v7e-m+fp/hard\libc_nano.a(lib_a-strcpy.o)
 .bss           0x20408648        0x0 c:/nxp/s32ds.3.6.5/s32ds/build_tools/gcc_v10.2/gcc-10.2-arm32-eabi/bin/../lib/gcc/arm-none-eabi/10.2.0/../../../../arm-none-eabi/lib/thumb/v7e-m+fp/hard\libc_nano.a(lib_a-strlen.o)
 .bss           0x20408648        0x0 c:/nxp/s32ds.3.6.5/s32ds/build_tools/gcc_v10.2/gcc-10.2-arm32-eabi/bin/../lib/gcc/arm-none-eabi/10.2.0/../../../../arm-none-eabi/lib/thumb/v7e-m+fp/hard\libc_nano.a(lib_a-impure.o)
 .bss           0x20408648        0x0 c:/nxp/s32ds.3.6.5/s32ds/build_tools/gcc_v10.2/gcc-10.2-arm32-eabi/bin/../lib/gcc/arm-none-eabi/10.2.0/../../../../arm-none-eabi/lib/thumb/v7e-m+fp/hard\libc_nano.a(lib_a-nano-svfprintf.o)
 .bss           0x20408648        0x0 c:/nxp/s32ds.3.6.5/s32ds/build_tools/gcc_v10.2/gcc-10.2-arm32-eabi/bin/../lib/gcc/arm-none-eabi/10.2.0/../../../../arm-none-eabi/lib/thumb/v7e-m+fp/hard\libc_nano.a(lib_a-nano-vfprintf_i.o)
 .bss           0x20408648        0x0 c:/nxp/s32ds.3.6.5/s32ds/build_tools/gcc_v10.2/gcc-10.2-arm32-eabi/bin/../lib/gcc/arm-none-eabi/10.2.0/../../../../arm-none-eabi/lib/thumb/v7e-m+fp/hard\libc_nano.a(lib_a-memchr.o)
 .bss           0x20408648        0x0 c:/nxp/s32ds.3.6.5/s32ds/build_tools/gcc_v10.2/gcc-10.2-arm32-eabi/bin/../lib/gcc/arm-none-eabi/10.2.0/../../../../arm-none-eabi/lib/thumb/v7e-m+fp/hard\libc_nano.a(lib_a-nano-freer.o)
 .bss           0x20408648        0x0 c:/nxp/s32ds.3.6.5/s32ds/build_tools/gcc_v10.2/gcc-10.2-arm32-eabi/bin/../lib/gcc/arm-none-eabi/10.2.0/../../../../arm-none-eabi/lib/thumb/v7e-m+fp/hard\libc_nano.a(lib_a-nano-mallocr.o)
 .bss           0x20408648        0x0 c:/nxp/s32ds.3.6.5/s32ds/build_tools/gcc_v10.2/gcc-10.2-arm32-eabi/bin/../lib/gcc/arm-none-eabi/10.2.0/../../../../arm-none-eabi/lib/thumb/v7e-m+fp/hard\libc_nano.a(lib_a-nano-reallocr.o)
 .bss           0x20408648        0x0 c:/nxp/s32ds.3.6.5/s32ds/build_tools/gcc_v10.2/gcc-10.2-arm32-eabi/bin/../lib/gcc/arm-none-eabi/10.2.0/../../../../arm-none-eabi/lib/thumb/v7e-m+fp/hard\libc_nano.a(lib_a-sbrkr.o)
 .bss           0x20408648        0x0 c:/nxp/s32ds.3.6.5/s32ds/build_tools/gcc_v10.2/gcc-10.2-arm32-eabi/bin/../lib/gcc/arm-none-eabi/10.2.0/../../../../arm-none-eabi/lib/thumb/v7e-m+fp/hard\libc_nano.a(lib_a-mlock.o)
 .bss           0x20408648        0x0 c:/nxp/s32ds.3.6.5/s32ds/build_tools/gcc_v10.2/gcc-10.2-arm32-eabi/bin/../lib/gcc/arm-none-eabi/10.2.0/../../../../arm-none-eabi/lib/thumb/v7e-m+fp/hard\libc_nano.a(lib_a-nano-msizer.o)
 .bss           0x20408648        0x0 c:/nxp/s32ds.3.6.5/s32ds/build_tools/gcc_v10.2/gcc-10.2-arm32-eabi/bin/../lib/gcc/arm-none-eabi/10.2.0/../../../../arm-none-eabi/lib/thumb/v7e-m+fp/hard\libc_nano.a(lib_a-reent.o)
 .bss           0x20408648        0x0 c:/nxp/s32ds.3.6.5/s32ds/build_tools/gcc_v10.2/gcc-10.2-arm32-eabi/bin/../lib/gcc/arm-none-eabi/10.2.0/thumb/v7e-m+fp/hard\libgcc.a(_aeabi_ldivmod.o)
 .bss           0x20408648        0x0 c:/nxp/s32ds.3.6.5/s32ds/build_tools/gcc_v10.2/gcc-10.2-arm32-eabi/bin/../lib/gcc/arm-none-eabi/10.2.0/thumb/v7e-m+fp/hard\libgcc.a(_aeabi_uldivmod.o)
 .bss           0x20408648        0x0 c:/nxp/s32ds.3.6.5/s32ds/build_tools/gcc_v10.2/gcc-10.2-arm32-eabi/bin/../lib/gcc/arm-none-eabi/10.2.0/thumb/v7e-m+fp/hard\libgcc.a(_udivmoddi4.o)
 .bss           0x20408648        0x0 c:/nxp/s32ds.3.6.5/s32ds/build_tools/gcc_v10.2/gcc-10.2-arm32-eabi/bin/../lib/gcc/arm-none-eabi/10.2.0/thumb/v7e-m+fp/hard\libgcc.a(_dvmd_tls.o)
 .bss           0x20408648        0x0 c:/nxp/s32ds.3.6.5/s32ds/build_tools/gcc_v10.2/gcc-10.2-arm32-eabi/bin/../lib/gcc/arm-none-eabi/10.2.0/../../../../arm-none-eabi/lib/thumb/v7e-m+fp/hard\libnosys.a(sbrk.o)
 *(.bss*)
 .bss.__malloc_free_list
                0x20408648        0x4 c:/nxp/s32ds.3.6.5/s32ds/build_tools/gcc_v10.2/gcc-10.2-arm32-eabi/bin/../lib/gcc/arm-none-eabi/10.2.0/../../../../arm-none-eabi/lib/thumb/v7e-m+fp/hard\libc_nano.a(lib_a-nano-mallocr.o)
                0x20408648                __malloc_free_list
 .bss.__malloc_sbrk_start
                0x2040864c        0x4 c:/nxp/s32ds.3.6.5/s32ds/build_tools/gcc_v10.2/gcc-10.2-arm32-eabi/bin/../lib/gcc/arm-none-eabi/10.2.0/../../../../arm-none-eabi/lib/thumb/v7e-m+fp/hard\libc_nano.a(lib_a-nano-mallocr.o)
                0x2040864c                __malloc_sbrk_start
 .bss.errno     0x20408650        0x4 c:/nxp/s32ds.3.6.5/s32ds/build_tools/gcc_v10.2/gcc-10.2-arm32-eabi/bin/../lib/gcc/arm-none-eabi/10.2.0/../../../../arm-none-eabi/lib/thumb/v7e-m+fp/hard\libc_nano.a(lib_a-reent.o)
                0x20408650                errno
 .bss.heap_end.0
                0x20408654        0x4 c:/nxp/s32ds.3.6.5/s32ds/build_tools/gcc_v10.2/gcc-10.2-arm32-eabi/bin/../lib/gcc/arm-none-eabi/10.2.0/../../../../arm-none-eabi/lib/thumb/v7e-m+fp/hard\libnosys.a(sbrk.o)
                0x20408660                . = ALIGN (0x10)
 *fill*         0x20408658        0x8 
 *(.mcal_bss)
 .mcal_bss      0x20408660        0x4 ./Project_Settings/Startup_Code/system.o
                0x20408660                RESET_CATCH_CORE
 .mcal_bss      0x20408664       0x95 ./RTD/src/Clock_Ip.o
                0x20408668                Clock_Ip_FreqIds
                0x204086f4                Clock_Ip_pxConfig
 *fill*         0x204086f9        0x3 
 .mcal_bss      0x204086fc        0xc ./RTD/src/Clock_Ip_Monitor.o
 .mcal_bss      0x20408708        0x8 ./RTD/src/Clock_Ip_ProgFreqSwitch.o
 .mcal_bss      0x20408710        0xc ./RTD/src/Clock_Ip_Specific.o
 .mcal_bss      0x2040871c       0x18 ./RTD/src/FlexCAN_Ip.o
 .mcal_bss      0x20408734      0x348 ./RTD/src/FlexCAN_Ip_HwAccess.o
 .mcal_bss      0x20408a7c        0x8 ./RTD/src/Siul2_Port_Ip.o
 .mcal_bss      0x20408a84     0x2520 ./generate/src/FlexCAN_Ip_Sa_PBcfg.o
                0x20408a84                FlexCAN_State3
                0x204090b4                FlexCAN_State2
                0x204096e4                FlexCAN_State1