Archive member included to satisfy reference by file (symbol)

c:/nxp/s32ds.3.6.5/s32ds/build_tools/gcc_v10.2/gcc-10.2-arm32-eabi/bin/../lib/gcc/arm-none-eabi/10.2.0/../../../../arm-none-eabi/lib/thumb/v7e-m+fp/hard\libc_nano.a(lib_a-memcpy-stub.o)
                              ./FreeRTOS/Source/queue.o (memcpy)
c:/nxp/s32ds.3.6.5/s32ds/build_tools/gcc_v10.2/gcc-10.2-arm32-eabi/bin/../lib/gcc/arm-none-eabi/10.2.0/../../../../arm-none-eabi/lib/thumb/v7e-m+fp/hard\libc_nano.a(lib_a-memmove.o)
                              ./RTD/src/Siul2_Port_Ip.o (memmove)
c:/nxp/s32ds.3.6.5/s32ds/build_tools/gcc_v10.2/gcc-10.2-arm32-eabi/bin/../lib/gcc/arm-none-eabi/10.2.0/../../../../arm-none-eabi/lib/thumb/v7e-m+fp/hard\libc_nano.a(lib_a-memset.o)
                              ./FreeRTOS/Source/stream_buffer.o (memset)
c:/nxp/s32ds.3.6.5/s32ds/build_tools/gcc_v10.2/gcc-10.2-arm32-eabi/bin/../lib/gcc/arm-none-eabi/10.2.0/../../../../arm-none-eabi/lib/thumb/v7e-m+fp/hard\libc_nano.a(lib_a-nano-vfprintf_float.o)
                              (_printf_float)
c:/nxp/s32ds.3.6.5/s32ds/build_tools/gcc_v10.2/gcc-10.2-arm32-eabi/bin/../lib/gcc/arm-none-eabi/10.2.0/../../../../arm-none-eabi/lib/thumb/v7e-m+fp/hard\libc_nano.a(lib_a-nano-vfprintf_i.o)
                              c:/nxp/s32ds.3.6.5/s32ds/build_tools/gcc_v10.2/gcc-10.2-arm32-eabi/bin/../lib/gcc/arm-none-eabi/10.2.0/../../../../arm-none-eabi/lib/thumb/v7e-m+fp/hard\libc_nano.a(lib_a-nano-vfprintf_float.o) (_printf_common)
c:/nxp/s32ds.3.6.5/s32ds/build_tools/gcc_v10.2/gcc-10.2-arm32-eabi/bin/../lib/gcc/arm-none-eabi/10.2.0/../../../../arm-none-eabi/lib/thumb/v7e-m+fp/hard\libc_nano.a(lib_a-snprintf.o)
                              ./FreeRTOS/Source/tasks.o (snprintf)
c:/nxp/s32ds.3.6.5/s32ds/build_tools/gcc_v10.2/gcc-10.2-arm32-eabi/bin/../lib/gcc/arm-none-eabi/10.2.0/../../../../arm-none-eabi/lib/thumb/v7e-m+fp/hard\libc_nano.a(lib_a-strcpy.o)
                              ./FreeRTOS/Source/tasks.o (strcpy)
c:/nxp/s32ds.3.6.5/s32ds/build_tools/gcc_v10.2/gcc-10.2-arm32-eabi/bin/../lib/gcc/arm-none-eabi/10.2.0/../../../../arm-none-eabi/lib/thumb/v7e-m+fp/hard\libc_nano.a(lib_a-strlen.o)
                              ./FreeRTOS/Source/tasks.o (strlen)
c:/nxp/s32ds.3.6.5/s32ds/build_tools/gcc_v10.2/gcc-10.2-arm32-eabi/bin/../lib/gcc/arm-none-eabi/10.2.0/../../../../arm-none-eabi/lib/thumb/v7e-m+fp/hard\libc_nano.a(lib_a-dtoa.o)
                              c:/nxp/s32ds.3.6.5/s32ds/build_tools/gcc_v10.2/gcc-10.2-arm32-eabi/bin/../lib/gcc/arm-none-eabi/10.2.0/../../../../arm-none-eabi/lib/thumb/v7e-m+fp/hard\libc_nano.a(lib_a-nano-vfprintf_float.o) (_dtoa_r)
c:/nxp/s32ds.3.6.5/s32ds/build_tools/gcc_v10.2/gcc-10.2-arm32-eabi/bin/../lib/gcc/arm-none-eabi/10.2.0/../../../../arm-none-eabi/lib/thumb/v7e-m+fp/hard\libc_nano.a(lib_a-impure.o)
                              c:/nxp/s32ds.3.6.5/s32ds/build_tools/gcc_v10.2/gcc-10.2-arm32-eabi/bin/../lib/gcc/arm-none-eabi/10.2.0/../../../../arm-none-eabi/lib/thumb/v7e-m+fp/hard\libc_nano.a(lib_a-snprintf.o) (_impure_ptr)
c:/nxp/s32ds.3.6.5/s32ds/build_tools/gcc_v10.2/gcc-10.2-arm32-eabi/bin/../lib/gcc/arm-none-eabi/10.2.0/../../../../arm-none-eabi/lib/thumb/v7e-m+fp/hard\libc_nano.a(lib_a-localeconv.o)
                              c:/nxp/s32ds.3.6.5/s32ds/build_tools/gcc_v10.2/gcc-10.2-arm32-eabi/bin/../lib/gcc/arm-none-eabi/10.2.0/../../../../arm-none-eabi/lib/thumb/v7e-m+fp/hard\libc_nano.a(lib_a-nano-vfprintf_float.o) (_localeconv_r)
c:/nxp/s32ds.3.6.5/s32ds/build_tools/gcc_v10.2/gcc-10.2-arm32-eabi/bin/../lib/gcc/arm-none-eabi/10.2.0/../../../../arm-none-eabi/lib/thumb/v7e-m+fp/hard\libc_nano.a(lib_a-locale.o)
                              c:/nxp/s32ds.3.6.5/s32ds/build_tools/gcc_v10.2/gcc-10.2-arm32-eabi/bin/../lib/gcc/arm-none-eabi/10.2.0/../../../../arm-none-eabi/lib/thumb/v7e-m+fp/hard\libc_nano.a(lib_a-localeconv.o) (__global_locale)
c:/nxp/s32ds.3.6.5/s32ds/build_tools/gcc_v10.2/gcc-10.2-arm32-eabi/bin/../lib/gcc/arm-none-eabi/10.2.0/../../../../arm-none-eabi/lib/thumb/v7e-m+fp/hard\libc_nano.a(lib_a-malloc.o)
                              c:/nxp/s32ds.3.6.5/s32ds/build_tools/gcc_v10.2/gcc-10.2-arm32-eabi/bin/../lib/gcc/arm-none-eabi/10.2.0/../../../../arm-none-eabi/lib/thumb/v7e-m+fp/hard\libc_nano.a(lib_a-dtoa.o) (malloc)
c:/nxp/s32ds.3.6.5/s32ds/build_tools/gcc_v10.2/gcc-10.2-arm32-eabi/bin/../lib/gcc/arm-none-eabi/10.2.0/../../../../arm-none-eabi/lib/thumb/v7e-m+fp/hard\libc_nano.a(lib_a-mbtowc_r.o)
                              c:/nxp/s32ds.3.6.5/s32ds/build_tools/gcc_v10.2/gcc-10.2-arm32-eabi/bin/../lib/gcc/arm-none-eabi/10.2.0/../../../../arm-none-eabi/lib/thumb/v7e-m+fp/hard\libc_nano.a(lib_a-locale.o) (__ascii_mbtowc)
c:/nxp/s32ds.3.6.5/s32ds/build_tools/gcc_v10.2/gcc-10.2-arm32-eabi/bin/../lib/gcc/arm-none-eabi/10.2.0/../../../../arm-none-eabi/lib/thumb/v7e-m+fp/hard\libc_nano.a(lib_a-memchr.o)
[...]
Memory Configuration

Name             Origin             Length             Attributes
int_pflash       0x00400000         0x003ce000
int_dflash       0x10000000         0x00010000
int_itcm         0x00000000         0x00010000
int_dtcm         0x20000000         0x0001f000
int_stack_dtcm   0x2001f000         0x00001000
int_sram         0x20400000         0x0002ff00
int_sram_fls_rsv 0x2042ff00         0x00000100
int_sram_no_cacheable 0x20430000         0x0000ff00
int_sram_results 0x2043ff00         0x00000100
int_sram_shareable 0x20440000         0x00004000
ram_rsvd2        0x20444000         0x00000000
*default*        0x00000000         0xffffffff

Linker script and memory map

LOAD ./FreeRTOS/Source/croutine.o
LOAD ./FreeRTOS/Source/event_groups.o
LOAD ./FreeRTOS/Source/list.o
LOAD ./FreeRTOS/Source/queue.o
LOAD ./FreeRTOS/Source/stream_buffer.o
LOAD ./FreeRTOS/Source/tasks.o
LOAD ./FreeRTOS/Source/timers.o
LOAD ./FreeRTOS/Source/portable/GCC/ARM_CM7/r0p1/port.o
LOAD ./FreeRTOS/Source/portable/MemMang/heap_1.o
LOAD ./Project_Settings/Startup_Code/Vector_Table.o
LOAD ./Project_Settings/Startup_Code/exceptions.o
LOAD ./Project_Settings/Startup_Code/nvic.o
LOAD ./Project_Settings/Startup_Code/startup.o
LOAD ./Project_Settings/Startup_Code/startup_cm7.o
LOAD ./Project_Settings/Startup_Code/system.o
LOAD ./RTD/src/Clock_Ip.o
LOAD ./RTD/src/Clock_Ip_Data.o
LOAD ./RTD/src/Clock_Ip_Divider.o
LOAD ./RTD/src/Clock_Ip_DividerTrigger.o
LOAD ./RTD/src/Clock_Ip_ExtOsc.o
LOAD ./RTD/src/Clock_Ip_FracDiv.o
LOAD ./RTD/src/Clock_Ip_Frequency.o
LOAD ./RTD/src/Clock_Ip_Gate.o
LOAD ./RTD/src/Clock_Ip_IntOsc.o
LOAD ./RTD/src/Clock_Ip_Irq.o
LOAD ./RTD/src/Clock_Ip_Monitor.o
LOAD ./RTD/src/Clock_Ip_Pll.o
LOAD ./RTD/src/Clock_Ip_ProgFreqSwitch.o
LOAD ./RTD/src/Clock_Ip_Selector.o
LOAD ./RTD/src/Clock_Ip_Specific.o
LOAD ./RTD/src/Det.o
LOAD ./RTD/src/Det_stub.o
LOAD ./RTD/src/FlexCAN_Ip.o
LOAD ./RTD/src/FlexCAN_Ip_HwAccess.o
LOAD ./RTD/src/FlexCAN_Ip_Irq.o
LOAD ./RTD/src/Igf_Port_Ip.o
LOAD ./RTD/src/IntCtrl_Ip.o
LOAD ./RTD/src/Lpi2c_Ip.o
LOAD ./RTD/src/Lpi2c_Ip_Irq.o
LOAD ./RTD/src/Lpuart_Uart_Ip.o
LOAD ./RTD/src/Lpuart_Uart_Ip_Irq.o
LOAD ./RTD/src/OsIf_Interrupts.o
LOAD ./RTD/src/OsIf_Software_Semaphore.o
LOAD ./RTD/src/OsIf_Timer.o
LOAD ./RTD/src/OsIf_Timer_System.o
LOAD ./RTD/src/OsIf_Timer_System_Internal_Systick.o
LOAD ./RTD/src/SchM_BaseNXP.o
LOAD ./RTD/src/SchM_Can_43_FLEXCAN.o
LOAD ./RTD/src/SchM_Dio.o
LOAD ./RTD/src/SchM_I2c.o
LOAD ./RTD/src/SchM_Mcu.o
LOAD ./RTD/src/SchM_Port.o
LOAD ./RTD/src/SchM_Uart.o
LOAD ./RTD/src/Siul2_Dio_Ip.o
LOAD ./RTD/src/Siul2_Port_Ip.o
LOAD ./RTD/src/Tspc_Port_Ip.o
LOAD ./board/Siul2_Port_Ip_Cfg.o
LOAD ./board/Tspc_Port_Ip_Cfg.o
LOAD ./generate/src/Clock_Ip_Cfg.o
LOAD ./generate/src/FlexCAN_Ip_Sa_PBcfg.o
LOAD ./generate/src/Igf_Port_Ip_Cfg.o
LOAD ./generate/src/IntCtrl_Ip_Cfg.o
LOAD ./generate/src/Lpi2c_Ip_Sa_PBcfg.o
LOAD ./generate/src/Lpuart_Uart_Ip_Sa_PBcfg.o
LOAD ./generate/src/OsIf_Cfg.o
LOAD ./src/can_frame.o
LOAD ./src/decoder.o
LOAD ./src/main.o
LOAD ./src/monitor.o
LOAD ./src/static_message.o
LOAD c:/nxp/s32ds.3.6.5/s32ds/build_tools/gcc_v10.2/gcc-10.2-arm32-eabi/bin/../lib/gcc/arm-none-eabi/10.2.0/../../../../arm-none-eabi/lib/thumb/v7e-m+fp/hard\libc_nano.a
LOAD c:/nxp/s32ds.3.6.5/s32ds/build_tools/gcc_v10.2/gcc-10.2-arm32-eabi/bin/../lib/gcc/arm-none-eabi/10.2.0/../../../../arm-none-eabi/lib/thumb/v7e-m+fp/hard\libm.a
LOAD c:/nxp/s32ds.3.6.5/s32ds/build_tools/gcc_v10.2/gcc-10.2-arm32-eabi/bin/../lib/gcc/arm-none-eabi/10.2.0/thumb/v7e-m+fp/hard\libgcc.a
START GROUP
LOAD c:/nxp/s32ds.3.6.5/s32ds/build_tools/gcc_v10.2/gcc-10.2-arm32-eabi/bin/../lib/gcc/arm-none-eabi/10.2.0/thumb/v7e-m+fp/hard\libgcc.a
LOAD c:/nxp/s32ds.3.6.5/s32ds/build_tools/gcc_v10.2/gcc-10.2-arm32-eabi/bin/../lib/gcc/arm-none-eabi/10.2.0/../../../../arm-none-eabi/lib/thumb/v7e-m+fp/hard\libg_nano.a
LOAD c:/nxp/s32ds.3.6.5/s32ds/build_tools/gcc_v10.2/gcc-10.2-arm32-eabi/bin/../lib/gcc/arm-none-eabi/10.2.0/../../../../arm-none-eabi/lib/thumb/v7e-m+fp/hard\libc_nano.a
END GROUP
START GROUP
LOAD c:/nxp/s32ds.3.6.5/s32ds/build_tools/gcc_v10.2/gcc-10.2-arm32-eabi/bin/../lib/gcc/arm-none-eabi/10.2.0/thumb/v7e-m+fp/hard\libgcc.a
LOAD c:/nxp/s32ds.3.6.5/s32ds/build_tools/gcc_v10.2/gcc-10.2-arm32-eabi/bin/../lib/gcc/arm-none-eabi/10.2.0/../../../../arm-none-eabi/lib/thumb/v7e-m+fp/hard\libc_nano.a
LOAD c:/nxp/s32ds.3.6.5/s32ds/build_tools/gcc_v10.2/gcc-10.2-arm32-eabi/bin/../lib/gcc/arm-none-eabi/10.2.0/../../../../arm-none-eabi/lib/thumb/v7e-m+fp/hard\libnosys.a
END GROUP
START GROUP
LOAD c:/nxp/s32ds.3.6.5/s32ds/build_tools/gcc_v10.2/gcc-10.2-arm32-eabi/bin/../lib/gcc/arm-none-eabi/10.2.0/thumb/v7e-m+fp/hard\libgcc.a
LOAD c:/nxp/s32ds.3.6.5/s32ds/build_tools/gcc_v10.2/gcc-10.2-arm32-eabi/bin/../lib/gcc/arm-none-eabi/10.2.0/../../../../arm-none-eabi/lib/thumb/v7e-m+fp/hard\libc_nano.a
LOAD c:/nxp/s32ds.3.6.5/s32ds/build_tools/gcc_v10.2/gcc-10.2-arm32-eabi/bin/../lib/gcc/arm-none-eabi/10.2.0/../../../../arm-none-eabi/lib/thumb/v7e-m+fp/hard\libnosys.a
END GROUP
                0x00002000                HEAP_SIZE = DEFINED (__heap_size__)?__heap_size__:0x2000
                0x20407fff                __STANDBY_RAM_LIMIT_END = 0x20407fff
                0x00032000                __HSE_CODE_SIZE = 0x32000
                0x00010000                __HSE_DATA_SIZE = 0x10000

.pflash         0x00400000    0x1b200
 *(.boot_header)
 .boot_header   0x00400000      0x100 ./Project_Settings/Startup_Code/startup_cm7.o
                0x00402000                . = ALIGN (0x2000)
 *fill*         0x00400100     0x1f00 
                0x00402000                __text_start = .
                0x00402000                __interrupts_init_start = .
 *(.intc_vector)
 .intc_vector   0x00402000      0x408 ./Project_Settings/Startup_Code/Vector_Table.o
                0x00402000                VTABLE
                0x00402408                . = ALIGN (0x4)
                0x00402408                __interrupts_init_end = .
 *(.core_loop)
 .core_loop     0x00402408        0xc ./Project_Settings/Startup_Code/startup_cm7.o
                0x00402408                _core_loop
                0x00402414                . = ALIGN (0x4)
 *(.startup)
 *fill*         0x00402414        0xc 
 .startup       0x00402420      0x214 ./Project_Settings/Startup_Code/startup_cm7.o
                0x00402420                Reset_Handler
                0x00402420                _start
                0x004025b4                MCAL_LTB_TRACE_OFF
                0x004025b6                _end_of_eunit_test
                0x00402634                . = ALIGN (0x4)
 *(.systeminit)
                0x00402634                . = ALIGN (0x4)
 *(.text.startup)
 .text.startup  0x00402634      0x484 ./src/main.o
                0x00402634                main
                0x00402ab8                . = ALIGN (0x4)
 *(.text)
 .text          0x00402ab8        0x0 ./FreeRTOS/Source/croutine.o
 .text          0x00402ab8      0x2d0 ./FreeRTOS/Source/event_groups.o
                0x00402ab8                xEventGroupCreate
                0x00402ad2                xEventGroupWaitBits
                0x00402baa                xEventGroupClearBits
                0x00402bd4                vEventGroupClearBitsCallback
                0x00402bd8                xEventGroupClearBitsFromISR
                0x00402be8                xEventGroupGetBitsFromISR
                0x00402c14                xEventGroupSetBits
                0x00402c7e                xEventGroupSync
                0x00402d30                vEventGroupSetBitsCallback
                0x00402d34                vEventGroupDelete
                0x00402d6c                xEventGroupSetBitsFromISR
                0x00402d7c                uxEventGroupGetNumber
                0x00402d82                vEventGroupSetNumber
 .text          0x00402d88       0x80 ./FreeRTOS/Source/list.o
                0x00402d88                vListInitialise
                0x00402d9e                vListInitialiseItem
                0x00402da4                vListInsertEnd
                0x00402dbc                vListInsert
                0x00402dea                uxListRemove
 .text          0x00402e08      0xab4 ./FreeRTOS/Source/queue.o
                0x00402f22                xQueueGenericReset
                0x00402fa0                xQueueGenericCreate
                0x00402fe6                xQueueGetMutexHolder
                0x00403006                xQueueGetMutexHolderFromISR
                0x00403018                xQueueCreateCountingSemaphore
                0x00403034                xQueueGenericSend
                0x00403162                xQueueCreateMutex
                0x00403186                xQueueGenericSendFromISR
                0x00403240                xQueueGiveFromISR
                0x004032de                xQueueReceive
                0x004033f2                xQueueSemaphoreTake
                0x0040353a                xQueuePeek
                0x0040364e                xQueueReceiveFromISR
                0x004036f0                xQueuePeekFromISR
                0x0040374c                uxQueueMessagesWaiting
                0x00403768                uxQueueSpacesAvailable
                0x00403788                uxQueueMessagesWaitingFromISR
                0x00403792                uxQueueGetQueueNumber
                0x00403796                vQueueSetQueueNumber
                0x0040379a                ucQueueGetQueueType
                0x004037a0                uxQueueGetQueueItemSize
                0x004037a4                uxQueueGetQueueLength
                0x004037a8                xQueueIsQueueEmptyFromISR
                0x004037b8                xQueueIsQueueFullFromISR
                0x004037ca                vQueueAddToRegistry
                0x00403808                pcQueueGetName
                0x00403830                vQueueUnregisterQueue
                0x0040385c                vQueueDelete
                0x00403874                vQueueWaitForMessageRestricted
 .text          0x004038bc      0x6d6 ./FreeRTOS/Source/stream_buffer.o
                0x00403a30                xStreamBufferGenericCreate
                0x00403a96                vStreamBufferDelete
                0x00403aae                xStreamBufferReset
                0x00403aec                xStreamBufferResetFromISR
                0x00403b46                xStreamBufferSetTriggerLevel
                0x00403b60                xStreamBufferSpacesAvailable
                0x00403b84                xStreamBufferBytesAvailable
                0x00403b8c                xStreamBufferSend
                0x00403c80                xStreamBufferSendFromISR
                0x00403d10                xStreamBufferReceive
                0x00403dca                xStreamBufferNextMessageLengthBytes
                0x00403e00                xStreamBufferReceiveFromISR
                0x00403e84                xStreamBufferIsEmpty
                0x00403e96                xStreamBufferIsFull
                0x00403eb8                xStreamBufferSendCompletedFromISR
                0x00403f08                xStreamBufferReceiveCompletedFromISR
                0x00403f58                uxStreamBufferGetStreamBufferNotificationIndex
                0x00403f62                vStreamBufferSetStreamBufferNotificationIndex
                0x00403f82                uxStreamBufferGetStreamBufferNumber
                0x00403f86                vStreamBufferSetStreamBufferNumber
                0x00403f8a                ucStreamBufferGetStreamBufferType
 *fill*         0x00403f92        0x2 
 .text          0x00403f94     0x1970 ./FreeRTOS/Source/tasks.o
                0x004040fc                xTaskCreate
                0x0040428c                vTaskDelete
                0x00404328                eTaskGetState
                0x004043a0                uxTaskPriorityGet
                0x004043c0                uxTaskPriorityGetFromISR
                0x00404400                uxTaskBasePriorityGet
                0x00404420                uxTaskBasePriorityGetFromISR
                0x00404460                vTaskPrioritySet
                0x00404530                vTaskResume
                0x004045b4                xTaskResumeFromISR
                0x00404668                vTaskStartScheduler
                0x004046f0                vTaskEndScheduler
                0x00404738                vTaskSuspendAll
                0x0040474c                xTaskGetTickCount
                0x00404758                xTaskGetTickCountFromISR
                0x00404768                uxTaskGetNumberOfTasks
                0x00404774                pcTaskGetName
                0x00404788                xTaskIncrementTick
                0x004048c4                xTaskResumeAll
                0x004049d4                xTaskDelayUntil
                0x00404a44                vTaskDelay
                0x00404a84                xTaskGetHandle
                0x00404af8                xTaskCatchUpTicks
                0x00404b2c                xTaskAbortDelay
                0x00404bb8                vTaskSwitchContext
                0x00404c48                vTaskSuspend
                0x00404ce0                vTaskPlaceOnEventList
                0x00404d04                vTaskPlaceOnUnorderedEventList
                0x00404d54                vTaskPlaceOnEventListRestricted
                0x00404da0                xTaskRemoveFromEventList
                0x00404e58                vTaskRemoveFromUnorderedEventList
                0x00404ef4                vTaskSetTimeOutState
                0x00404f1c                vTaskInternalSetTimeOutState
                0x00404f30                xTaskCheckForTimeOut
                0x00404f9c                vTaskMissedYield
                0x00404fac                uxTaskGetTaskNumber
                0x00404fb2                vTaskSetTaskNumber
                0x00404fb8                vTaskGetInfo
                0x0040508a                uxTaskGetSystemState
                0x00405128                uxTaskGetStackHighWaterMark
                0x00405144                xTaskGetCurrentTaskHandle
                0x00405150                xTaskGetCurrentTaskHandleForCore
                0x00405160                xTaskGetSchedulerState
                0x00405180                xTaskPriorityInherit
                0x00405210                xTaskPriorityDisinherit
                0x00405288                vTaskPriorityDisinheritAfterTimeout
                0x00405314                vTaskListTasks
                0x004053fc                uxTaskResetEventItemValue
                0x00405414                pvTaskIncrementMutexHeldCount
                0x00405428                ulTaskGenericNotifyTake
                0x004054ac                xTaskGenericNotifyWait
                0x00405558                xTaskGenericNotify
                0x0040563c                xTaskGenericNotifyFromISR
                0x00405774                vTaskGenericNotifyGiveFromISR
                0x00405870                xTaskGenericNotifyStateClear
                0x004058a4                ulTaskGenericNotifyValueClear
                0x004058d4                vTaskResetState
 .text          0x00405904      0x4cc ./FreeRTOS/Source/timers.o
                0x00405b8c                xTimerCreateTimerTask
                0x00405bc8                xTimerCreate
                0x00405c14                xTimerGenericCommandFromTask
                0x00405c54                xTimerGenericCommandFromISR
                0x00405c88                xTimerGetTimerDaemonTaskHandle
                0x00405c98                xTimerGetPeriod
                0x00405ca2                vTimerSetReloadMode
                0x00405cce                xTimerGetReloadMode
                0x00405cf0                uxTimerGetReloadMode
                0x00405cf4                xTimerGetExpiryTime
                0x00405cfe                pcTimerGetName
                0x00405d08                xTimerIsTimerActive
                0x00405d2a                pvTimerGetTimerID
                0x00405d46                vTimerSetTimerID
                0x00405d60                xTimerPendFunctionCallFromISR
                0x00405d88                xTimerPendFunctionCall
                0x00405db8                uxTimerGetTimerNumber
                0x00405dbc                vTimerSetTimerNumber
                0x00405dc0                vTimerResetState
 .text          0x00405dd0      0x344 ./FreeRTOS/Source/portable/GCC/ARM_CM7/r0p1/port.o
                0x00405e0c                SVC_Handler
                0x00405e88                PendSV_Handler
                0x00405efc                pxPortInitialiseStack
                0x00405f20                vPortEndScheduler
                0x00405f34                vPortEnterCritical
                0x00405f74                vPortExitCritical
                0x00405f94                SysTick_Handler
                0x00405fd2                vPortSetupTimerInterrupt
                0x00405fec                xPortStartScheduler
                0x004060dc                vPortValidateInterruptPriority
 .text          0x00406114       0x90 ./FreeRTOS/Source/portable/MemMang/heap_1.o
                0x00406114                pvPortMalloc
                0x00406174                vPortFree
                0x0040617c                vPortInitialiseBlocks
                0x00406188                xPortGetFreeHeapSize
                0x00406198                vPortHeapResetState
 .text          0x004061a4        0x0 ./Project_Settings/Startup_Code/Vector_Table.o
 .text          0x004061a4        0x0 ./Project_Settings/Startup_Code/exceptions.o
 .text          0x004061a4        0x0 ./Project_Settings/Startup_Code/nvic.o
 .text          0x004061a4        0x0 ./Project_Settings/Startup_Code/startup.o
 .text          0x004061a4        0x0 ./Project_Settings/Startup_Code/startup_cm7.o
 .text          0x004061a4        0x0 ./Project_Settings/Startup_Code/system.o
 .text          0x004061a4        0x0 ./RTD/src/Clock_Ip.o
 .text          0x004061a4        0x0 ./RTD/src/Clock_Ip_Data.o
 .text          0x004061a4        0x0 ./RTD/src/Clock_Ip_Divider.o
 .text          0x004061a4       0x28 ./RTD/src/Clock_Ip_DividerTrigger.o
                0x004061a4                Clock_Ip_SetFerd_TrustedCall
                0x004061b8                Clock_Ip_ResetFerd_TrustedCall
 .text          0x004061cc        0x0 ./RTD/src/Clock_Ip_ExtOsc.o
 .text          0x004061cc        0x0 ./RTD/src/Clock_Ip_FracDiv.o
 .text          0x004061cc        0x0 ./RTD/src/Clock_Ip_Frequency.o
 .text          0x004061cc        0x0 ./RTD/src/Clock_Ip_Gate.o
 .text          0x004061cc        0x0 ./RTD/src/Clock_Ip_IntOsc.o
 .text          0x004061cc        0x0 ./RTD/src/Clock_Ip_Irq.o
 .text          0x004061cc        0x0 ./RTD/src/Clock_Ip_Monitor.o
 .text          0x004061cc        0x0 ./RTD/src/Clock_Ip_Pll.o
 .text          0x004061cc        0x0 ./RTD/src/Clock_Ip_ProgFreqSwitch.o
 .text          0x004061cc        0x0 ./RTD/src/Clock_Ip_Selector.o
 .text          0x004061cc        0x0 ./RTD/src/Clock_Ip_Specific.o
 .text          0x004061cc        0x0 ./RTD/src/Det.o
 .text          0x004061cc        0x0 ./RTD/src/Det_stub.o
 .text          0x004061cc       0x14 ./RTD/src/FlexCAN_Ip.o
 .text          0x004061e0       0x14 ./RTD/src/FlexCAN_Ip_HwAccess.o
 .text          0x004061f4        0x0 ./RTD/src/FlexCAN_Ip_Irq.o
 .text          0x004061f4        0x0 ./RTD/src/Igf_Port_Ip.o
 .text          0x004061f4       0x14 ./RTD/src/IntCtrl_Ip.o
 .text          0x00406208        0x0 ./RTD/src/Lpi2c_Ip.o
 .text          0x00406208        0x0 ./RTD/src/Lpi2c_Ip_Irq.o
 .text          0x00406208       0x14 ./RTD/src/Lpuart_Uart_Ip.o
 .text          0x0040621c        0x0 ./RTD/src/Lpuart_Uart_Ip_Irq.o
 .text          0x0040621c        0x0 ./RTD/src/OsIf_Interrupts.o
 .text          0x0040621c        0x0 ./RTD/src/OsIf_Software_Semaphore.o
 .text          0x0040621c        0x0 ./RTD/src/OsIf_Timer.o
 .text          0x0040621c        0x0 ./RTD/src/OsIf_Timer_System.o
 .text          0x0040621c        0x0 ./RTD/src/OsIf_Timer_System_Internal_Systick.o
 .text          0x0040621c        0x6 ./RTD/src/SchM_BaseNXP.o
                0x0040621c                BaseNXP_schm_read_msr
 .text          0x00406222        0x6 ./RTD/src/SchM_Can_43_FLEXCAN.o
                0x00406222                Can_43_FLEXCAN_schm_read_msr
 .text          0x00406228        0x6 ./RTD/src/SchM_Dio.o
                0x00406228                Dio_schm_read_msr
 .text          0x0040622e        0x6 ./RTD/src/SchM_I2c.o
                0x0040622e                I2c_schm_read_msr
 .text          0x00406234        0x6 ./RTD/src/SchM_Mcu.o
                0x00406234                Mcu_schm_read_msr
 .text          0x0040623a        0x6 ./RTD/src/SchM_Port.o
                0x0040623a                Port_schm_read_msr
 .text          0x00406240        0x6 ./RTD/src/SchM_Uart.o
                0x00406240                Uart_schm_read_msr
 .text          0x00406246       0x14 ./RTD/src/Siul2_Dio_Ip.o
 .text          0x0040625a       0x14 ./RTD/src/Siul2_Port_Ip.o
 .text          0x0040626e        0x0 ./RTD/src/Tspc_Port_Ip.o
 .text          0x0040626e        0x0 ./board/Siul2_Port_Ip_Cfg.o
 .text          0x0040626e        0x0 ./board/Tspc_Port_Ip_Cfg.o
 .text          0x0040626e        0x0 ./generate/src/Clock_Ip_Cfg.o
 .text          0x0040626e        0x0 ./generate/src/FlexCAN_Ip_Sa_PBcfg.o
 .text          0x0040626e        0x0 ./generate/src/Igf_Port_Ip_Cfg.o
 .text          0x0040626e        0x0 ./generate/src/IntCtrl_Ip_Cfg.o
 .text          0x0040626e        0x0 ./generate/src/Lpi2c_Ip_Sa_PBcfg.o
 .text          0x0040626e        0x0 ./generate/src/Lpuart_Uart_Ip_Sa_PBcfg.o
 .text          0x0040626e        0x0 ./generate/src/OsIf_Cfg.o
 *fill*         0x0040626e        0x2 
 .text          0x00406270       0xc8 ./src/can_frame.o
                0x00406270                CanCache_UpdateFromISR
 .text          0x00406338      0x67c ./src/decoder.o
                0x004064ec                CarState_clear
                0x00406508                CarState_update
 .text          0x004069b4      0x660 ./src/main.o
                0x00406ecc                Flexcan0_1_handler
                0x00406ed8                Flexcan1_1_handler
                0x00406ee4                Flexcan2_1_handler
                0x00406ef0                Flexcan3_1_handler
                0x00406efc                Flexcan4_1_handler
                0x00406f08                Flexcan5_1_handler
                0x00406f14                I2c0_handler
                0x00406f1a                Uart2_handler
                0x00406f20                FlexcanCar_callback
                0x00406f68                FlexcanPC_callback
                0x00406fa4                EPS_callback
                0x00406ffc                vApplicationStackOverflowHook
                0x00407008                vApplicationMallocFailedHook
 .text          0x00407014      0x26c ./src/monitor.o
                0x004071cc                Fatal_Error
                0x00407204                CanCache_RefreshValidity
 .text          0x00407280        0x0 ./src/static_message.o
 .text          0x00407280        0x0 c:/nxp/s32ds.3.6.5/s32ds/build_tools/gcc_v10.2/gcc-10.2-arm32-eabi/bin/../lib/gcc/arm-none-eabi/10.2.0/../../../../arm-none-eabi/lib/thumb/v7e-m+fp/hard\libc_nano.a(lib_a-memcpy-stub.o)
 .text          0x00407280        0x0 c:/nxp/s32ds.3.6.5/s32ds/build_tools/gcc_v10.2/gcc-10.2-arm32-eabi/bin/../lib/gcc/arm-none-eabi/10.2.0/../../../../arm-none-eabi/lib/thumb/v7e-m+fp/hard\libc_nano.a(lib_a-memmove.o)
 .text          0x00407280        0x0 c:/nxp/s32ds.3.6.5/s32ds/build_tools/gcc_v10.2/gcc-10.2-arm32-eabi/bin/../lib/gcc/arm-none-eabi/10.2.0/../../../../arm-none-eabi/lib/thumb/v7e-m+fp/hard\libc_nano.a(lib_a-memset.o)
 .text          0x00407280        0x0 c:/nxp/s32ds.3.6.5/s32ds/build_tools/gcc_v10.2/gcc-10.2-arm32-eabi/bin/../lib/gcc/arm-none-eabi/10.2.0/../../../../arm-none-eabi/lib/thumb/v7e-m+fp/hard\libc_nano.a(lib_a-nano-vfprintf_float.o)
 .text          0x00407280        0x0 c:/nxp/s32ds.3.6.5/s32ds/build_tools/gcc_v10.2/gcc-10.2-arm32-eabi/bin/../lib/gcc/arm-none-eabi/10.2.0/../../../../arm-none-eabi/lib/thumb/v7e-m+fp/hard\libc_nano.a(lib_a-nano-vfprintf_i.o)
 .text          0x00407280        0x0 c:/nxp/s32ds.3.6.5/s32ds/build_tools/gcc_v10.2/gcc-10.2-arm32-eabi/bin/../lib/gcc/arm-none-eabi/10.2.0/../../../../arm-none-eabi/lib/thumb/v7e-m+fp/hard\libc_nano.a(lib_a-snprintf.o)
 .text          0x00407280        0x0 c:/nxp/s32ds.3.6.5/s32ds/build_tools/gcc_v10.2/gcc-10.2-arm32-eabi/bin/../lib/gcc/arm-none-eabi/10.2.0/../../../../arm-none-eabi/lib/thumb/v7e-m+fp/hard\libc_nano.a(lib_a-strcpy.o)
 .text          0x00407280       0x10 c:/nxp/s32ds.3.6.5/s32ds/build_tools/gcc_v10.2/gcc-10.2-arm32-eabi/bin/../lib/gcc/arm-none-eabi/10.2.0/../../../../arm-none-eabi/lib/thumb/v7e-m+fp/hard\libc_nano.a(lib_a-strlen.o)
                0x00407280                strlen
 .text          0x00407290        0x0 c:/nxp/s32ds.3.6.5/s32ds/build_tools/gcc_v10.2/gcc-10.2-arm32-eabi/bin/../lib/gcc/arm-none-eabi/10.2.0/../../../../arm-none-eabi/lib/thumb/v7e-m+fp/hard\libc_nano.a(lib_a-dtoa.o)
 .text          0x00407290        0x0 c:/nxp/s32ds.3.6.5/s32ds/build_tools/gcc_v10.2/gcc-10.2-arm32-eabi/bin/../lib/gcc/arm-none-eabi/10.2.0/../../../../arm-none-eabi/lib/thumb/v7e-m+fp/hard\libc_nano.a(lib_a-impure.o)
 .text          0x00407290        0x0 c:/nxp/s32ds.3.6.5/s32ds/build_tools/gcc_v10.2/gcc-10.2-arm32-eabi/bin/../lib/gcc/arm-none-eabi/10.2.0/../../../../arm-none-eabi/lib/thumb/v7e-m+fp/hard\libc_nano.a(lib_a-localeconv.o)
 .text          0x00407290        0x0 c:/nxp/s32ds.3.6.5/s32ds/build_tools/gcc_v10.2/gcc-10.2-arm32-eabi/bin/../lib/gcc/arm-none-eabi/10.2.0/../../../../arm-none-eabi/lib/thumb/v7e-m+fp/hard\libc_nano.a(lib_a-locale.o)
 .text          0x00407290        0x0 c:/nxp/s32ds.3.6.5/s32ds/build_tools/gcc_v10.2/gcc-10.2-arm32-eabi/bin/../lib/gcc/arm-none-eabi/10.2.0/../../../../arm-none-eabi/lib/thumb/v7e-m+fp/hard\libc_nano.a(lib_a-malloc.o)
 .text          0x00407290        0x0 c:/nxp/s32ds.3.6.5/s32ds/build_tools/gcc_v10.2/gcc-10.2-arm32-eabi/bin/../lib/gcc/arm-none-eabi/10.2.0/../../../../arm-none-eabi/lib/thumb/v7e-m+fp/hard\libc_nano.a(lib_a-mbtowc_r.o)
 .text          0x00407290       0xa0 c:/nxp/s32ds.3.6.5/s32ds/build_tools/gcc_v10.2/gcc-10.2-arm32-eabi/bin/../lib/gcc/arm-none-eabi/10.2.0/../../../../arm-none-eabi/lib/thumb/v7e-m+fp/hard\libc_nano.a(lib_a-memchr.o)
                0x00407290                memchr
 .text          0x00407330        0x0 c:/nxp/s32ds.3.6.5/s32ds/build_tools/gcc_v10.2/gcc-10.2-arm32-eabi/bin/../lib/gcc/arm-none-eabi/10.2.0/../../../../arm-none-eabi/lib/thumb/v7e-m+fp/hard\libc_nano.a(lib_a-mprec.o)
 .text          0x00407330        0x0 c:/nxp/s32ds.3.6.5/s32ds/build_tools/gcc_v10.2/gcc-10.2-arm32-eabi/bin/../lib/gcc/arm-none-eabi/10.2.0/../../../../arm-none-eabi/lib/thumb/v7e-m+fp/hard\libc_nano.a(lib_a-nano-callocr.o)
 .text          0x00407330        0x0 c:/nxp/s32ds.3.6.5/s32ds/build_tools/gcc_v10.2/gcc-10.2-arm32-eabi/bin/../lib/gcc/arm-none-eabi/10.2.0/../../../../arm-none-eabi/lib/thumb/v7e-m+fp/hard\libc_nano.a(lib_a-nano-freer.o)
 .text          0x00407330        0x0 c:/nxp/s32ds.3.6.5/s32ds/build_tools/gcc_v10.2/gcc-10.2-arm32-eabi/bin/../lib/gcc/arm-none-eabi/10.2.0/../../../../arm-none-eabi/lib/thumb/v7e-m+fp/hard\libc_nano.a(lib_a-nano-mallocr.o)
 .text          0x00407330        0x0 c:/nxp/s32ds.3.6.5/s32ds/build_tools/gcc_v10.2/gcc-10.2-arm32-eabi/bin/../lib/gcc/arm-none-eabi/10.2.0/../../../../arm-none-eabi/lib/thumb/v7e-m+fp/hard\libc_nano.a(lib_a-nano-svfprintf.o)
 .text          0x00407330        0x0 c:/nxp/s32ds.3.6.5/s32ds/build_tools/gcc_v10.2/gcc-10.2-arm32-eabi/bin/../lib/gcc/arm-none-eabi/10.2.0/../../../../arm-none-eabi/lib/thumb/v7e-m+fp/hard\libc_nano.a(lib_a-sbrkr.o)
 .text          0x00407330       0x14 c:/nxp/s32ds.3.6.5/s32ds/build_tools/gcc_v10.2/gcc-10.2-arm32-eabi/bin/../lib/gcc/arm-none-eabi/10.2.0/../../../../arm-none-eabi/lib/thumb/v7e-m+fp/hard\libc_nano.a(lib_a-strcmp.o)
                0x00407330                strcmp
 .text          0x00407344        0x0 c:/nxp/s32ds.3.6.5/s32ds/build_tools/gcc_v10.2/gcc-10.2-arm32-eabi/bin/../lib/gcc/arm-none-eabi/10.2.0/../../../../arm-none-eabi/lib/thumb/v7e-m+fp/hard\libc_nano.a(lib_a-wctomb_r.o)
 .text          0x00407344        0x0 c:/nxp/s32ds.3.6.5/s32ds/build_tools/gcc_v10.2/gcc-10.2-arm32-eabi/bin/../lib/gcc/arm-none-eabi/10.2.0/../../../../arm-none-eabi/lib/thumb/v7e-m+fp/hard\libc_nano.a(lib_a-assert.o)
 .text          0x00407344        0x0 c:/nxp/s32ds.3.6.5/s32ds/build_tools/gcc_v10.2/gcc-10.2-arm32-eabi/bin/../lib/gcc/arm-none-eabi/10.2.0/../../../../arm-none-eabi/lib/thumb/v7e-m+fp/hard\libc_nano.a(lib_a-ctype_.o)
 .text          0x00407344        0x0 c:/nxp/s32ds.3.6.5/s32ds/build_tools/gcc_v10.2/gcc-10.2-arm32-eabi/bin/../lib/gcc/arm-none-eabi/10.2.0/../../../../arm-none-eabi/lib/thumb/v7e-m+fp/hard\libc_nano.a(lib_a-fprintf.o)
 .text          0x00407344        0x0 c:/nxp/s32ds.3.6.5/s32ds/build_tools/gcc_v10.2/gcc-10.2-arm32-eabi/bin/../lib/gcc/arm-none-eabi/10.2.0/../../../../arm-none-eabi/lib/thumb/v7e-m+fp/hard\libc_nano.a(lib_a-mlock.o)
 .text          0x00407344        0x0 c:/nxp/s32ds.3.6.5/s32ds/build_tools/gcc_v10.2/gcc-10.2-arm32-eabi/bin/../lib/gcc/arm-none-eabi/10.2.0/../../../../arm-none-eabi/lib/thumb/v7e-m+fp/hard\libc_nano.a(lib_a-nano-reallocr.o)
 .text          0x00407344        0x0 c:/nxp/s32ds.3.6.5/s32ds/build_tools/gcc_v10.2/gcc-10.2-arm32-eabi/bin/../lib/gcc/arm-none-eabi/10.2.0/../../../../arm-none-eabi/lib/thumb/v7e-m+fp/hard\libc_nano.a(lib_a-nano-vfprintf.o)
 .text          0x00407344        0x0 c:/nxp/s32ds.3.6.5/s32ds/build_tools/gcc_v10.2/gcc-10.2-arm32-eabi/bin/../lib/gcc/arm-none-eabi/10.2.0/../../../../arm-none-eabi/lib/thumb/v7e-m+fp/hard\libc_nano.a(lib_a-reent.o)
 .text          0x00407344        0x0 c:/nxp/s32ds.3.6.5/s32ds/build_tools/gcc_v10.2/gcc-10.2-arm32-eabi/bin/../lib/gcc/arm-none-eabi/10.2.0/../../../../arm-none-eabi/lib/thumb/v7e-m+fp/hard\libc_nano.a(lib_a-wbuf.o)
 .text          0x00407344        0x0 c:/nxp/s32ds.3.6.5/s32ds/build_tools/gcc_v10.2/gcc-10.2-arm32-eabi/bin/../lib/gcc/arm-none-eabi/10.2.0/../../../../arm-none-eabi/lib/thumb/v7e-m+fp/hard\libc_nano.a(lib_a-wsetup.o)
 .text          0x00407344        0x0 c:/nxp/s32ds.3.6.5/s32ds/build_tools/gcc_v10.2/gcc-10.2-arm32-eabi/bin/../lib/gcc/arm-none-eabi/10.2.0/../../../../arm-none-eabi/lib/thumb/v7e-m+fp/hard\libc_nano.a(lib_a-abort.o)
 .text          0x00407344        0x0 c:/nxp/s32ds.3.6.5/s32ds/build_tools/gcc_v10.2/gcc-10.2-arm32-eabi/bin/../lib/gcc/arm-none-eabi/10.2.0/../../../../arm-none-eabi/lib/thumb/v7e-m+fp/hard\libc_nano.a(lib_a-fflush.o)
 .text          0x00407344        0x0 c:/nxp/s32ds.3.6.5/s32ds/build_tools/gcc_v10.2/gcc-10.2-arm32-eabi/bin/../lib/gcc/arm-none-eabi/10.2.0/../../../../arm-none-eabi/lib/thumb/v7e-m+fp/hard\libc_nano.a(lib_a-findfp.o)
 .text          0x00407344        0x0 c:/nxp/s32ds.3.6.5/s32ds/build_tools/gcc_v10.2/gcc-10.2-arm32-eabi/bin/../lib/gcc/arm-none-eabi/10.2.0/../../../../arm-none-eabi/lib/thumb/v7e-m+fp/hard\libc_nano.a(lib_a-fvwrite.o)
 .text          0x00407344        0x0 c:/nxp/s32ds.3.6.5/s32ds/build_tools/gcc_v10.2/gcc-10.2-arm32-eabi/bin/../lib/gcc/arm-none-eabi/10.2.0/../../../../arm-none-eabi/lib/thumb/v7e-m+fp/hard\libc_nano.a(lib_a-fwalk.o)
 .text          0x00407344        0x0 c:/nxp/s32ds.3.6.5/s32ds/build_tools/gcc_v10.2/gcc-10.2-arm32-eabi/bin/../lib/gcc/arm-none-eabi/10.2.0/../../../../arm-none-eabi/lib/thumb/v7e-m+fp/hard\libc_nano.a(lib_a-makebuf.o)
 .text          0x00407344        0x0 c:/nxp/s32ds.3.6.5/s32ds/build_tools/gcc_v10.2/gcc-10.2-arm32-eabi/bin/../lib/gcc/arm-none-eabi/10.2.0/../../../../arm-none-eabi/lib/thumb/v7e-m+fp/hard\libc_nano.a(lib_a-nano-msizer.o)
 .text          0x00407344        0x0 c:/nxp/s32ds.3.6.5/s32ds/build_tools/gcc_v10.2/gcc-10.2-arm32-eabi/bin/../lib/gcc/arm-none-eabi/10.2.0/../../../../arm-none-eabi/lib/thumb/v7e-m+fp/hard\libc_nano.a(lib_a-signal.o)
 .text          0x00407344        0x0 c:/nxp/s32ds.3.6.5/s32ds/build_tools/gcc_v10.2/gcc-10.2-arm32-eabi/bin/../lib/gcc/arm-none-eabi/10.2.0/../../../../arm-none-eabi/lib/thumb/v7e-m+fp/hard\libc_nano.a(lib_a-signalr.o)
 .text          0x00407344        0x0 c:/nxp/s32ds.3.6.5/s32ds/build_tools/gcc_v10.2/gcc-10.2-arm32-eabi/bin/../lib/gcc/arm-none-eabi/10.2.0/../../../../arm-none-eabi/lib/thumb/v7e-m+fp/hard\libc_nano.a(lib_a-stdio.o)
 .text          0x00407344        0x0 c:/nxp/s32ds.3.6.5/s32ds/build_tools/gcc_v10.2/gcc-10.2-arm32-eabi/bin/../lib/gcc/arm-none-eabi/10.2.0/../../../../arm-none-eabi/lib/thumb/v7e-m+fp/hard\libc_nano.a(lib_a-writer.o)
 .text          0x00407344        0x0 c:/nxp/s32ds.3.6.5/s32ds/build_tools/gcc_v10.2/gcc-10.2-arm32-eabi/bin/../lib/gcc/arm-none-eabi/10.2.0/../../../../arm-none-eabi/lib/thumb/v7e-m+fp/hard\libc_nano.a(lib_a-closer.o)
 .text          0x00407344        0x0 c:/nxp/s32ds.3.6.5/s32ds/build_tools/gcc_v10.2/gcc-10.2-arm32-eabi/bin/../lib/gcc/arm-none-eabi/10.2.0/../../../../arm-none-eabi/lib/thumb/v7e-m+fp/hard\libc_nano.a(lib_a-fstatr.o)
 .text          0x00407344        0x0 c:/nxp/s32ds.3.6.5/s32ds/build_tools/gcc_v10.2/gcc-10.2-arm32-eabi/bin/../lib/gcc/arm-none-eabi/10.2.0/../../../../arm-none-eabi/lib/thumb/v7e-m+fp/hard\libc_nano.a(lib_a-isattyr.o)
 .text          0x00407344        0x0 c:/nxp/s32ds.3.6.5/s32ds/build_tools/gcc_v10.2/gcc-10.2-arm32-eabi/bin/../lib/gcc/arm-none-eabi/10.2.0/../../../../arm-none-eabi/lib/thumb/v7e-m+fp/hard\libc_nano.a(lib_a-lseekr.o)
 .text          0x00407344        0x0 c:/nxp/s32ds.3.6.5/s32ds/build_tools/gcc_v10.2/gcc-10.2-arm32-eabi/bin/../lib/gcc/arm-none-eabi/10.2.0/../../../../arm-none-eabi/lib/thumb/v7e-m+fp/hard\libc_nano.a(lib_a-readr.o)
 .text          0x00407344      0x254 c:/nxp/s32ds.3.6.5/s32ds/build_tools/gcc_v10.2/gcc-10.2-arm32-eabi/bin/../lib/gcc/arm-none-eabi/10.2.0/thumb/v7e-m+fp/hard\libgcc.a(_arm_muldf3.o)
 .text          0x00407598      0x378 c:/nxp/s32ds.3.6.5/s32ds/build_tools/gcc_v10.2/gcc-10.2-arm32-eabi/bin/../lib/gcc/arm-none-eabi/10.2.0/thumb/v7e-m+fp/hard\libgcc.a(_arm_addsubdf3.o)
                0x00407598                __aeabi_drsub
                0x004075a0                __aeabi_dsub
                0x004075a0                __subdf3
                0x004075a4                __aeabi_dadd
                0x004075a4                __adddf3
                0x0040781c                __floatunsidf
                0x0040781c                __aeabi_ui2d
                0x0040783c                __floatsidf
                0x0040783c                __aeabi_i2d
                0x00407860                __aeabi_f2d
                0x00407860                __extendsfdf2
                0x004078a4                __floatundidf
                0x004078a4                __aeabi_ul2d
                0x004078b4                __floatdidf
                0x004078b4                __aeabi_l2d
 .text          0x00407910      0x424 c:/nxp/s32ds.3.6.5/s32ds/build_tools/gcc_v10.2/gcc-10.2-arm32-eabi/bin/../lib/gcc/arm-none-eabi/10.2.0/thumb/v7e-m+fp/hard\libgcc.a(_arm_muldivdf3.o)
                0x00407910                __aeabi_dmul
                0x00407910                __muldf3
                0x00407b64                __divdf3
                0x00407b64                __aeabi_ddiv
 .text          0x00407d34      0x110 c:/nxp/s32ds.3.6.5/s32ds/build_tools/gcc_v10.2/gcc-10.2-arm32-eabi/bin/../lib/gcc/arm-none-eabi/10.2.0/thumb/v7e-m+fp/hard\libgcc.a(_arm_cmpdf2.o)
                0x00407d34                __gtdf2
                0x00407d34                __gedf2
                0x00407d3c                __ltdf2
                0x00407d3c                __ledf2
                0x00407d44                __nedf2
                0x00407d44                __eqdf2
                0x00407d44                __cmpdf2
                0x00407dc0                __aeabi_cdrcmple
                0x00407dd0                __aeabi_cdcmpeq
                0x00407dd0                __aeabi_cdcmple
                0x00407de0                __aeabi_dcmpeq
                0x00407df4                __aeabi_dcmplt
                0x00407e08                __aeabi_dcmple
                0x00407e1c                __aeabi_dcmpge
                0x00407e30                __aeabi_dcmpgt
 .text          0x00407e44       0x2c c:/nxp/s32ds.3.6.5/s32ds/build_tools/gcc_v10.2/gcc-10.2-arm32-eabi/bin/../lib/gcc/arm-none-eabi/10.2.0/thumb/v7e-m+fp/hard\libgcc.a(_arm_unorddf2.o)
                0x00407e44                __unorddf2
                0x00407e44                __aeabi_dcmpun
 .text          0x00407e70       0x50 c:/nxp/s32ds.3.6.5/s32ds/build_tools/gcc_v10.2/gcc-10.2-arm32-eabi/bin/../lib/gcc/arm-none-eabi/10.2.0/thumb/v7e-m+fp/hard\libgcc.a(_arm_fixdfsi.o)
                0x00407e70                __aeabi_d2iz
                0x00407e70                __fixdfsi
 .text          0x00407ec0      0x21c c:/nxp/s32ds.3.6.5/s32ds/build_tools/gcc_v10.2/gcc-10.2-arm32-eabi/bin/../lib/gcc/arm-none-eabi/10.2.0/thumb/v7e-m+fp/hard\libgcc.a(_arm_addsubsf3.o)
                0x00407ec0                __aeabi_frsub
                0x00407ec8                __subsf3
                0x00407ec8                __aeabi_fsub
                0x00407ecc                __aeabi_fadd
                0x00407ecc                __addsf3
                0x0040802c                __aeabi_ui2f
                0x0040802c                __floatunsisf
                0x00408034                __aeabi_i2f
                0x00408034                __floatsisf
                0x00408050                __aeabi_ul2f
                0x00408050                __floatundisf
                0x00408060                __aeabi_l2f
                0x00408060                __floatdisf
 .text          0x004080dc       0xa0 c:/nxp/s32ds.3.6.5/s32ds/build_tools/gcc_v10.2/gcc-10.2-arm32-eabi/bin/../lib/gcc/arm-none-eabi/10.2.0/thumb/v7e-m+fp/hard\libgcc.a(_aeabi_ldivmod.o)
                0x004080dc                __aeabi_ldivmod
 .text          0x0040817c       0x30 c:/nxp/s32ds.3.6.5/s32ds/build_tools/gcc_v10.2/gcc-10.2-arm32-eabi/bin/../lib/gcc/arm-none-eabi/10.2.0/thumb/v7e-m+fp/hard\libgcc.a(_aeabi_uldivmod.o)
                0x0040817c                __aeabi_uldivmod
 .text          0x004081ac      0x2d8 c:/nxp/s32ds.3.6.5/s32ds/build_tools/gcc_v10.2/gcc-10.2-arm32-eabi/bin/../lib/gcc/arm-none-eabi/10.2.0/thumb/v7e-m+fp/hard\libgcc.a(_udivmoddi4.o)
                0x004081ac                __udivmoddi4
 .text          0x00408484        0x4 c:/nxp/s32ds.3.6.5/s32ds/build_tools/gcc_v10.2/gcc-10.2-arm32-eabi/bin/../lib/gcc/arm-none-eabi/10.2.0/thumb/v7e-m+fp/hard\libgcc.a(_dvmd_tls.o)
                0x00408484                __aeabi_idiv0
                0x00408484                __aeabi_ldiv0
 .text          0x00408488        0x0 c:/nxp/s32ds.3.6.5/s32ds/build_tools/gcc_v10.2/gcc-10.2-arm32-eabi/bin/../lib/gcc/arm-none-eabi/10.2.0/../../../../arm-none-eabi/lib/thumb/v7e-m+fp/hard\libnosys.a(close.o)
 .text          0x00408488        0x0 c:/nxp/s32ds.3.6.5/s32ds/build_tools/gcc_v10.2/gcc-10.2-arm32-eabi/bin/../lib/gcc/arm-none-eabi/10.2.0/../../../../arm-none-eabi/lib/thumb/v7e-m+fp/hard\libnosys.a(fstat.o)
 .text          0x00408488        0x0 c:/nxp/s32ds.3.6.5/s32ds/build_tools/gcc_v10.2/gcc-10.2-arm32-eabi/bin/../lib/gcc/arm-none-eabi/10.2.0/../../../../arm-none-eabi/lib/thumb/v7e-m+fp/hard\libnosys.a(getpid.o)
 .text          0x00408488        0x0 c:/nxp/s32ds.3.6.5/s32ds/build_tools/gcc_v10.2/gcc-10.2-arm32-eabi/bin/../lib/gcc/arm-none-eabi/10.2.0/../../../../arm-none-eabi/lib/thumb/v7e-m+fp/hard\libnosys.a(isatty.o)
 .text          0x00408488        0x0 c:/nxp/s32ds.3.6.5/s32ds/build_tools/gcc_v10.2/gcc-10.2-arm32-eabi/bin/../lib/gcc/arm-none-eabi/10.2.0/../../../../arm-none-eabi/lib/thumb/v7e-m+fp/hard\libnosys.a(kill.o)
 .text          0x00408488        0x0 c:/nxp/s32ds.3.6.5/s32ds/build_tools/gcc_v10.2/gcc-10.2-arm32-eabi/bin/../lib/gcc/arm-none-eabi/10.2.0/../../../../arm-none-eabi/lib/thumb/v7e-m+fp/hard\libnosys.a(lseek.o)
 .text          0x00408488        0x0 c:/nxp/s32ds.3.6.5/s32ds/build_tools/gcc_v10.2/gcc-10.2-arm32-eabi/bin/../lib/gcc/arm-none-eabi/10.2.0/../../../../arm-none-eabi/lib/thumb/v7e-m+fp/hard\libnosys.a(read.o)
 .text          0x00408488        0x0 c:/nxp/s32ds.3.6.5/s32ds/build_tools/gcc_v10.2/gcc-10.2-arm32-eabi/bin/../lib/gcc/arm-none-eabi/10.2.0/../../../../arm-none-eabi/lib/thumb/v7e-m+fp/hard\libnosys.a(sbrk.o)
 .text          0x00408488        0x0 c:/nxp/s32ds.3.6.5/s32ds/build_tools/gcc_v10.2/gcc-10.2-arm32-eabi/bin/../lib/gcc/arm-none-eabi/10.2.0/../../../../arm-none-eabi/lib/thumb/v7e-m+fp/hard\libnosys.a(write.o)
 .text          0x00408488        0x0 c:/nxp/s32ds.3.6.5/s32ds/build_tools/gcc_v10.2/gcc-10.2-arm32-eabi/bin/../lib/gcc/arm-none-eabi/10.2.0/../../../../arm-none-eabi/lib/thumb/v7e-m+fp/hard\libnosys.a(_exit.o)
 *(.text*)
 .text.memcpy   0x00408488       0x1c c:/nxp/s32ds.3.6.5/s32ds/build_tools/gcc_v10.2/gcc-10.2-arm32-eabi/bin/../lib/gcc/arm-none-eabi/10.2.0/../../../../arm-none-eabi/lib/thumb/v7e-m+fp/hard\libc_nano.a(lib_a-memcpy-stub.o)
                0x00408488                memcpy
 .text.memmove  0x004084a4       0x34 c:/nxp/s32ds.3.6.5/s32ds/build_tools/gcc_v10.2/gcc-10.2-arm32-eabi/bin/../lib/gcc/arm-none-eabi/10.2.0/../../../../arm-none-eabi/lib/thumb/v7e-m+fp/hard\libc_nano.a(lib_a-memmove.o)
                0x004084a4                memmove
 .text.memset   0x004084d8       0x10 c:/nxp/s32ds.3.6.5/s32ds/build_tools/gcc_v10.2/gcc-10.2-arm32-eabi/bin/../lib/gcc/arm-none-eabi/10.2.0/../../../../arm-none-eabi/lib/thumb/v7e-m+fp/hard\libc_nano.a(lib_a-memset.o)
                0x004084d8                memset
 .text.__cvt    0x004084e8       0xc4 c:/nxp/s32ds.3.6.5/s32ds/build_tools/gcc_v10.2/gcc-10.2-arm32-eabi/bin/../lib/gcc/arm-none-eabi/10.2.0/../../../../arm-none-eabi/lib/thumb/v7e-m+fp/hard\libc_nano.a(lib_a-nano-vfprintf_float.o)
                0x004084e8                __cvt
 .text.__exponent
                0x004085ac       0x7c c:/nxp/s32ds.3.6.5/s32ds/build_tools/gcc_v10.2/gcc-10.2-arm32-eabi/bin/../lib/gcc/arm-none-eabi/10.2.0/../../../../arm-none-eabi/lib/thumb/v7e-m+fp/hard\libc_nano.a(lib_a-nano-vfprintf_float.o)
                0x004085ac                __exponent
 .text._printf_float
                0x00408628      0x46c c:/nxp/s32ds.3.6.5/s32ds/build_tools/gcc_v10.2/gcc-10.2-arm32-eabi/bin/../lib/gcc/arm-none-eabi/10.2.0/../../../../arm-none-eabi/lib/thumb/v7e-m+fp/hard\libc_nano.a(lib_a-nano-vfprintf_float.o)
                0x00408628                _printf_float
 .text._printf_common
                0x00408a94       0xda c:/nxp/s32ds.3.6.5/s32ds/build_tools/gcc_v10.2/gcc-10.2-arm32-eabi/bin/../lib/gcc/arm-none-eabi/10.2.0/../../../../arm-none-eabi/lib/thumb/v7e-m+fp/hard\libc_nano.a(lib_a-nano-vfprintf_i.o)
                0x00408a94                _printf_common
 *fill*         0x00408b6e        0x2 
 .text._printf_i
                0x00408b70      0x24c c:/nxp/s32ds.3.6.5/s32ds/build_tools/gcc_v10.2/gcc-10.2-arm32-eabi/bin/../lib/gcc/arm-none-eabi/10.2.0/../../../../arm-none-eabi/lib/thumb/v7e-m+fp/hard\libc_nano.a(lib_a-nano-vfprintf_i.o)
                0x00408b70                _printf_i
 .text._snprintf_r
                0x00408dbc       0x5e c:/nxp/s32ds.3.6.5/s32ds/build_tools/gcc_v10.2/gcc-10.2-arm32-eabi/bin/../lib/gcc/arm-none-eabi/10.2.0/../../../../arm-none-eabi/lib/thumb/v7e-m+fp/hard\libc_nano.a(lib_a-snprintf.o)
                0x00408dbc                _snprintf_r
                0x00408dbc                _sniprintf_r
 *fill*         0x00408e1a        0x2 
 .text.snprintf
                0x00408e1c       0x68 c:/nxp/s32ds.3.6.5/s32ds/build_tools/gcc_v10.2/gcc-10.2-arm32-eabi/bin/../lib/gcc/arm-none-eabi/10.2.0/../../../../arm-none-eabi/lib/thumb/v7e-m+fp/hard\libc_nano.a(lib_a-snprintf.o)
                0x00408e1c                sniprintf
                0x00408e1c                snprintf
 .text.strcpy   0x00408e84       0x10 c:/nxp/s32ds.3.6.5/s32ds/build_tools/gcc_v10.2/gcc-10.2-arm32-eabi/bin/../lib/gcc/arm-none-eabi/10.2.0/../../../../arm-none-eabi/lib/thumb/v7e-m+fp/hard\libc_nano.a(lib_a-strcpy.o)
                0x00408e84                strcpy
 .text.quorem   0x00408e94      0x116 c:/nxp/s32ds.3.6.5/s32ds/build_tools/gcc_v10.2/gcc-10.2-arm32-eabi/bin/../lib/gcc/arm-none-eabi/10.2.0/../../../../arm-none-eabi/lib/thumb/v7e-m+fp/hard\libc_nano.a(lib_a-dtoa.o)
 *fill*         0x00408faa        0x6 
 .text._dtoa_r  0x00408fb0      0xbdc c:/nxp/s32ds.3.6.5/s32ds/build_tools/gcc_v10.2/gcc-10.2-arm32-eabi/bin/../lib/gcc/arm-none-eabi/10.2.0/../../../../arm-none-eabi/lib/thumb/v7e-m+fp/hard\libc_nano.a(lib_a-dtoa.o)
                0x00408fb0                _dtoa_r
 .text.__localeconv_l
                0x00409b8c        0x4 c:/nxp/s32ds.3.6.5/s32ds/build_tools/gcc_v10.2/gcc-10.2-arm32-eabi/bin/../lib/gcc/arm-none-eabi/10.2.0/../../../../arm-none-eabi/lib/thumb/v7e-m+fp/hard\libc_nano.a(lib_a-localeconv.o)
                0x00409b8c                __localeconv_l
 .text._localeconv_r
                0x00409b90        0x8 c:/nxp/s32ds.3.6.5/s32ds/build_tools/gcc_v10.2/gcc-10.2-arm32-eabi/bin/../lib/gcc/arm-none-eabi/10.2.0/../../../../arm-none-eabi/lib/thumb/v7e-m+fp/hard\libc_nano.a(lib_a-localeconv.o)
                0x00409b90                _localeconv_r
 .text.localeconv
                0x00409b98        0x8 c:/nxp/s32ds.3.6.5/s32ds/build_tools/gcc_v10.2/gcc-10.2-arm32-eabi/bin/../lib/gcc/arm-none-eabi/10.2.0/../../../../arm-none-eabi/lib/thumb/v7e-m+fp/hard\libc_nano.a(lib_a-localeconv.o)
                0x00409b98                localeconv
 .text._setlocale_r
                0x00409ba0       0x40 c:/nxp/s32ds.3.6.5/s32ds/build_tools/gcc_v10.2/gcc-10.2-arm32-eabi/bin/../lib/gcc/arm-none-eabi/10.2.0/../../../../arm-none-eabi/lib/thumb/v7e-m+fp/hard\libc_nano.a(lib_a-locale.o)
                0x00409ba0                _setlocale_r
 .text.__locale_mb_cur_max
                0x00409be0        0xc c:/nxp/s32ds.3.6.5/s32ds/build_tools/gcc_v10.2/gcc-10.2-arm32-eabi/bin/../lib/gcc/arm-none-eabi/10.2.0/../../../../arm-none-eabi/lib/thumb/v7e-m+fp/hard\libc_nano.a(lib_a-locale.o)
                0x00409be0                __locale_mb_cur_max
 .text.setlocale
                0x00409bec       0x10 c:/nxp/s32ds.3.6.5/s32ds/build_tools/gcc_v10.2/gcc-10.2-arm32-eabi/bin/../lib/gcc/arm-none-eabi/10.2.0/../../../../arm-none-eabi/lib/thumb/v7e-m+fp/hard\libc_nano.a(lib_a-locale.o)
                0x00409bec                setlocale
 .text.malloc   0x00409bfc       0x10 c:/nxp/s32ds.3.6.5/s32ds/build_tools/gcc_v10.2/gcc-10.2-arm32-eabi/bin/../lib/gcc/arm-none-eabi/10.2.0/../../../../arm-none-eabi/lib/thumb/v7e-m+fp/hard\libc_nano.a(lib_a-malloc.o)
                0x00409bfc                malloc
 .text.free     0x00409c0c       0x10 c:/nxp/s32ds.3.6.5/s32ds/build_tools/gcc_v10.2/gcc-10.2-arm32-eabi/bin/../lib/gcc/arm-none-eabi/10.2.0/../../../../arm-none-eabi/lib/thumb/v7e-m+fp/hard\libc_nano.a(lib_a-malloc.o)
                0x00409c0c                free
 .text._mbtowc_r
                0x00409c1c       0x14 c:/nxp/s32ds.3.6.5/s32ds/build_tools/gcc_v10.2/gcc-10.2-arm32-eabi/bin/../lib/gcc/arm-none-eabi/10.2.0/../../../../arm-none-eabi/lib/thumb/v7e-m+fp/hard\libc_nano.a(lib_a-mbtowc_r.o)
                0x00409c1c                _mbtowc_r
 .text.__ascii_mbtowc
                0x00409c30       0x24 c:/nxp/s32ds.3.6.5/s32ds/build_tools/gcc_v10.2/gcc-10.2-arm32-eabi/bin/../lib/gcc/arm-none-eabi/10.2.0/../../../../arm-none-eabi/lib/thumb/v7e-m+fp/hard\libc_nano.a(lib_a-mbtowc_r.o)
                0x00409c30                __ascii_mbtowc
 .text._Balloc  0x00409c54       0x80 c:/nxp/s32ds.3.6.5/s32ds/build_tools/gcc_v10.2/gcc-10.2-arm32-eabi/bin/../lib/gcc/arm-none-eabi/10.2.0/../../../../arm-none-eabi/lib/thumb/v7e-m+fp/hard\libc_nano.a(lib_a-mprec.o)
                0x00409c54                _Balloc
 .text._Bfree   0x00409cd4       0x44 c:/nxp/s32ds.3.6.5/s32ds/build_tools/gcc_v10.2/gcc-10.2-arm32-eabi/bin/../lib/gcc/arm-none-eabi/10.2.0/../../../../arm-none-eabi/lib/thumb/v7e-m+fp/hard\libc_nano.a(lib_a-mprec.o)
                0x00409cd4                _Bfree
 .text.__multadd
                0x00409d18       0x8c c:/nxp/s32ds.3.6.5/s32ds/build_tools/gcc_v10.2/gcc-10.2-arm32-eabi/bin/../lib/gcc/arm-none-eabi/10.2.0/../../../../arm-none-eabi/lib/thumb/v7e-m+fp/hard\libc_nano.a(lib_a-mprec.o)
                0x00409d18                __multadd
 .text.__s2b    0x00409da4       0x94 c:/nxp/s32ds.3.6.5/s32ds/build_tools/gcc_v10.2/gcc-10.2-arm32-eabi/bin/../lib/gcc/arm-none-eabi/10.2.0/../../../../arm-none-eabi/lib/thumb/v7e-m+fp/hard\libc_nano.a(lib_a-mprec.o)
                0x00409da4                __s2b
 .text.__hi0bits
                0x00409e38       0x40 c:/nxp/s32ds.3.6.5/s32ds/build_tools/gcc_v10.2/gcc-10.2-arm32-eabi/bin/../lib/gcc/arm-none-eabi/10.2.0/../../../../arm-none-eabi/lib/thumb/v7e-m+fp/hard\libc_nano.a(lib_a-mprec.o)
                0x00409e38                __hi0bits
 .text.__lo0bits
                0x00409e78       0x5e c:/nxp/s32ds.3.6.5/s32ds/build_tools/gcc_v10.2/gcc-10.2-arm32-eabi/bin/../lib/gcc/arm-none-eabi/10.2.0/../../../../arm-none-eabi/lib/thumb/v7e-m+fp/hard\libc_nano.a(lib_a-mprec.o)
                0x00409e78                __lo0bits
 *fill*         0x00409ed6        0x2 
 .text.__i2b    0x00409ed8       0x2c c:/nxp/s32ds.3.6.5/s32ds/build_tools/gcc_v10.2/gcc-10.2-arm32-eabi/bin/../lib/gcc/arm-none-eabi/10.2.0/../../../../arm-none-eabi/lib/thumb/v7e-m+fp/hard\libc_nano.a(lib_a-mprec.o)
                0x00409ed8                __i2b
 .text.__multiply
                0x00409f04      0x154 c:/nxp/s32ds.3.6.5/s32ds/build_tools/gcc_v10.2/gcc-10.2-arm32-eabi/bin/../lib/gcc/arm-none-eabi/10.2.0/../../../../arm-none-eabi/lib/thumb/v7e-m+fp/hard\libc_nano.a(lib_a-mprec.o)
                0x00409f04                __multiply
 .text.__pow5mult
                0x0040a058       0xb4 c:/nxp/s32ds.3.6.5/s32ds/build_tools/gcc_v10.2/gcc-10.2-arm32-eabi/bin/../lib/gcc/arm-none-eabi/10.2.0/../../../../arm-none-eabi/lib/thumb/v7e-m+fp/hard\libc_nano.a(lib_a-mprec.o)
                0x0040a058                __pow5mult
 .text.__lshift
                0x0040a10c       0xe0 c:/nxp/s32ds.3.6.5/s32ds/build_tools/gcc_v10.2/gcc-10.2-arm32-eabi/bin/../lib/gcc/arm-none-eabi/10.2.0/../../../../arm-none-eabi/lib/thumb/v7e-m+fp/hard\libc_nano.a(lib_a-mprec.o)
                0x0040a10c                __lshift
 .text.__mcmp   0x0040a1ec       0x38 c:/nxp/s32ds.3.6.5/s32ds/build_tools/gcc_v10.2/gcc-10.2-arm32-eabi/bin/../lib/gcc/arm-none-eabi/10.2.0/../../../../arm-none-eabi/lib/thumb/v7e-m+fp/hard\libc_nano.a(lib_a-mprec.o)
                0x0040a1ec                __mcmp
 .text.__mdiff  0x0040a224      0x114 c:/nxp/s32ds.3.6.5/s32ds/build_tools/gcc_v10.2/gcc-10.2-arm32-eabi/bin/../lib/gcc/arm-none-eabi/10.2.0/../../../../arm-none-eabi/lib/thumb/v7e-m+fp/hard\libc_nano.a(lib_a-mprec.o)
                0x0040a224                __mdiff
 .text.__ulp    0x0040a338       0x58 c:/nxp/s32ds.3.6.5/s32ds/build_tools/gcc_v10.2/gcc-10.2-arm32-eabi/bin/../lib/gcc/arm-none-eabi/10.2.0/../../../../arm-none-eabi/lib/thumb/v7e-m+fp/hard\libc_nano.a(lib_a-mprec.o)
                0x0040a338                __ulp
 .text.__b2d    0x0040a390       0xa0 c:/nxp/s32ds.3.6.5/s32ds/build_tools/gcc_v10.2/gcc-10.2-arm32-eabi/bin/../lib/gcc/arm-none-eabi/10.2.0/../../../../arm-none-eabi/lib/thumb/v7e-m+fp/hard\libc_nano.a(lib_a-mprec.o)
                0x0040a390                __b2d
 .text.__d2b    0x0040a430       0xb8 c:/nxp/s32ds.3.6.5/s32ds/build_tools/gcc_v10.2/gcc-10.2-arm32-eabi/bin/../lib/gcc/arm-none-eabi/10.2.0/../../../../arm-none-eabi/lib/thumb/v7e-m+fp/hard\libc_nano.a(lib_a-mprec.o)
                0x0040a430                __d2b
 .text.__ratio  0x0040a4e8       0x66 c:/nxp/s32ds.3.6.5/s32ds/build_tools/gcc_v10.2/gcc-10.2-arm32-eabi/bin/../lib/gcc/arm-none-eabi/10.2.0/../../../../arm-none-eabi/lib/thumb/v7e-m+fp/hard\libc_nano.a(lib_a-mprec.o)
                0x0040a4e8                __ratio
 *fill*         0x0040a54e        0x2 
 .text._mprec_log10
                0x0040a550       0x3c c:/nxp/s32ds.3.6.5/s32ds/build_tools/gcc_v10.2/gcc-10.2-arm32-eabi/bin/../lib/gcc/arm-none-eabi/10.2.0/../../../../arm-none-eabi/lib/thumb/v7e-m+fp/hard\libc_nano.a(lib_a-mprec.o)
                0x0040a550                _mprec_log10
 .text.__copybits
                0x0040a58c       0x46 c:/nxp/s32ds.3.6.5/s32ds/build_tools/gcc_v10.2/gcc-10.2-arm32-eabi/bin/../lib/gcc/arm-none-eabi/10.2.0/../../../../arm-none-eabi/lib/thumb/v7e-m+fp/hard\libc_nano.a(lib_a-mprec.o)
                0x0040a58c                __copybits
 .text.__any_on
                0x0040a5d2       0x42 c:/nxp/s32ds.3.6.5/s32ds/build_tools/gcc_v10.2/gcc-10.2-arm32-eabi/bin/../lib/gcc/arm-none-eabi/10.2.0/../../../../arm-none-eabi/lib/thumb/v7e-m+fp/hard\libc_nano.a(lib_a-mprec.o)
                0x0040a5d2                __any_on
 .text._calloc_r
                0x0040a614       0x1e c:/nxp/s32ds.3.6.5/s32ds/build_tools/gcc_v10.2/gcc-10.2-arm32-eabi/bin/../lib/gcc/arm-none-eabi/10.2.0/../../../../arm-none-eabi/lib/thumb/v7e-m+fp/hard\libc_nano.a(lib_a-nano-callocr.o)
                0x0040a614                _calloc_r
 *fill*         0x0040a632        0x2 
 .text._free_r  0x0040a634       0x98 c:/nxp/s32ds.3.6.5/s32ds/build_tools/gcc_v10.2/gcc-10.2-arm32-eabi/bin/../lib/gcc/arm-none-eabi/10.2.0/../../../../arm-none-eabi/lib/thumb/v7e-m+fp/hard\libc_nano.a(lib_a-nano-freer.o)
                0x0040a634                _free_r
 .text._malloc_r
                0x0040a6cc       0xb4 c:/nxp/s32ds.3.6.5/s32ds/build_tools/gcc_v10.2/gcc-10.2-arm32-eabi/bin/../lib/gcc/arm-none-eabi/10.2.0/../../../../arm-none-eabi/lib/thumb/v7e-m+fp/hard\libc_nano.a(lib_a-nano-mallocr.o)
                0x0040a6cc                _malloc_r
 .text.__ssputs_r
                0x0040a780       0xb6 c:/nxp/s32ds.3.6.5/s32ds/build_tools/gcc_v10.2/gcc-10.2-arm32-eabi/bin/../lib/gcc/arm-none-eabi/10.2.0/../../../../arm-none-eabi/lib/thumb/v7e-m+fp/hard\libc_nano.a(lib_a-nano-svfprintf.o)
                0x0040a780                __ssputs_r
 .text.__ssprint_r
                0x0040a836       0xf6 c:/nxp/s32ds.3.6.5/s32ds/build_tools/gcc_v10.2/gcc-10.2-arm32-eabi/bin/../lib/gcc/arm-none-eabi/10.2.0/../../../../arm-none-eabi/lib/thumb/v7e-m+fp/hard\libc_nano.a(lib_a-nano-svfprintf.o)
                0x0040a836                __ssprint_r
 .text._svfprintf_r
                0x0040a92c      0x200 c:/nxp/s32ds.3.6.5/s32ds/build_tools/gcc_v10.2/gcc-10.2-arm32-eabi/bin/../lib/gcc/arm-none-eabi/10.2.0/../../../../arm-none-eabi/lib/thumb/v7e-m+fp/hard\libc_nano.a(lib_a-nano-svfprintf.o)
                0x0040a92c                _svfiprintf_r
                0x0040a92c                _svfprintf_r
 .text._sbrk_r  0x0040ab2c       0x20 c:/nxp/s32ds.3.6.5/s32ds/build_tools/gcc_v10.2/gcc-10.2-arm32-eabi/bin/../lib/gcc/arm-none-eabi/10.2.0/../../../../arm-none-eabi/lib/thumb/v7e-m+fp/hard\libc_nano.a(lib_a-sbrkr.o)
                0x0040ab2c                _sbrk_r
 .text._wctomb_r
                0x0040ab4c       0x14 c:/nxp/s32ds.3.6.5/s32ds/build_tools/gcc_v10.2/gcc-10.2-arm32-eabi/bin/../lib/gcc/arm-none-eabi/10.2.0/../../../../arm-none-eabi/lib/thumb/v7e-m+fp/hard\libc_nano.a(lib_a-wctomb_r.o)
                0x0040ab4c                _wctomb_r
 .text.__ascii_wctomb
                0x0040ab60       0x1a c:/nxp/s32ds.3.6.5/s32ds/build_tools/gcc_v10.2/gcc-10.2-arm32-eabi/bin/../lib/gcc/arm-none-eabi/10.2.0/../../../../arm-none-eabi/lib/thumb/v7e-m+fp/hard\libc_nano.a(lib_a-wctomb_r.o)
                0x0040ab60                __ascii_wctomb
 *fill*         0x0040ab7a        0x2 
 .text.__assert_func
                0x0040ab7c       0x3c c:/nxp/s32ds.3.6.5/s32ds/build_tools/gcc_v10.2/gcc-10.2-arm32-eabi/bin/../lib/gcc/arm-none-eabi/10.2.0/../../../../arm-none-eabi/lib/thumb/v7e-m+fp/hard\libc_nano.a(lib_a-assert.o)
                0x0040ab7c                __assert_func
 .text.__assert
                0x0040abb8        0xa c:/nxp/s32ds.3.6.5/s32ds/build_tools/gcc_v10.2/gcc-10.2-arm32-eabi/bin/../lib/gcc/arm-none-eabi/10.2.0/../../../../arm-none-eabi/lib/thumb/v7e-m+fp/hard\libc_nano.a(lib_a-assert.o)
                0x0040abb8                __assert
 .text._fprintf_r
                0x0040abc2       0x1a c:/nxp/s32ds.3.6.5/s32ds/build_tools/gcc_v10.2/gcc-10.2-arm32-eabi/bin/../lib/gcc/arm-none-eabi/10.2.0/../../../../arm-none-eabi/lib/thumb/v7e-m+fp/hard\libc_nano.a(lib_a-fprintf.o)
                0x0040abc2                _fiprintf_r
                0x0040abc2                _fprintf_r
 .text.fprintf  0x0040abdc       0x24 c:/nxp/s32ds.3.6.5/s32ds/build_tools/gcc_v10.2/gcc-10.2-arm32-eabi/bin/../lib/gcc/arm-none-eabi/10.2.0/../../../../arm-none-eabi/lib/thumb/v7e-m+fp/hard\libc_nano.a(lib_a-fprintf.o)
                0x0040abdc                fiprintf
                0x0040abdc                fprintf
 .text.__malloc_lock
                0x0040ac00        0x2 c:/nxp/s32ds.3.6.5/s32ds/build_tools/gcc_v10.2/gcc-10.2-arm32-eabi/bin/../lib/gcc/arm-none-eabi/10.2.0/../../../../arm-none-eabi/lib/thumb/v7e-m+fp/hard\libc_nano.a(lib_a-mlock.o)
                0x0040ac00                __malloc_lock
 .text.__malloc_unlock
                0x0040ac02        0x2 c:/nxp/s32ds.3.6.5/s32ds/build_tools/gcc_v10.2/gcc-10.2-arm32-eabi/bin/../lib/gcc/arm-none-eabi/10.2.0/../../../../arm-none-eabi/lib/thumb/v7e-m+fp/hard\libc_nano.a(lib_a-mlock.o)
                0x0040ac02                __malloc_unlock
 .text._realloc_r
                0x0040ac04       0x4c c:/nxp/s32ds.3.6.5/s32ds/build_tools/gcc_v10.2/gcc-10.2-arm32-eabi/bin/../lib/gcc/arm-none-eabi/10.2.0/../../../../arm-none-eabi/lib/thumb/v7e-m+fp/hard\libc_nano.a(lib_a-nano-reallocr.o)
                0x0040ac04                _realloc_r
 .text.__sfputc_r
                0x0040ac50       0x2e c:/nxp/s32ds.3.6.5/s32ds/build_tools/gcc_v10.2/gcc-10.2-arm32-eabi/bin/../lib/gcc/arm-none-eabi/10.2.0/../../../../arm-none-eabi/lib/thumb/v7e-m+fp/hard\libc_nano.a(lib_a-nano-vfprintf.o)
 .text.__sfputs_r
                0x0040ac7e       0x24 c:/nxp/s32ds.3.6.5/s32ds/build_tools/gcc_v10.2/gcc-10.2-arm32-eabi/bin/../lib/gcc/arm-none-eabi/10.2.0/../../../../arm-none-eabi/lib/thumb/v7e-m+fp/hard\libc_nano.a(lib_a-nano-vfprintf.o)
                0x0040ac7e                __sfputs_r
 .text.__sprint_r
                0x0040aca2       0x1a c:/nxp/s32ds.3.6.5/s32ds/build_tools/gcc_v10.2/gcc-10.2-arm32-eabi/bin/../lib/gcc/arm-none-eabi/10.2.0/../../../../arm-none-eabi/lib/thumb/v7e-m+fp/hard\libc_nano.a(lib_a-nano-vfprintf.o)
                0x0040aca2                __sprint_r
 .text._vfprintf_r
                0x0040acbc      0x22c c:/nxp/s32ds.3.6.5/s32ds/build_tools/gcc_v10.2/gcc-10.2-arm32-eabi/bin/../lib/gcc/arm-none-eabi/10.2.0/../../../../arm-none-eabi/lib/thumb/v7e-m+fp/hard\libc_nano.a(lib_a-nano-vfprintf.o)
                0x0040acbc                _vfprintf_r
                0x0040acbc                _vfiprintf_r
 .text.vfprintf
                0x0040aee8       0x14 c:/nxp/s32ds.3.6.5/s32ds/build_tools/gcc_v10.2/gcc-10.2-arm32-eabi/bin/../lib/gcc/arm-none-eabi/10.2.0/../../../../arm-none-eabi/lib/thumb/v7e-m+fp/hard\libc_nano.a(lib_a-nano-vfprintf.o)
                0x0040aee8                vfprintf
                0x0040aee8                vfiprintf
 .text.cleanup_glue
                0x0040aefc       0x1a c:/nxp/s32ds.3.6.5/s32ds/build_tools/gcc_v10.2/gcc-10.2-arm32-eabi/bin/../lib/gcc/arm-none-eabi/10.2.0/../../../../arm-none-eabi/lib/thumb/v7e-m+fp/hard\libc_nano.a(lib_a-reent.o)
                0x0040aefc                cleanup_glue
 *fill*         0x0040af16        0x2 
 .text._reclaim_reent
                0x0040af18       0xb8 c:/nxp/s32ds.3.6.5/s32ds/build_tools/gcc_v10.2/gcc-10.2-arm32-eabi/bin/../lib/gcc/arm-none-eabi/10.2.0/../../../../arm-none-eabi/lib/thumb/v7e-m+fp/hard\libc_nano.a(lib_a-reent.o)
                0x0040af18                _reclaim_reent
 .text.__swbuf_r
                0x0040afd0       0xa4 c:/nxp/s32ds.3.6.5/s32ds/build_tools/gcc_v10.2/gcc-10.2-arm32-eabi/bin/../lib/gcc/arm-none-eabi/10.2.0/../../../../arm-none-eabi/lib/thumb/v7e-m+fp/hard\libc_nano.a(lib_a-wbuf.o)
                0x0040afd0                __swbuf_r
 .text.__swbuf  0x0040b074       0x10 c:/nxp/s32ds.3.6.5/s32ds/build_tools/gcc_v10.2/gcc-10.2-arm32-eabi/bin/../lib/gcc/arm-none-eabi/10.2.0/../../../../arm-none-eabi/lib/thumb/v7e-m+fp/hard\libc_nano.a(lib_a-wbuf.o)
                0x0040b074                __swbuf
 .text.__swsetup_r
                0x0040b084       0xdc c:/nxp/s32ds.3.6.5/s32ds/build_tools/gcc_v10.2/gcc-10.2-arm32-eabi/bin/../lib/gcc/arm-none-eabi/10.2.0/../../../../arm-none-eabi/lib/thumb/v7e-m+fp/hard\libc_nano.a(lib_a-wsetup.o)
                0x0040b084                __swsetup_r
 .text.abort    0x0040b160        0xe c:/nxp/s32ds.3.6.5/s32ds/build_tools/gcc_v10.2/gcc-10.2-arm32-eabi/bin/../lib/gcc/arm-none-eabi/10.2.0/../../../../arm-none-eabi/lib/thumb/v7e-m+fp/hard\libc_nano.a(lib_a-abort.o)
                0x0040b160                abort
 *fill*         0x0040b16e        0x2 
 .text.__sflush_r
                0x0040b170      0x10c c:/nxp/s32ds.3.6.5/s32ds/build_tools/gcc_v10.2/gcc-10.2-arm32-eabi/bin/../lib/gcc/arm-none-eabi/10.2.0/../../../../arm-none-eabi/lib/thumb/v7e-m+fp/hard\libc_nano.a(lib_a-fflush.o)
                0x0040b170                __sflush_r
 .text._fflush_r
                0x0040b27c       0x54 c:/nxp/s32ds.3.6.5/s32ds/build_tools/gcc_v10.2/gcc-10.2-arm32-eabi/bin/../lib/gcc/arm-none-eabi/10.2.0/../../../../arm-none-eabi/lib/thumb/v7e-m+fp/hard\libc_nano.a(lib_a-fflush.o)
                0x0040b27c                _fflush_r
 .text.fflush   0x0040b2d0       0x24 c:/nxp/s32ds.3.6.5/s32ds/build_tools/gcc_v10.2/gcc-10.2-arm32-eabi/bin/../lib/gcc/arm-none-eabi/10.2.0/../../../../arm-none-eabi/lib/thumb/v7e-m+fp/hard\libc_nano.a(lib_a-fflush.o)
                0x0040b2d0                fflush
 .text.std      0x0040b2f4       0x48 c:/nxp/s32ds.3.6.5/s32ds/build_tools/gcc_v10.2/gcc-10.2-arm32-eabi/bin/../lib/gcc/arm-none-eabi/10.2.0/../../../../arm-none-eabi/lib/thumb/v7e-m+fp/hard\libc_nano.a(lib_a-findfp.o)
 .text._cleanup_r
                0x0040b33c        0xc c:/nxp/s32ds.3.6.5/s32ds/build_tools/gcc_v10.2/gcc-10.2-arm32-eabi/bin/../lib/gcc/arm-none-eabi/10.2.0/../../../../arm-none-eabi/lib/thumb/v7e-m+fp/hard\libc_nano.a(lib_a-findfp.o)
                0x0040b33c                _cleanup_r
 .text.__sfmoreglue
                0x0040b348       0x2c c:/nxp/s32ds.3.6.5/s32ds/build_tools/gcc_v10.2/gcc-10.2-arm32-eabi/bin/../lib/gcc/arm-none-eabi/10.2.0/../../../../arm-none-eabi/lib/thumb/v7e-m+fp/hard\libc_nano.a(lib_a-findfp.o)
                0x0040b348                __sfmoreglue
 .text._cleanup
                0x0040b374        0xc c:/nxp/s32ds.3.6.5/s32ds/build_tools/gcc_v10.2/gcc-10.2-arm32-eabi/bin/../lib/gcc/arm-none-eabi/10.2.0/../../../../arm-none-eabi/lib/thumb/v7e-m+fp/hard\libc_nano.a(lib_a-findfp.o)
                0x0040b374                _cleanup
 .text.__sinit  0x0040b380       0x60 c:/nxp/s32ds.3.6.5/s32ds/build_tools/gcc_v10.2/gcc-10.2-arm32-eabi/bin/../lib/gcc/arm-none-eabi/10.2.0/../../../../arm-none-eabi/lib/thumb/v7e-m+fp/hard\libc_nano.a(lib_a-findfp.o)
                0x0040b380                __sinit
 .text.__sfp    0x0040b3e0       0x78 c:/nxp/s32ds.3.6.5/s32ds/build_tools/gcc_v10.2/gcc-10.2-arm32-eabi/bin/../lib/gcc/arm-none-eabi/10.2.0/../../../../arm-none-eabi/lib/thumb/v7e-m+fp/hard\libc_nano.a(lib_a-findfp.o)
                0x0040b3e0                __sfp
 .text.__sfvwrite_r
                0x0040b458      0x294 c:/nxp/s32ds.3.6.5/s32ds/build_tools/gcc_v10.2/gcc-10.2-arm32-eabi/bin/../lib/gcc/arm-none-eabi/10.2.0/../../../../arm-none-eabi/lib/thumb/v7e-m+fp/hard\libc_nano.a(lib_a-fvwrite.o)
                0x0040b458                __sfvwrite_r
 .text._fwalk   0x0040b6ec       0x3a c:/nxp/s32ds.3.6.5/s32ds/build_tools/gcc_v10.2/gcc-10.2-arm32-eabi/bin/../lib/gcc/arm-none-eabi/10.2.0/../../../../arm-none-eabi/lib/thumb/v7e-m+fp/hard\libc_nano.a(lib_a-fwalk.o)
                0x0040b6ec                _fwalk
 .text._fwalk_reent
                0x0040b726       0x3e c:/nxp/s32ds.3.6.5/s32ds/build_tools/gcc_v10.2/gcc-10.2-arm32-eabi/bin/../lib/gcc/arm-none-eabi/10.2.0/../../../../arm-none-eabi/lib/thumb/v7e-m+fp/hard\libc_nano.a(lib_a-fwalk.o)
                0x0040b726                _fwalk_reent
 .text.__swhatbuf_r
                0x0040b764       0x4a c:/nxp/s32ds.3.6.5/s32ds/build_tools/gcc_v10.2/gcc-10.2-arm32-eabi/bin/../lib/gcc/arm-none-eabi/10.2.0/../../../../arm-none-eabi/lib/thumb/v7e-m+fp/hard\libc_nano.a(lib_a-makebuf.o)
                0x0040b764                __swhatbuf_r
 *fill*         0x0040b7ae        0x2 
 .text.__smakebuf_r
                0x0040b7b0       0x80 c:/nxp/s32ds.3.6.5/s32ds/build_tools/gcc_v10.2/gcc-10.2-arm32-eabi/bin/../lib/gcc/arm-none-eabi/10.2.0/../../../../arm-none-eabi/lib/thumb/v7e-m+fp/hard\libc_nano.a(lib_a-makebuf.o)
                0x0040b7b0                __smakebuf_r
 .text._malloc_usable_size_r
                0x0040b830       0x10 c:/nxp/s32ds.3.6.5/s32ds/build_tools/gcc_v10.2/gcc-10.2-arm32-eabi/bin/../lib/gcc/arm-none-eabi/10.2.0/../../../../arm-none-eabi/lib/thumb/v7e-m+fp/hard\libc_nano.a(lib_a-nano-msizer.o)
                0x0040b830                _malloc_usable_size_r
 .text._init_signal_r
                0x0040b840       0x28 c:/nxp/s32ds.3.6.5/s32ds/build_tools/gcc_v10.2/gcc-10.2-arm32-eabi/bin/../lib/gcc/arm-none-eabi/10.2.0/../../../../arm-none-eabi/lib/thumb/v7e-m+fp/hard\libc_nano.a(lib_a-signal.o)
                0x0040b840                _init_signal_r
 .text._signal_r
                0x0040b868       0x30 c:/nxp/s32ds.3.6.5/s32ds/build_tools/gcc_v10.2/gcc-10.2-arm32-eabi/bin/../lib/gcc/arm-none-eabi/10.2.0/../../../../arm-none-eabi/lib/thumb/v7e-m+fp/hard\libc_nano.a(lib_a-signal.o)
                0x0040b868                _signal_r
 .text._raise_r
                0x0040b898       0x50 c:/nxp/s32ds.3.6.5/s32ds/build_tools/gcc_v10.2/gcc-10.2-arm32-eabi/bin/../lib/gcc/arm-none-eabi/10.2.0/../../../../arm-none-eabi/lib/thumb/v7e-m+fp/hard\libc_nano.a(lib_a-signal.o)
                0x0040b898                _raise_r
 .text.__sigtramp_r
                0x0040b8e8       0x48 c:/nxp/s32ds.3.6.5/s32ds/build_tools/gcc_v10.2/gcc-10.2-arm32-eabi/bin/../lib/gcc/arm-none-eabi/10.2.0/../../../../arm-none-eabi/lib/thumb/v7e-m+fp/hard\libc_nano.a(lib_a-signal.o)
                0x0040b8e8                __sigtramp_r
 .text.raise    0x0040b930       0x10 c:/nxp/s32ds.3.6.5/s32ds/build_tools/gcc_v10.2/gcc-10.2-arm32-eabi/bin/../lib/gcc/arm-none-eabi/10.2.0/../../../../arm-none-eabi/lib/thumb/v7e-m+fp/hard\libc_nano.a(lib_a-signal.o)
                0x0040b930                raise
 .text.signal   0x0040b940       0x10 c:/nxp/s32ds.3.6.5/s32ds/build_tools/gcc_v10.2/gcc-10.2-arm32-eabi/bin/../lib/gcc/arm-none-eabi/10.2.0/../../../../arm-none-eabi/lib/thumb/v7e-m+fp/hard\libc_nano.a(lib_a-signal.o)
                0x0040b940                signal
 .text._init_signal
                0x0040b950        0xc c:/nxp/s32ds.3.6.5/s32ds/build_tools/gcc_v10.2/gcc-10.2-arm32-eabi/bin/../lib/gcc/arm-none-eabi/10.2.0/../../../../arm-none-eabi/lib/thumb/v7e-m+fp/hard\libc_nano.a(lib_a-signal.o)
                0x0040b950                _init_signal
 .text.__sigtramp
                0x0040b95c       0x10 c:/nxp/s32ds.3.6.5/s32ds/build_tools/gcc_v10.2/gcc-10.2-arm32-eabi/bin/../lib/gcc/arm-none-eabi/10.2.0/../../../../arm-none-eabi/lib/thumb/v7e-m+fp/hard\libc_nano.a(lib_a-signal.o)
                0x0040b95c                __sigtramp
 .text._kill_r  0x0040b96c       0x24 c:/nxp/s32ds.3.6.5/s32ds/build_tools/gcc_v10.2/gcc-10.2-arm32-eabi/bin/../lib/gcc/arm-none-eabi/10.2.0/../../../../arm-none-eabi/lib/thumb/v7e-m+fp/hard\libc_nano.a(lib_a-signalr.o)
                0x0040b96c                _kill_r
 .text._getpid_r
                0x0040b990        0x4 c:/nxp/s32ds.3.6.5/s32ds/build_tools/gcc_v10.2/gcc-10.2-arm32-eabi/bin/../lib/gcc/arm-none-eabi/10.2.0/../../../../arm-none-eabi/lib/thumb/v7e-m+fp/hard\libc_nano.a(lib_a-signalr.o)
                0x0040b990                _getpid_r
 .text.__sread  0x0040b994       0x22 c:/nxp/s32ds.3.6.5/s32ds/build_tools/gcc_v10.2/gcc-10.2-arm32-eabi/bin/../lib/gcc/arm-none-eabi/10.2.0/../../../../arm-none-eabi/lib/thumb/v7e-m+fp/hard\libc_nano.a(lib_a-stdio.o)
                0x0040b994                __sread
 .text.__seofread
                0x0040b9b6        0x4 c:/nxp/s32ds.3.6.5/s32ds/build_tools/gcc_v10.2/gcc-10.2-arm32-eabi/bin/../lib/gcc/arm-none-eabi/10.2.0/../../../../arm-none-eabi/lib/thumb/v7e-m+fp/hard\libc_nano.a(lib_a-stdio.o)
                0x0040b9b6                __seofread
 .text.__swrite
                0x0040b9ba       0x38 c:/nxp/s32ds.3.6.5/s32ds/build_tools/gcc_v10.2/gcc-10.2-arm32-eabi/bin/../lib/gcc/arm-none-eabi/10.2.0/../../../../arm-none-eabi/lib/thumb/v7e-m+fp/hard\libc_nano.a(lib_a-stdio.o)
                0x0040b9ba                __swrite
 .text.__sseek  0x0040b9f2       0x24 c:/nxp/s32ds.3.6.5/s32ds/build_tools/gcc_v10.2/gcc-10.2-arm32-eabi/bin/../lib/gcc/arm-none-eabi/10.2.0/../../../../arm-none-eabi/lib/thumb/v7e-m+fp/hard\libc_nano.a(lib_a-stdio.o)
                0x0040b9f2                __sseek
 .text.__sclose
                0x0040ba16        0x8 c:/nxp/s32ds.3.6.5/s32ds/build_tools/gcc_v10.2/gcc-10.2-arm32-eabi/bin/../lib/gcc/arm-none-eabi/10.2.0/../../../../arm-none-eabi/lib/thumb/v7e-m+fp/hard\libc_nano.a(lib_a-stdio.o)
                0x0040ba16                __sclose
 *fill*         0x0040ba1e        0x2 
 .text._write_r
                0x0040ba20       0x24 c:/nxp/s32ds.3.6.5/s32ds/build_tools/gcc_v10.2/gcc-10.2-arm32-eabi/bin/../lib/gcc/arm-none-eabi/10.2.0/../../../../arm-none-eabi/lib/thumb/v7e-m+fp/hard\libc_nano.a(lib_a-writer.o)
                0x0040ba20                _write_r
 .text._close_r
                0x0040ba44       0x20 c:/nxp/s32ds.3.6.5/s32ds/build_tools/gcc_v10.2/gcc-10.2-arm32-eabi/bin/../lib/gcc/arm-none-eabi/10.2.0/../../../../arm-none-eabi/lib/thumb/v7e-m+fp/hard\libc_nano.a(lib_a-closer.o)
                0x0040ba44                _close_r
 .text._fstat_r
                0x0040ba64       0x24 c:/nxp/s32ds.3.6.5/s32ds/build_tools/gcc_v10.2/gcc-10.2-arm32-eabi/bin/../lib/gcc/arm-none-eabi/10.2.0/../../../../arm-none-eabi/lib/thumb/v7e-m+fp/hard\libc_nano.a(lib_a-fstatr.o)
                0x0040ba64                _fstat_r
 .text._isatty_r
                0x0040ba88       0x20 c:/nxp/s32ds.3.6.5/s32ds/build_tools/gcc_v10.2/gcc-10.2-arm32-eabi/bin/../lib/gcc/arm-none-eabi/10.2.0/../../../../arm-none-eabi/lib/thumb/v7e-m+fp/hard\libc_nano.a(lib_a-isattyr.o)
                0x0040ba88                _isatty_r
 .text._lseek_r
                0x0040baa8       0x24 c:/nxp/s32ds.3.6.5/s32ds/build_tools/gcc_v10.2/gcc-10.2-arm32-eabi/bin/../lib/gcc/arm-none-eabi/10.2.0/../../../../arm-none-eabi/lib/thumb/v7e-m+fp/hard\libc_nano.a(lib_a-lseekr.o)
                0x0040baa8                _lseek_r
 .text._read_r  0x0040bacc       0x24 c:/nxp/s32ds.3.6.5/s32ds/build_tools/gcc_v10.2/gcc-10.2-arm32-eabi/bin/../lib/gcc/arm-none-eabi/10.2.0/../../../../arm-none-eabi/lib/thumb/v7e-m+fp/hard\libc_nano.a(lib_a-readr.o)
                0x0040bacc                _read_r
 .text._close   0x0040baf0       0x10 c:/nxp/s32ds.3.6.5/s32ds/build_tools/gcc_v10.2/gcc-10.2-arm32-eabi/bin/../lib/gcc/arm-none-eabi/10.2.0/../../../../arm-none-eabi/lib/thumb/v7e-m+fp/hard\libnosys.a(close.o)
                0x0040baf0                _close
 .text._fstat   0x0040bb00       0x10 c:/nxp/s32ds.3.6.5/s32ds/build_tools/gcc_v10.2/gcc-10.2-arm32-eabi/bin/../lib/gcc/arm-none-eabi/10.2.0/../../../../arm-none-eabi/lib/thumb/v7e-m+fp/hard\libnosys.a(fstat.o)
                0x0040bb00                _fstat
 .text._getpid  0x0040bb10       0x10 c:/nxp/s32ds.3.6.5/s32ds/build_tools/gcc_v10.2/gcc-10.2-arm32-eabi/bin/../lib/gcc/arm-none-eabi/10.2.0/../../../../arm-none-eabi/lib/thumb/v7e-m+fp/hard\libnosys.a(getpid.o)
                0x0040bb10                _getpid
 .text._isatty  0x0040bb20       0x10 c:/nxp/s32ds.3.6.5/s32ds/build_tools/gcc_v10.2/gcc-10.2-arm32-eabi/bin/../lib/gcc/arm-none-eabi/10.2.0/../../../../arm-none-eabi/lib/thumb/v7e-m+fp/hard\libnosys.a(isatty.o)
                0x0040bb20                _isatty
 .text._kill    0x0040bb30       0x10 c:/nxp/s32ds.3.6.5/s32ds/build_tools/gcc_v10.2/gcc-10.2-arm32-eabi/bin/../lib/gcc/arm-none-eabi/10.2.0/../../../../arm-none-eabi/lib/thumb/v7e-m+fp/hard\libnosys.a(kill.o)
                0x0040bb30                _kill
 .text._lseek   0x0040bb40       0x10 c:/nxp/s32ds.3.6.5/s32ds/build_tools/gcc_v10.2/gcc-10.2-arm32-eabi/bin/../lib/gcc/arm-none-eabi/10.2.0/../../../../arm-none-eabi/lib/thumb/v7e-m+fp/hard\libnosys.a(lseek.o)
                0x0040bb40                _lseek
 .text._read    0x0040bb50       0x10 c:/nxp/s32ds.3.6.5/s32ds/build_tools/gcc_v10.2/gcc-10.2-arm32-eabi/bin/../lib/gcc/arm-none-eabi/10.2.0/../../../../arm-none-eabi/lib/thumb/v7e-m+fp/hard\libnosys.a(read.o)
                0x0040bb50                _read
 .text._sbrk    0x0040bb60       0x1c c:/nxp/s32ds.3.6.5/s32ds/build_tools/gcc_v10.2/gcc-10.2-arm32-eabi/bin/../lib/gcc/arm-none-eabi/10.2.0/../../../../arm-none-eabi/lib/thumb/v7e-m+fp/hard\libnosys.a(sbrk.o)
                0x0040bb60                _sbrk
 .text._write   0x0040bb7c       0x10 c:/nxp/s32ds.3.6.5/s32ds/build_tools/gcc_v10.2/gcc-10.2-arm32-eabi/bin/../lib/gcc/arm-none-eabi/10.2.0/../../../../arm-none-eabi/lib/thumb/v7e-m+fp/hard\libnosys.a(write.o)
                0x0040bb7c                _write
 .text._exit    0x0040bb8c        0x2 c:/nxp/s32ds.3.6.5/s32ds/build_tools/gcc_v10.2/gcc-10.2-arm32-eabi/bin/../lib/gcc/arm-none-eabi/10.2.0/../../../../arm-none-eabi/lib/thumb/v7e-m+fp/hard\libnosys.a(_exit.o)
                0x0040bb8c                _exit
                0x0040bb90                . = ALIGN (0x4)
 *fill*         0x0040bb8e        0x2 
 *(.mcal_text)
 .mcal_text     0x0040bb90       0x14 ./Project_Settings/Startup_Code/exceptions.o
                0x0040bb90                NMI_Handler
                0x0040bb92                HardFault_Handler
                0x0040bb94                MemManage_Handler
                0x0040bb96                BusFault_Handler
                0x0040bb98                UsageFault_Handler
                0x0040bb9c                DebugMon_Handler
                0x0040bba2                undefined_handler
 .mcal_text     0x0040bba4       0x52 ./Project_Settings/Startup_Code/nvic.o
                0x0040bba4                NVIC_SetPriorityGrouping
                0x0040bbb8                NVIC_EnableIRQ
                0x0040bbd0                NVIC_DisableIRQ
                0x0040bbe8                NVIC_SetPriority
 *fill*         0x0040bbf6        0x2 
 .mcal_text     0x0040bbf8       0xe8 ./Project_Settings/Startup_Code/startup.o
                0x0040bbf8                init_data_bss
                0x0040bc84                init_data_bss_core2
 .mcal_text     0x0040bce0      0x338 ./Project_Settings/Startup_Code/system.o
                0x0040bce0                startup_go_to_user_mode
                0x0040bce2                default_interrupt_routine
                0x0040bce4                Sys_GetCoreID
                0x0040bcf4                SystemInit
                0x0040bffc                Enable_FPU
 .mcal_text     0x0040c018      0x884 ./RTD/src/Clock_Ip.o
                0x0040c01a                Clock_Ip_InitClock
                0x0040c5c0                Clock_Ip_GetPllStatus
                0x0040c664                Clock_Ip_DistributePll
                0x0040c750                Clock_Ip_Init
                0x0040c774                Clock_Ip_DisableClockMonitor
                0x0040c798                Clock_Ip_InstallNotificationsCallback
                0x0040c7a4                Clock_Ip_DisableModuleClock
                0x0040c7cc                Clock_Ip_EnableModuleClock
                0x0040c7f4                Clock_Ip_DisableFircInStandby
                0x0040c80c                Clock_Ip_EnableFircInStandby
                0x0040c824                Clock_Ip_DisableSircInStandby
                0x0040c83c                Clock_Ip_EnableSircInStandby
                0x0040c854                Clock_Ip_ReportClockErrors
                0x0040c860                Clock_Ip_StartTimeout
                0x0040c880                Clock_Ip_TimeoutExpired
 .mcal_text     0x0040c89c      0x1e4 ./RTD/src/Clock_Ip_Divider.o
 .mcal_text     0x0040ca80       0xb0 ./RTD/src/Clock_Ip_DividerTrigger.o
 .mcal_text     0x0040cb30      0x234 ./RTD/src/Clock_Ip_ExtOsc.o
 .mcal_text     0x0040cd64        0x6 ./RTD/src/Clock_Ip_FracDiv.o
 .mcal_text     0x0040cd6a        0x2 ./RTD/src/Clock_Ip_Frequency.o
                0x0040cd6a                Clock_Ip_SetExternalSignalFrequency
 .mcal_text     0x0040cd6c      0x150 ./RTD/src/Clock_Ip_Gate.o
 .mcal_text     0x0040cebc      0x104 ./RTD/src/Clock_Ip_IntOsc.o
 .mcal_text     0x0040cfc0        0x4 ./RTD/src/Clock_Ip_Irq.o
                0x0040cfc0                Mcu_Cmu_ClockFail_IRQHandler
 .mcal_text     0x0040cfc4      0x288 ./RTD/src/Clock_Ip_Monitor.o
                0x0040d204                Clock_Ip_CMU_ClockFailInt
 .mcal_text     0x0040d24c      0x184 ./RTD/src/Clock_Ip_Pll.o
 .mcal_text     0x0040d3d0      0x1f0 ./RTD/src/Clock_Ip_ProgFreqSwitch.o
 .mcal_text     0x0040d5c0      0x3dc ./RTD/src/Clock_Ip_Selector.o
                0x0040d970                Clock_Ip_SetRtcRtccClksel_TrustedCall
 .mcal_text     0x0040d99c      0x344 ./RTD/src/Clock_Ip_Specific.o
                0x0040d99c                Clock_Ip_SetFlashWaitStates
                0x0040d9a0                Clock_Ip_McMeEnterKey
                0x0040d9b4                Clock_Ip_PowerClockIpModules
                0x0040dc34                DisableFircInStandbyMode
                0x0040dc44                EnableFircInStandbyMode
                0x0040dc60                DisableSircInStandbyMode
                0x0040dc70                EnableSircInStandbyMode
                0x0040dc8c                Clock_Ip_Command
                0x0040dcdc                Clock_Ip_SetRamWaitStates
 .mcal_text     0x0040dce0      0x504 ./RTD/src/Det.o
                0x0040dce0                Det_Start
                0x0040dce2                Det_InitDataNode
                0x0040dd68                Det_LinkNodeToHead
                0x0040dd98                Det_DelAllNodesSameId
                0x0040de96                Det_FreeNodesInLinkedList
                0x0040decc                Det_Init
                0x0040e0c4                Det_ReportError
                0x0040e124                Det_ReportRuntimeError
                0x0040e184                Det_ReportTransientFault
 .mcal_text     0x0040e1e4      0x1e0 ./RTD/src/Det_stub.o
                0x0040e1e4                Det_TestLastReportError
                0x0040e234                Det_TestLastReportRuntimeError
                0x0040e284                Det_TestLastReportTransientFault
                0x0040e2d4                Det_TestNoError
                0x0040e324                Det_TestNoRuntimeError
                0x0040e374                Det_TestNoTransientFault
 .mcal_text     0x0040e3c4     0x2100 ./RTD/src/FlexCAN_Ip.o
                0x0040eb34                FlexCAN_Ip_Init_Privileged
                0x0040ed0c                FlexCAN_Ip_Send
                0x0040ed84                FlexCAN_Ip_ConfigRxMb
                0x0040ee18                FlexCAN_Ip_Receive
                0x0040ee68                FlexCAN_Ip_ReceiveBlocking
                0x0040ef58                FlexCAN_Ip_RxFifo
                0x0040ef94                FlexCAN_Ip_RxFifoBlocking
                0x0040f14c                FlexCAN_Ip_ConfigRxFifo_Privileged
                0x0040f1c8                FlexCAN_Ip_ConfigEnhancedRxFifo_Privileged
                0x0040f23c                FlexCAN_Ip_ConfigRemoteResponseMb
                0x0040f304                FlexCAN_Ip_GetTransferStatus
                0x0040f350                FlexCAN_IRQHandler
                0x0040f4ec                FlexCAN_Ip_ClearErrorStatus
                0x0040f50c                FlexCAN_Ip_GetErrorStatus
                0x0040f52c                FlexCAN_Ip_GetControllerTxErrorCounter
                0x0040f54c                FlexCAN_Ip_GetControllerRxErrorCounter
                0x0040f570                FlexCAN_Busoff_Error_IRQHandler
                0x0040f628                FlexCAN_Ip_SendBlocking
                0x0040f758                FlexCAN_Ip_SetRxMbGlobalMask_Privileged
                0x0040f7b0                FlexCAN_Ip_EnterFreezeMode_Privileged
                0x0040f7c0                FlexCAN_Ip_ExitFreezeMode_Privileged
                0x0040f7d0                FlexCAN_Ip_SetRxIndividualMask_Privileged
                0x0040f84c                FlexCAN_Ip_SetRxFifoGlobalMask_Privileged
                0x0040f8a4                FlexCAN_Ip_Deinit_Privileged
                0x0040f9ac                FlexCAN_Ip_MainFunctionRead
                0x0040fa44                FlexCAN_Ip_MainFunctionBusOff_Privileged
                0x0040fa78                FlexCAN_Ip_MainFunctionWrite
                0x0040fabc                FlexCAN_Ip_GetStopMode
                0x0040fad4                FlexCAN_Ip_GetStartMode
                0x0040faec                FlexCAN_Ip_SetStartMode_Privileged
                0x0040fb20                FlexCAN_Ip_SetStopMode_Privileged
                0x0040fb50                FlexCAN_Ip_SetRxMaskType_Privileged
                0x0040fbbc                FlexCAN_Ip_SetBitrate_Privileged
                0x0040fc60                FlexCAN_Ip_GetBitrate
                0x0040fd14                FlexCAN_Ip_ClearTDCFail
                0x0040fd5c                FlexCAN_Ip_GetTDCFail
                0x0040fd90                FlexCAN_Ip_GetTDCValue
                0x0040fdc4                FlexCAN_Ip_SetBitrateCbt_Privileged
                0x0040fe90                FlexCAN_Ip_GetBitrateFD
                0x0040ff28                FlexCAN_Ip_SetTDCOffset_Privileged
                0x0040ffd4                FlexCAN_Ip_SetTxArbitrationStartDelay_Privileged
                0x00410040                FlexCAN_Ip_GetBuffStatusFlag
                0x00410074                FlexCAN_Ip_ClearBuffStatusFlag
                0x004100a4                FlexCAN_Ip_EnableInterrupts_Privileged
                0x004100f8                FlexCAN_Ip_DisableInterrupts_Privileged
                0x00410144                FlexCAN_Ip_SetErrorInt_Privileged
                0x004101dc                FlexCAN_Ip_AbortTransfer
                0x00410314                FlexCAN_Ip_SetRxMb14Mask_Privileged
                0x0041036c                FlexCAN_Ip_SetRxMb15Mask_Privileged
                0x004103c4                FlexCAN_Ip_SetListenOnlyMode_Privileged
                0x00410434                FlexCAN_Ip_GetListenOnlyMode
                0x00410448                FlexCAN_Ip_ManualBusOffRecovery
 .mcal_text     0x004104c4      0xf24 ./RTD/src/FlexCAN_Ip_HwAccess.o
                0x004104f6                FlexCAN_ComputePayloadSize
                0x00410510                FlexCAN_GetMsgBuffRegion
                0x00410560                FlexCAN_GetMaxMbNum
                0x004105ac                FlexCAN_EnterFreezeMode
                0x0041060c                FlexCAN_Enable
                0x00410658                FlexCAN_ExitFreezeMode
                0x004106ac                FlexCAN_Disable
                0x004106fe                FlexCAN_SetErrIntCmd
                0x00410766                FlexCAN_Init
                0x00410850                FlexCAN_EnableRxFifo
                0x0041089e                FlexCAN_SetPayloadSize
                0x0041090c                FlexCAN_GetMbPayloadSize
                0x00410940                FlexCAN_LockRxMsgBuff
                0x0041094a                FlexCAN_SetMsgBuffIntCmd
                0x00410a20                FLEXCAN_ClearMsgBuffIntCmd
                0x00410aa8                FlexCAN_DisableInterrupts
                0x00410ac2                FlexCAN_EnableInterrupts
                0x00410aec                FlexCAN_SetRxMsgBuff
                0x00410b78                FlexCAN_GetMsgBuffTimestamp
                0x00410b84                FlexCAN_GetMsgBuff
                0x00410c1c                FlexCAN_SetTxMsgBuff
                0x00410d34                FlexCAN_SetMaxMsgBuffNum
                0x00410dce                FlexCAN_SetOperationMode
                0x00410e04                FlexCAN_SetRxFifoFilter
                0x00410f70                FlexCAN_ReadRxFifo
                0x00410fd4                FlexCAN_ReadEnhancedRxFifo
                0x00411078                FlexCAN_IsMbOutOfRange
                0x00411098                FlexCAN_IsEnhancedRxFifoAvailable
                0x004110a8                FlexCAN_IsEnhancedRxFifoEnabled
                0x004110ba                FlexCAN_EnableEnhancedRxFifo
                0x0041115e                FlexCAN_SetEnhancedRxFifoFilter
                0x004112ec                FlexCAN_ConfigCtrlOptions
                0x00411378                FlexCAN_ResetImaskBuff
                0x00411390                FlexCAN_GetStopMode
                0x00411398                FlexCAN_GetStartMode
                0x004113a6                FlexCAN_DisableMemErrorDetection
 .mcal_text     0x004113e8       0x9c ./RTD/src/FlexCAN_Ip_Irq.o
                0x004113e8                CAN0_ORED_IRQHandler
                0x004113ee                CAN0_ORED_0_31_MB_IRQHandler
                0x004113fa                CAN0_ORED_32_63_MB_IRQHandler
                0x00411406                CAN0_ORED_64_95_MB_IRQHandler
                0x00411412                CAN1_ORED_IRQHandler
                0x00411418                CAN1_ORED_0_31_MB_IRQHandler
                0x00411424                CAN1_ORED_32_63_MB_IRQHandler
                0x00411430                CAN2_ORED_IRQHandler
                0x00411436                CAN2_ORED_0_31_MB_IRQHandler
                0x00411442                CAN2_ORED_32_63_MB_IRQHandler
                0x0041144e                CAN3_ORED_IRQHandler
                0x00411454                CAN3_ORED_0_31_MB_IRQHandler
                0x00411460                CAN4_ORED_IRQHandler
                0x00411466                CAN4_ORED_0_31_MB_IRQHandler
                0x00411472                CAN5_ORED_IRQHandler
                0x00411478                CAN5_ORED_0_31_MB_IRQHandler
 .mcal_text     0x00411484      0x276 ./RTD/src/IntCtrl_Ip.o
                0x00411484                IntCtrl_Ip_InstallHandlerPrivileged
                0x004114be                IntCtrl_Ip_EnableIrqPrivileged
                0x004114fe                IntCtrl_Ip_DisableIrqPrivileged
                0x0041153e                IntCtrl_Ip_SetPriorityPrivileged
                0x00411572                IntCtrl_Ip_GetPriorityPrivileged
                0x00411596                IntCtrl_Ip_ClearPendingPrivileged
                0x004115c6                IntCtrl_Ip_SetPendingPrivileged
                0x004115f6                IntCtrl_Ip_GetPendingPrivileged
                0x00411626                IntCtrl_Ip_GetActivePrivileged
                0x00411656                IntCtrl_Ip_Init
                0x004116c2                IntCtrl_Ip_InstallHandler
                0x004116c6                IntCtrl_Ip_EnableIrq
                0x004116ca                IntCtrl_Ip_DisableIrq
                0x004116ce                IntCtrl_Ip_SetPriority
                0x004116d2                IntCtrl_Ip_GetPriority
                0x004116d6                IntCtrl_Ip_ClearPending
                0x004116da                IntCtrl_Ip_SetPending
                0x004116de                IntCtrl_Ip_GetPending
                0x004116ec                IntCtrl_Ip_GetActive
 *fill*         0x004116fa        0x2 
 .mcal_text     0x004116fc      0xf14 ./RTD/src/Lpi2c_Ip.o
                0x00411a2c                Lpi2c_Ip_MasterSetBaudRate
                0x00411b18                Lpi2c_Ip_MasterInit
                0x00411c70                Lpi2c_Ip_MasterDeinit
                0x00411cc0                Lpi2c_Ip_MasterGetBaudRate
                0x00411cec                Lpi2c_Ip_MasterSetSlaveAddr
                0x00411d00                Lpi2c_Ip_MasterSendData
                0x00411d7c                Lpi2c_Ip_MasterSendDataBlocking
                0x00411ea4                Lpi2c_Ip_MasterReceiveData
                0x00411f28                Lpi2c_Ip_MasterReceiveDataBlocking
                0x00412074                Lpi2c_Ip_MasterGetTransferStatus
                0x00412090                Lpi2c_Ip_SlaveInit
                0x004121d8                Lpi2c_Ip_StartListening
                0x004121dc                Lpi2c_Ip_SlaveDeinit
                0x00412250                Lpi2c_Ip_SlaveSetBuffer
                0x00412264                Lpi2c_Ip_SlaveGetTransferStatus
                0x00412280                Lpi2c_Ip_MasterIRQHandler
                0x004123e0                Lpi2c_Ip_SlaveIRQHandler
                0x00412588                Lpi2c_Ip_ModuleIRQHandler
                0x004125f0                Lpi2c_Ip_SetMasterCallback
                0x00412600                Lpi2c_Ip_SetSlaveCallback
 .mcal_text     0x00412610        0xc ./RTD/src/Lpi2c_Ip_Irq.o
                0x00412610                LPI2C0_Master_Slave_IRQHandler
                0x00412616                LPI2C1_Master_Slave_IRQHandler
 .mcal_text     0x0041261c      0xde4 ./RTD/src/Lpuart_Uart_Ip.o
                0x004128ec                Lpuart_Uart_Ip_Init
                0x00412a3c                Lpuart_Uart_Ip_Deinit
                0x00412abc                Lpuart_Uart_Ip_SyncSend
                0x00412bc0                Lpuart_Uart_Ip_AsyncSend
                0x00412c80                Lpuart_Uart_Ip_GetTransmitStatus
                0x00412ce8                Lpuart_Uart_Ip_AbortSendingData
                0x00412d50                Lpuart_Uart_Ip_SyncReceive
                0x00412eec                Lpuart_Uart_Ip_AsyncReceive
                0x00412fe4                Lpuart_Uart_Ip_GetReceiveStatus
                0x0041304c                Lpuart_Uart_Ip_AbortReceivingData
                0x004130c8                Lpuart_Uart_Ip_SetBaudRate
                0x004131d0                Lpuart_Uart_Ip_GetBaudRate
                0x004131fc                Lpuart_Uart_Ip_SetTxBuffer
                0x00413230                Lpuart_Uart_Ip_SetRxBuffer
                0x00413264                Lpuart_Uart_Ip_IrqHandler
 .mcal_text     0x00413400        0x6 ./RTD/src/Lpuart_Uart_Ip_Irq.o
                0x00413400                LPUART_UART_IP_2_IRQHandler
 .mcal_text     0x00413406       0x44 ./RTD/src/OsIf_Timer.o
                0x00413406                OsIf_Init
                0x00413410                OsIf_GetCounter
                0x0041341c                OsIf_GetElapsed
                0x0041342e                OsIf_SetTimerFrequency
                0x00413438                OsIf_MicrosToTicks
 *fill*         0x0041344a        0x2 
 .mcal_text     0x0041344c       0xdc ./RTD/src/OsIf_Timer_System.o
                0x0041344c                OsIf_Timer_System_Init
                0x0041347c                OsIf_Timer_System_GetCounter
                0x0041349c                OsIf_Timer_System_GetElapsed
                0x004134bc                OsIf_Timer_System_SetTimerFrequency
                0x004134e4                OsIf_Timer_System_MicrosToTicks
 .mcal_text     0x00413528       0x4c ./RTD/src/OsIf_Timer_System_Internal_Systick.o
                0x00413528                OsIf_Timer_System_Internal_Init
                0x0041353e                OsIf_Timer_System_Internal_GetCounter
                0x0041354a                OsIf_Timer_System_Internal_GetElapsed
 .mcal_text     0x00413574       0xc8 ./RTD/src/SchM_BaseNXP.o
                0x00413574                SchM_Enter_BaseNXP_BASENXP_EXCLUSIVE_AREA_00
                0x004135a8                SchM_Exit_BaseNXP_BASENXP_EXCLUSIVE_AREA_00
                0x004135d8                SchM_Enter_BaseNXP_BASENXP_EXCLUSIVE_AREA_01
                0x0041360c                SchM_Exit_BaseNXP_BASENXP_EXCLUSIVE_AREA_01
 .mcal_text     0x0041363c      0x960 ./RTD/src/SchM_Can_43_FLEXCAN.o
                0x0041363c                SchM_Enter_Can_43_FLEXCAN_CAN_EXCLUSIVE_AREA_00
                0x00413670                SchM_Exit_Can_43_FLEXCAN_CAN_EXCLUSIVE_AREA_00
                0x004136a0                SchM_Enter_Can_43_FLEXCAN_CAN_EXCLUSIVE_AREA_01
                0x004136d4                SchM_Exit_Can_43_FLEXCAN_CAN_EXCLUSIVE_AREA_01
                0x00413704                SchM_Enter_Can_43_FLEXCAN_CAN_EXCLUSIVE_AREA_02
                0x00413738                SchM_Exit_Can_43_FLEXCAN_CAN_EXCLUSIVE_AREA_02
                0x00413768                SchM_Enter_Can_43_FLEXCAN_CAN_EXCLUSIVE_AREA_03
                0x0041379c                SchM_Exit_Can_43_FLEXCAN_CAN_EXCLUSIVE_AREA_03
                0x004137cc                SchM_Enter_Can_43_FLEXCAN_CAN_EXCLUSIVE_AREA_04
                0x00413800                SchM_Exit_Can_43_FLEXCAN_CAN_EXCLUSIVE_AREA_04
                0x00413830                SchM_Enter_Can_43_FLEXCAN_CAN_EXCLUSIVE_AREA_05
                0x00413864                SchM_Exit_Can_43_FLEXCAN_CAN_EXCLUSIVE_AREA_05
                0x00413894                SchM_Enter_Can_43_FLEXCAN_CAN_EXCLUSIVE_AREA_06
                0x004138c8                SchM_Exit_Can_43_FLEXCAN_CAN_EXCLUSIVE_AREA_06
                0x004138f8                SchM_Enter_Can_43_FLEXCAN_CAN_EXCLUSIVE_AREA_07
                0x0041392c                SchM_Exit_Can_43_FLEXCAN_CAN_EXCLUSIVE_AREA_07
                0x0041395c                SchM_Enter_Can_43_FLEXCAN_CAN_EXCLUSIVE_AREA_08