Archive member included to satisfy reference by file (symbol)

c:/nxp/s32ds.3.6.5/s32ds/build_tools/gcc_v10.2/gcc-10.2-arm32-eabi/bin/../lib/gcc/arm-none-eabi/10.2.0/../../../../arm-none-eabi/lib/thumb/v7e-m+fp/hard\libc_nano.a(lib_a-memcpy-stub.o)
                              ./src/main.o (memcpy)
c:/nxp/s32ds.3.6.5/s32ds/build_tools/gcc_v10.2/gcc-10.2-arm32-eabi/bin/../lib/gcc/arm-none-eabi/10.2.0/../../../../arm-none-eabi/lib/thumb/v7e-m+fp/hard\libc_nano.a(lib_a-memmove.o)
                              ./RTD/src/Siul2_Port_Ip.o (memmove)
c:/nxp/s32ds.3.6.5/s32ds/build_tools/gcc_v10.2/gcc-10.2-arm32-eabi/bin/../lib/gcc/arm-none-eabi/10.2.0/../../../../arm-none-eabi/lib/thumb/v7e-m+fp/hard\libc_nano.a(lib_a-memset.o)
                              ./Project_Settings/Startup_Code/startup.o (memset)
c:/nxp/s32ds.3.6.5/s32ds/build_tools/gcc_v10.2/gcc-10.2-arm32-eabi/bin/../lib/gcc/arm-none-eabi/10.2.0/../../../../arm-none-eabi/lib/thumb/v7e-m+fp/hard\libc_nano.a(lib_a-snprintf.o)
                              ./src/main.o (snprintf)
c:/nxp/s32ds.3.6.5/s32ds/build_tools/gcc_v10.2/gcc-10.2-arm32-eabi/bin/../lib/gcc/arm-none-eabi/10.2.0/../../../../arm-none-eabi/lib/thumb/v7e-m+fp/hard\libc_nano.a(lib_a-strlen.o)
                              ./src/main.o (strlen)
c:/nxp/s32ds.3.6.5/s32ds/build_tools/gcc_v10.2/gcc-10.2-arm32-eabi/bin/../lib/gcc/arm-none-eabi/10.2.0/../../../../arm-none-eabi/lib/thumb/v7e-m+fp/hard\libc_nano.a(lib_a-impure.o)
                              c:/nxp/s32ds.3.6.5/s32ds/build_tools/gcc_v10.2/gcc-10.2-arm32-eabi/bin/../lib/gcc/arm-none-eabi/10.2.0/../../../../arm-none-eabi/lib/thumb/v7e-m+fp/hard\libc_nano.a(lib_a-snprintf.o) (_impure_ptr)
c:/nxp/s32ds.3.6.5/s32ds/build_tools/gcc_v10.2/gcc-10.2-arm32-eabi/bin/../lib/gcc/arm-none-eabi/10.2.0/../../../../arm-none-eabi/lib/thumb/v7e-m+fp/hard\libc_nano.a(lib_a-nano-svfprintf.o)
                              c:/nxp/s32ds.3.6.5/s32ds/build_tools/gcc_v10.2/gcc-10.2-arm32-eabi/bin/../lib/gcc/arm-none-eabi/10.2.0/../../../../arm-none-eabi/lib/thumb/v7e-m+fp/hard\libc_nano.a(lib_a-snprintf.o) (_svfprintf_r)
c:/nxp/s32ds.3.6.5/s32ds/build_tools/gcc_v10.2/gcc-10.2-arm32-eabi/bin/../lib/gcc/arm-none-eabi/10.2.0/../../../../arm-none-eabi/lib/thumb/v7e-m+fp/hard\libc_nano.a(lib_a-nano-vfprintf_i.o)
                              c:/nxp/s32ds.3.6.5/s32ds/build_tools/gcc_v10.2/gcc-10.2-arm32-eabi/bin/../lib/gcc/arm-none-eabi/10.2.0/../../../../arm-none-eabi/lib/thumb/v7e-m+fp/hard\libc_nano.a(lib_a-nano-svfprintf.o) (_printf_i)
c:/nxp/s32ds.3.6.5/s32ds/build_tools/gcc_v10.2/gcc-10.2-arm32-eabi/bin/../lib/gcc/arm-none-eabi/10.2.0/../../../../arm-none-eabi/lib/thumb/v7e-m+fp/hard\libc_nano.a(lib_a-memchr.o)
                              c:/nxp/s32ds.3.6.5/s32ds/build_tools/gcc_v10.2/gcc-10.2-arm32-eabi/bin/../lib/gcc/arm-none-eabi/10.2.0/../../../../arm-none-eabi/lib/thumb/v7e-m+fp/hard\libc_nano.a(lib_a-nano-svfprintf.o) (memchr)
c:/nxp/s32ds.3.6.5/s32ds/build_tools/gcc_v10.2/gcc-10.2-arm32-eabi/bin/../lib/gcc/arm-none-eabi/10.2.0/../../../../arm-none-eabi/lib/thumb/v7e-m+fp/hard\libc_nano.a(lib_a-nano-freer.o)
                              c:/nxp/s32ds.3.6.5/s32ds/build_tools/gcc_v10.2/gcc-10.2-arm32-eabi/bin/../lib/gcc/arm-none-eabi/10.2.0/../../../../arm-none-eabi/lib/thumb/v7e-m+fp/hard\libc_nano.a(lib_a-nano-svfprintf.o) (_free_r)
c:/nxp/s32ds.3.6.5/s32ds/build_tools/gcc_v10.2/gcc-10.2-arm32-eabi/bin/../lib/gcc/arm-none-eabi/10.2.0/../../../../arm-none-eabi/lib/thumb/v7e-m+fp/hard\libc_nano.a(lib_a-nano-mallocr.o)
                              c:/nxp/s32ds.3.6.5/s32ds/build_tools/gcc_v10.2/gcc-10.2-arm32-eabi/bin/../lib/gcc/arm-none-eabi/10.2.0/../../../../arm-none-eabi/lib/thumb/v7e-m+fp/hard\libc_nano.a(lib_a-nano-svfprintf.o) (_malloc_r)
c:/nxp/s32ds.3.6.5/s32ds/build_tools/gcc_v10.2/gcc-10.2-arm32-eabi/bin/../lib/gcc/arm-none-eabi/10.2.0/../../../../arm-none-eabi/lib/thumb/v7e-m+fp/hard\libc_nano.a(lib_a-nano-reallocr.o)
                              c:/nxp/s32ds.3.6.5/s32ds/build_tools/gcc_v10.2/gcc-10.2-arm32-eabi/bin/../lib/gcc/arm-none-eabi/10.2.0/../../../../arm-none-eabi/lib/thumb/v7e-m+fp/hard\libc_nano.a(lib_a-nano-svfprintf.o) (_realloc_r)
c:/nxp/s32ds.3.6.5/s32ds/build_tools/gcc_v10.2/gcc-10.2-arm32-eabi/bin/../lib/gcc/arm-none-eabi/10.2.0/../../../../arm-none-eabi/lib/thumb/v7e-m+fp/hard\libc_nano.a(lib_a-sbrkr.o)
                              c:/nxp/s32ds.3.6.5/s32ds/build_tools/gcc_v10.2/gcc-10.2-arm32-eabi/bin/../lib/gcc/arm-none-eabi/10.2.0/../../../../arm-none-eabi/lib/thumb/v7e-m+fp/hard\libc_nano.a(lib_a-nano-mallocr.o) (_sbrk_r)
c:/nxp/s32ds.3.6.5/s32ds/build_tools/gcc_v10.2/gcc-10.2-arm32-eabi/bin/../lib/gcc/arm-none-eabi/10.2.0/../../../../arm-none-eabi/lib/thumb/v7e-m+fp/hard\libc_nano.a(lib_a-mlock.o)
[...]
Memory Configuration

Name             Origin             Length             Attributes
int_pflash       0x00400000         0x003ce000
int_dflash       0x10000000         0x00010000
int_itcm         0x00000000         0x00010000
int_dtcm         0x20000000         0x0001f000
int_stack_dtcm   0x2001f000         0x00001000
int_sram         0x20400000         0x0002ff00
int_sram_fls_rsv 0x2042ff00         0x00000100
int_sram_no_cacheable 0x20430000         0x0000ff00
int_sram_results 0x2043ff00         0x00000100
int_sram_shareable 0x20440000         0x00004000
ram_rsvd2        0x20444000         0x00000000
*default*        0x00000000         0xffffffff

Linker script and memory map

LOAD ./Project_Settings/Startup_Code/Vector_Table.o
LOAD ./Project_Settings/Startup_Code/exceptions.o
LOAD ./Project_Settings/Startup_Code/nvic.o
LOAD ./Project_Settings/Startup_Code/startup.o
LOAD ./Project_Settings/Startup_Code/startup_cm7.o
LOAD ./Project_Settings/Startup_Code/system.o
LOAD ./RTD/src/Clock_Ip.o
LOAD ./RTD/src/Clock_Ip_Data.o
LOAD ./RTD/src/Clock_Ip_Divider.o
LOAD ./RTD/src/Clock_Ip_DividerTrigger.o
LOAD ./RTD/src/Clock_Ip_ExtOsc.o
LOAD ./RTD/src/Clock_Ip_FracDiv.o
LOAD ./RTD/src/Clock_Ip_Frequency.o
LOAD ./RTD/src/Clock_Ip_Gate.o
LOAD ./RTD/src/Clock_Ip_IntOsc.o
LOAD ./RTD/src/Clock_Ip_Irq.o
LOAD ./RTD/src/Clock_Ip_Monitor.o
LOAD ./RTD/src/Clock_Ip_Pll.o
LOAD ./RTD/src/Clock_Ip_ProgFreqSwitch.o
LOAD ./RTD/src/Clock_Ip_Selector.o
LOAD ./RTD/src/Clock_Ip_Specific.o
LOAD ./RTD/src/Det.o
LOAD ./RTD/src/Det_stub.o
LOAD ./RTD/src/FlexCAN_Ip.o
LOAD ./RTD/src/FlexCAN_Ip_HwAccess.o
LOAD ./RTD/src/FlexCAN_Ip_Irq.o
LOAD ./RTD/src/Igf_Port_Ip.o
LOAD ./RTD/src/IntCtrl_Ip.o
LOAD ./RTD/src/Lpuart_Uart_Ip.o
LOAD ./RTD/src/Lpuart_Uart_Ip_Irq.o
LOAD ./RTD/src/OsIf_Interrupts.o
LOAD ./RTD/src/OsIf_Software_Semaphore.o
LOAD ./RTD/src/OsIf_Timer.o
LOAD ./RTD/src/OsIf_Timer_System.o
LOAD ./RTD/src/OsIf_Timer_System_Internal_Systick.o
LOAD ./RTD/src/SchM_BaseNXP.o
LOAD ./RTD/src/SchM_Can_43_FLEXCAN.o
LOAD ./RTD/src/SchM_Dio.o
LOAD ./RTD/src/SchM_Mcu.o
LOAD ./RTD/src/SchM_Port.o
LOAD ./RTD/src/SchM_Uart.o
LOAD ./RTD/src/Siul2_Dio_Ip.o
LOAD ./RTD/src/Siul2_Port_Ip.o
LOAD ./RTD/src/Tspc_Port_Ip.o
LOAD ./board/Siul2_Port_Ip_Cfg.o
LOAD ./board/Tspc_Port_Ip_Cfg.o
LOAD ./generate/src/Clock_Ip_Cfg.o
LOAD ./generate/src/FlexCAN_Ip_Sa_PBcfg.o
LOAD ./generate/src/Igf_Port_Ip_Cfg.o
LOAD ./generate/src/IntCtrl_Ip_Cfg.o
LOAD ./generate/src/Lpuart_Uart_Ip_Sa_PBcfg.o
LOAD ./generate/src/OsIf_Cfg.o
LOAD ./src/main.o
LOAD c:/nxp/s32ds.3.6.5/s32ds/build_tools/gcc_v10.2/gcc-10.2-arm32-eabi/bin/../lib/gcc/arm-none-eabi/10.2.0/../../../../arm-none-eabi/lib/thumb/v7e-m+fp/hard\libc_nano.a
LOAD c:/nxp/s32ds.3.6.5/s32ds/build_tools/gcc_v10.2/gcc-10.2-arm32-eabi/bin/../lib/gcc/arm-none-eabi/10.2.0/../../../../arm-none-eabi/lib/thumb/v7e-m+fp/hard\libm.a
LOAD c:/nxp/s32ds.3.6.5/s32ds/build_tools/gcc_v10.2/gcc-10.2-arm32-eabi/bin/../lib/gcc/arm-none-eabi/10.2.0/thumb/v7e-m+fp/hard\libgcc.a
START GROUP
LOAD c:/nxp/s32ds.3.6.5/s32ds/build_tools/gcc_v10.2/gcc-10.2-arm32-eabi/bin/../lib/gcc/arm-none-eabi/10.2.0/thumb/v7e-m+fp/hard\libgcc.a
LOAD c:/nxp/s32ds.3.6.5/s32ds/build_tools/gcc_v10.2/gcc-10.2-arm32-eabi/bin/../lib/gcc/arm-none-eabi/10.2.0/../../../../arm-none-eabi/lib/thumb/v7e-m+fp/hard\libg_nano.a
LOAD c:/nxp/s32ds.3.6.5/s32ds/build_tools/gcc_v10.2/gcc-10.2-arm32-eabi/bin/../lib/gcc/arm-none-eabi/10.2.0/../../../../arm-none-eabi/lib/thumb/v7e-m+fp/hard\libc_nano.a
END GROUP
START GROUP
LOAD c:/nxp/s32ds.3.6.5/s32ds/build_tools/gcc_v10.2/gcc-10.2-arm32-eabi/bin/../lib/gcc/arm-none-eabi/10.2.0/thumb/v7e-m+fp/hard\libgcc.a
LOAD c:/nxp/s32ds.3.6.5/s32ds/build_tools/gcc_v10.2/gcc-10.2-arm32-eabi/bin/../lib/gcc/arm-none-eabi/10.2.0/../../../../arm-none-eabi/lib/thumb/v7e-m+fp/hard\libc_nano.a
LOAD c:/nxp/s32ds.3.6.5/s32ds/build_tools/gcc_v10.2/gcc-10.2-arm32-eabi/bin/../lib/gcc/arm-none-eabi/10.2.0/../../../../arm-none-eabi/lib/thumb/v7e-m+fp/hard\libnosys.a
END GROUP
START GROUP
LOAD c:/nxp/s32ds.3.6.5/s32ds/build_tools/gcc_v10.2/gcc-10.2-arm32-eabi/bin/../lib/gcc/arm-none-eabi/10.2.0/thumb/v7e-m+fp/hard\libgcc.a
LOAD c:/nxp/s32ds.3.6.5/s32ds/build_tools/gcc_v10.2/gcc-10.2-arm32-eabi/bin/../lib/gcc/arm-none-eabi/10.2.0/../../../../arm-none-eabi/lib/thumb/v7e-m+fp/hard\libc_nano.a
LOAD c:/nxp/s32ds.3.6.5/s32ds/build_tools/gcc_v10.2/gcc-10.2-arm32-eabi/bin/../lib/gcc/arm-none-eabi/10.2.0/../../../../arm-none-eabi/lib/thumb/v7e-m+fp/hard\libnosys.a
END GROUP
                0x00002000                HEAP_SIZE = DEFINED (__heap_size__)?__heap_size__:0x2000
                0x20407fff                __STANDBY_RAM_LIMIT_END = 0x20407fff
                0x00032000                __HSE_CODE_SIZE = 0x32000
                0x00010000                __HSE_DATA_SIZE = 0x10000

.pflash         0x00400000     0xf394
 *(.boot_header)
 .boot_header   0x00400000      0x100 ./Project_Settings/Startup_Code/startup_cm7.o
                0x00402000                . = ALIGN (0x2000)
 *fill*         0x00400100     0x1f00 
                0x00402000                __text_start = .
                0x00402000                __interrupts_init_start = .
 *(.intc_vector)
 .intc_vector   0x00402000      0x408 ./Project_Settings/Startup_Code/Vector_Table.o
                0x00402000                VTABLE
                0x00402408                . = ALIGN (0x4)
                0x00402408                __interrupts_init_end = .
 *(.core_loop)
 .core_loop     0x00402408        0xc ./Project_Settings/Startup_Code/startup_cm7.o
                0x00402408                _core_loop
                0x00402414                . = ALIGN (0x4)
 *(.startup)
 *fill*         0x00402414        0xc 
 .startup       0x00402420      0x214 ./Project_Settings/Startup_Code/startup_cm7.o
                0x00402420                Reset_Handler
                0x00402420                _start
                0x004025b4                MCAL_LTB_TRACE_OFF
                0x004025b6                _end_of_eunit_test
                0x00402634                . = ALIGN (0x4)
 *(.systeminit)
                0x00402634                . = ALIGN (0x4)
 *(.text.startup)
 .text.startup  0x00402634      0x380 ./src/main.o
                0x00402634                main
                0x004029b4                . = ALIGN (0x4)
 *(.text)
 .text          0x004029b4        0x0 ./Project_Settings/Startup_Code/Vector_Table.o
 .text          0x004029b4        0x0 ./Project_Settings/Startup_Code/exceptions.o
 .text          0x004029b4        0x0 ./Project_Settings/Startup_Code/nvic.o
 .text          0x004029b4        0x0 ./Project_Settings/Startup_Code/startup.o
 .text          0x004029b4        0x0 ./Project_Settings/Startup_Code/startup_cm7.o
 .text          0x004029b4        0x0 ./Project_Settings/Startup_Code/system.o
 .text          0x004029b4        0x0 ./RTD/src/Clock_Ip.o
 .text          0x004029b4        0x0 ./RTD/src/Clock_Ip_Data.o
 .text          0x004029b4        0x0 ./RTD/src/Clock_Ip_Divider.o
 .text          0x004029b4       0x28 ./RTD/src/Clock_Ip_DividerTrigger.o
                0x004029b4                Clock_Ip_SetFerd_TrustedCall
                0x004029c8                Clock_Ip_ResetFerd_TrustedCall
 .text          0x004029dc        0x0 ./RTD/src/Clock_Ip_ExtOsc.o
 .text          0x004029dc        0x0 ./RTD/src/Clock_Ip_FracDiv.o
 .text          0x004029dc        0x0 ./RTD/src/Clock_Ip_Frequency.o
 .text          0x004029dc        0x0 ./RTD/src/Clock_Ip_Gate.o
 .text          0x004029dc        0x0 ./RTD/src/Clock_Ip_IntOsc.o
 .text          0x004029dc        0x0 ./RTD/src/Clock_Ip_Irq.o
 .text          0x004029dc        0x0 ./RTD/src/Clock_Ip_Monitor.o
 .text          0x004029dc        0x0 ./RTD/src/Clock_Ip_Pll.o
 .text          0x004029dc        0x0 ./RTD/src/Clock_Ip_ProgFreqSwitch.o
 .text          0x004029dc        0x0 ./RTD/src/Clock_Ip_Selector.o
 .text          0x004029dc        0x0 ./RTD/src/Clock_Ip_Specific.o
 .text          0x004029dc        0x0 ./RTD/src/Det.o
 .text          0x004029dc        0x0 ./RTD/src/Det_stub.o
 .text          0x004029dc       0x14 ./RTD/src/FlexCAN_Ip.o
 .text          0x004029f0       0x14 ./RTD/src/FlexCAN_Ip_HwAccess.o
 .text          0x00402a04        0x0 ./RTD/src/FlexCAN_Ip_Irq.o
 .text          0x00402a04        0x0 ./RTD/src/Igf_Port_Ip.o
 .text          0x00402a04       0x14 ./RTD/src/IntCtrl_Ip.o
 .text          0x00402a18       0x14 ./RTD/src/Lpuart_Uart_Ip.o
 .text          0x00402a2c        0x0 ./RTD/src/Lpuart_Uart_Ip_Irq.o
 .text          0x00402a2c        0x0 ./RTD/src/OsIf_Interrupts.o
 .text          0x00402a2c        0x0 ./RTD/src/OsIf_Software_Semaphore.o
 .text          0x00402a2c        0x0 ./RTD/src/OsIf_Timer.o
 .text          0x00402a2c        0x0 ./RTD/src/OsIf_Timer_System.o
 .text          0x00402a2c        0x0 ./RTD/src/OsIf_Timer_System_Internal_Systick.o
 .text          0x00402a2c        0x6 ./RTD/src/SchM_BaseNXP.o
                0x00402a2c                BaseNXP_schm_read_msr
 .text          0x00402a32        0x6 ./RTD/src/SchM_Can_43_FLEXCAN.o
                0x00402a32                Can_43_FLEXCAN_schm_read_msr
 .text          0x00402a38        0x6 ./RTD/src/SchM_Dio.o
                0x00402a38                Dio_schm_read_msr
 .text          0x00402a3e        0x6 ./RTD/src/SchM_Mcu.o
                0x00402a3e                Mcu_schm_read_msr
 .text          0x00402a44        0x6 ./RTD/src/SchM_Port.o
                0x00402a44                Port_schm_read_msr
 .text          0x00402a4a        0x6 ./RTD/src/SchM_Uart.o
                0x00402a4a                Uart_schm_read_msr
 .text          0x00402a50       0x14 ./RTD/src/Siul2_Dio_Ip.o
 .text          0x00402a64       0x14 ./RTD/src/Siul2_Port_Ip.o
 .text          0x00402a78        0x0 ./RTD/src/Tspc_Port_Ip.o
 .text          0x00402a78        0x0 ./board/Siul2_Port_Ip_Cfg.o
 .text          0x00402a78        0x0 ./board/Tspc_Port_Ip_Cfg.o
 .text          0x00402a78        0x0 ./generate/src/Clock_Ip_Cfg.o
 .text          0x00402a78        0x0 ./generate/src/FlexCAN_Ip_Sa_PBcfg.o
 .text          0x00402a78        0x0 ./generate/src/Igf_Port_Ip_Cfg.o
 .text          0x00402a78        0x0 ./generate/src/IntCtrl_Ip_Cfg.o
 .text          0x00402a78        0x0 ./generate/src/Lpuart_Uart_Ip_Sa_PBcfg.o
 .text          0x00402a78        0x0 ./generate/src/OsIf_Cfg.o
 .text          0x00402a78      0x1ec ./src/main.o
                0x00402c00                Flexcan0_1_handler
                0x00402c0c                Flexcan5_1_handler
                0x00402c18                Flexcan0_0_handler
                0x00402c1e                Flexcan5_0_handler
                0x00402c24                Uart2_handler
                0x00402c2a                Flexcan0_Callback
                0x00402c48                Flexcan5_Callback
 .text          0x00402c64        0x0 c:/nxp/s32ds.3.6.5/s32ds/build_tools/gcc_v10.2/gcc-10.2-arm32-eabi/bin/../lib/gcc/arm-none-eabi/10.2.0/../../../../arm-none-eabi/lib/thumb/v7e-m+fp/hard\libc_nano.a(lib_a-memcpy-stub.o)
 .text          0x00402c64        0x0 c:/nxp/s32ds.3.6.5/s32ds/build_tools/gcc_v10.2/gcc-10.2-arm32-eabi/bin/../lib/gcc/arm-none-eabi/10.2.0/../../../../arm-none-eabi/lib/thumb/v7e-m+fp/hard\libc_nano.a(lib_a-memmove.o)
 .text          0x00402c64        0x0 c:/nxp/s32ds.3.6.5/s32ds/build_tools/gcc_v10.2/gcc-10.2-arm32-eabi/bin/../lib/gcc/arm-none-eabi/10.2.0/../../../../arm-none-eabi/lib/thumb/v7e-m+fp/hard\libc_nano.a(lib_a-memset.o)
 .text          0x00402c64        0x0 c:/nxp/s32ds.3.6.5/s32ds/build_tools/gcc_v10.2/gcc-10.2-arm32-eabi/bin/../lib/gcc/arm-none-eabi/10.2.0/../../../../arm-none-eabi/lib/thumb/v7e-m+fp/hard\libc_nano.a(lib_a-snprintf.o)
 .text          0x00402c64       0x10 c:/nxp/s32ds.3.6.5/s32ds/build_tools/gcc_v10.2/gcc-10.2-arm32-eabi/bin/../lib/gcc/arm-none-eabi/10.2.0/../../../../arm-none-eabi/lib/thumb/v7e-m+fp/hard\libc_nano.a(lib_a-strlen.o)
                0x00402c64                strlen
 .text          0x00402c74        0x0 c:/nxp/s32ds.3.6.5/s32ds/build_tools/gcc_v10.2/gcc-10.2-arm32-eabi/bin/../lib/gcc/arm-none-eabi/10.2.0/../../../../arm-none-eabi/lib/thumb/v7e-m+fp/hard\libc_nano.a(lib_a-impure.o)
 .text          0x00402c74        0x0 c:/nxp/s32ds.3.6.5/s32ds/build_tools/gcc_v10.2/gcc-10.2-arm32-eabi/bin/../lib/gcc/arm-none-eabi/10.2.0/../../../../arm-none-eabi/lib/thumb/v7e-m+fp/hard\libc_nano.a(lib_a-nano-svfprintf.o)
 .text          0x00402c74        0x0 c:/nxp/s32ds.3.6.5/s32ds/build_tools/gcc_v10.2/gcc-10.2-arm32-eabi/bin/../lib/gcc/arm-none-eabi/10.2.0/../../../../arm-none-eabi/lib/thumb/v7e-m+fp/hard\libc_nano.a(lib_a-nano-vfprintf_i.o)
 *fill*         0x00402c74        0xc 
 .text          0x00402c80       0xa0 c:/nxp/s32ds.3.6.5/s32ds/build_tools/gcc_v10.2/gcc-10.2-arm32-eabi/bin/../lib/gcc/arm-none-eabi/10.2.0/../../../../arm-none-eabi/lib/thumb/v7e-m+fp/hard\libc_nano.a(lib_a-memchr.o)
                0x00402c80                memchr
 .text          0x00402d20        0x0 c:/nxp/s32ds.3.6.5/s32ds/build_tools/gcc_v10.2/gcc-10.2-arm32-eabi/bin/../lib/gcc/arm-none-eabi/10.2.0/../../../../arm-none-eabi/lib/thumb/v7e-m+fp/hard\libc_nano.a(lib_a-nano-freer.o)
 .text          0x00402d20        0x0 c:/nxp/s32ds.3.6.5/s32ds/build_tools/gcc_v10.2/gcc-10.2-arm32-eabi/bin/../lib/gcc/arm-none-eabi/10.2.0/../../../../arm-none-eabi/lib/thumb/v7e-m+fp/hard\libc_nano.a(lib_a-nano-mallocr.o)
 .text          0x00402d20        0x0 c:/nxp/s32ds.3.6.5/s32ds/build_tools/gcc_v10.2/gcc-10.2-arm32-eabi/bin/../lib/gcc/arm-none-eabi/10.2.0/../../../../arm-none-eabi/lib/thumb/v7e-m+fp/hard\libc_nano.a(lib_a-nano-reallocr.o)
 .text          0x00402d20        0x0 c:/nxp/s32ds.3.6.5/s32ds/build_tools/gcc_v10.2/gcc-10.2-arm32-eabi/bin/../lib/gcc/arm-none-eabi/10.2.0/../../../../arm-none-eabi/lib/thumb/v7e-m+fp/hard\libc_nano.a(lib_a-sbrkr.o)
 .text          0x00402d20        0x0 c:/nxp/s32ds.3.6.5/s32ds/build_tools/gcc_v10.2/gcc-10.2-arm32-eabi/bin/../lib/gcc/arm-none-eabi/10.2.0/../../../../arm-none-eabi/lib/thumb/v7e-m+fp/hard\libc_nano.a(lib_a-mlock.o)
 .text          0x00402d20        0x0 c:/nxp/s32ds.3.6.5/s32ds/build_tools/gcc_v10.2/gcc-10.2-arm32-eabi/bin/../lib/gcc/arm-none-eabi/10.2.0/../../../../arm-none-eabi/lib/thumb/v7e-m+fp/hard\libc_nano.a(lib_a-nano-msizer.o)
 .text          0x00402d20        0x0 c:/nxp/s32ds.3.6.5/s32ds/build_tools/gcc_v10.2/gcc-10.2-arm32-eabi/bin/../lib/gcc/arm-none-eabi/10.2.0/../../../../arm-none-eabi/lib/thumb/v7e-m+fp/hard\libc_nano.a(lib_a-reent.o)
 .text          0x00402d20       0xa0 c:/nxp/s32ds.3.6.5/s32ds/build_tools/gcc_v10.2/gcc-10.2-arm32-eabi/bin/../lib/gcc/arm-none-eabi/10.2.0/thumb/v7e-m+fp/hard\libgcc.a(_aeabi_ldivmod.o)
                0x00402d20                __aeabi_ldivmod
 .text          0x00402dc0       0x30 c:/nxp/s32ds.3.6.5/s32ds/build_tools/gcc_v10.2/gcc-10.2-arm32-eabi/bin/../lib/gcc/arm-none-eabi/10.2.0/thumb/v7e-m+fp/hard\libgcc.a(_aeabi_uldivmod.o)
                0x00402dc0                __aeabi_uldivmod
 .text          0x00402df0      0x2d8 c:/nxp/s32ds.3.6.5/s32ds/build_tools/gcc_v10.2/gcc-10.2-arm32-eabi/bin/../lib/gcc/arm-none-eabi/10.2.0/thumb/v7e-m+fp/hard\libgcc.a(_udivmoddi4.o)
                0x00402df0                __udivmoddi4
 .text          0x004030c8        0x4 c:/nxp/s32ds.3.6.5/s32ds/build_tools/gcc_v10.2/gcc-10.2-arm32-eabi/bin/../lib/gcc/arm-none-eabi/10.2.0/thumb/v7e-m+fp/hard\libgcc.a(_dvmd_tls.o)
                0x004030c8                __aeabi_idiv0
                0x004030c8                __aeabi_ldiv0
 .text          0x004030cc        0x0 c:/nxp/s32ds.3.6.5/s32ds/build_tools/gcc_v10.2/gcc-10.2-arm32-eabi/bin/../lib/gcc/arm-none-eabi/10.2.0/../../../../arm-none-eabi/lib/thumb/v7e-m+fp/hard\libnosys.a(sbrk.o)
 *(.text*)
 .text.memcpy   0x004030cc       0x1c c:/nxp/s32ds.3.6.5/s32ds/build_tools/gcc_v10.2/gcc-10.2-arm32-eabi/bin/../lib/gcc/arm-none-eabi/10.2.0/../../../../arm-none-eabi/lib/thumb/v7e-m+fp/hard\libc_nano.a(lib_a-memcpy-stub.o)
                0x004030cc                memcpy
 .text.memmove  0x004030e8       0x34 c:/nxp/s32ds.3.6.5/s32ds/build_tools/gcc_v10.2/gcc-10.2-arm32-eabi/bin/../lib/gcc/arm-none-eabi/10.2.0/../../../../arm-none-eabi/lib/thumb/v7e-m+fp/hard\libc_nano.a(lib_a-memmove.o)
                0x004030e8                memmove
 .text.memset   0x0040311c       0x10 c:/nxp/s32ds.3.6.5/s32ds/build_tools/gcc_v10.2/gcc-10.2-arm32-eabi/bin/../lib/gcc/arm-none-eabi/10.2.0/../../../../arm-none-eabi/lib/thumb/v7e-m+fp/hard\libc_nano.a(lib_a-memset.o)
                0x0040311c                memset
 .text._snprintf_r
                0x0040312c       0x5e c:/nxp/s32ds.3.6.5/s32ds/build_tools/gcc_v10.2/gcc-10.2-arm32-eabi/bin/../lib/gcc/arm-none-eabi/10.2.0/../../../../arm-none-eabi/lib/thumb/v7e-m+fp/hard\libc_nano.a(lib_a-snprintf.o)
                0x0040312c                _snprintf_r
                0x0040312c                _sniprintf_r
 *fill*         0x0040318a        0x2 
 .text.snprintf
                0x0040318c       0x68 c:/nxp/s32ds.3.6.5/s32ds/build_tools/gcc_v10.2/gcc-10.2-arm32-eabi/bin/../lib/gcc/arm-none-eabi/10.2.0/../../../../arm-none-eabi/lib/thumb/v7e-m+fp/hard\libc_nano.a(lib_a-snprintf.o)
                0x0040318c                sniprintf
                0x0040318c                snprintf
 .text.__ssputs_r
                0x004031f4       0xb6 c:/nxp/s32ds.3.6.5/s32ds/build_tools/gcc_v10.2/gcc-10.2-arm32-eabi/bin/../lib/gcc/arm-none-eabi/10.2.0/../../../../arm-none-eabi/lib/thumb/v7e-m+fp/hard\libc_nano.a(lib_a-nano-svfprintf.o)
                0x004031f4                __ssputs_r
 .text.__ssprint_r
                0x004032aa       0xf6 c:/nxp/s32ds.3.6.5/s32ds/build_tools/gcc_v10.2/gcc-10.2-arm32-eabi/bin/../lib/gcc/arm-none-eabi/10.2.0/../../../../arm-none-eabi/lib/thumb/v7e-m+fp/hard\libc_nano.a(lib_a-nano-svfprintf.o)
                0x004032aa                __ssprint_r
 .text._svfprintf_r
                0x004033a0      0x200 c:/nxp/s32ds.3.6.5/s32ds/build_tools/gcc_v10.2/gcc-10.2-arm32-eabi/bin/../lib/gcc/arm-none-eabi/10.2.0/../../../../arm-none-eabi/lib/thumb/v7e-m+fp/hard\libc_nano.a(lib_a-nano-svfprintf.o)
                0x004033a0                _svfiprintf_r
                0x004033a0                _svfprintf_r
 .text._printf_common
                0x004035a0       0xda c:/nxp/s32ds.3.6.5/s32ds/build_tools/gcc_v10.2/gcc-10.2-arm32-eabi/bin/../lib/gcc/arm-none-eabi/10.2.0/../../../../arm-none-eabi/lib/thumb/v7e-m+fp/hard\libc_nano.a(lib_a-nano-vfprintf_i.o)
                0x004035a0                _printf_common
 *fill*         0x0040367a        0x2 
 .text._printf_i
                0x0040367c      0x24c c:/nxp/s32ds.3.6.5/s32ds/build_tools/gcc_v10.2/gcc-10.2-arm32-eabi/bin/../lib/gcc/arm-none-eabi/10.2.0/../../../../arm-none-eabi/lib/thumb/v7e-m+fp/hard\libc_nano.a(lib_a-nano-vfprintf_i.o)
                0x0040367c                _printf_i
 .text._free_r  0x004038c8       0x98 c:/nxp/s32ds.3.6.5/s32ds/build_tools/gcc_v10.2/gcc-10.2-arm32-eabi/bin/../lib/gcc/arm-none-eabi/10.2.0/../../../../arm-none-eabi/lib/thumb/v7e-m+fp/hard\libc_nano.a(lib_a-nano-freer.o)
                0x004038c8                _free_r
 .text._malloc_r
                0x00403960       0xb4 c:/nxp/s32ds.3.6.5/s32ds/build_tools/gcc_v10.2/gcc-10.2-arm32-eabi/bin/../lib/gcc/arm-none-eabi/10.2.0/../../../../arm-none-eabi/lib/thumb/v7e-m+fp/hard\libc_nano.a(lib_a-nano-mallocr.o)
                0x00403960                _malloc_r
 .text._realloc_r
                0x00403a14       0x4c c:/nxp/s32ds.3.6.5/s32ds/build_tools/gcc_v10.2/gcc-10.2-arm32-eabi/bin/../lib/gcc/arm-none-eabi/10.2.0/../../../../arm-none-eabi/lib/thumb/v7e-m+fp/hard\libc_nano.a(lib_a-nano-reallocr.o)
                0x00403a14                _realloc_r
 .text._sbrk_r  0x00403a60       0x20 c:/nxp/s32ds.3.6.5/s32ds/build_tools/gcc_v10.2/gcc-10.2-arm32-eabi/bin/../lib/gcc/arm-none-eabi/10.2.0/../../../../arm-none-eabi/lib/thumb/v7e-m+fp/hard\libc_nano.a(lib_a-sbrkr.o)
                0x00403a60                _sbrk_r
 .text.__malloc_lock
                0x00403a80        0x2 c:/nxp/s32ds.3.6.5/s32ds/build_tools/gcc_v10.2/gcc-10.2-arm32-eabi/bin/../lib/gcc/arm-none-eabi/10.2.0/../../../../arm-none-eabi/lib/thumb/v7e-m+fp/hard\libc_nano.a(lib_a-mlock.o)
                0x00403a80                __malloc_lock
 .text.__malloc_unlock
                0x00403a82        0x2 c:/nxp/s32ds.3.6.5/s32ds/build_tools/gcc_v10.2/gcc-10.2-arm32-eabi/bin/../lib/gcc/arm-none-eabi/10.2.0/../../../../arm-none-eabi/lib/thumb/v7e-m+fp/hard\libc_nano.a(lib_a-mlock.o)
                0x00403a82                __malloc_unlock
 .text._malloc_usable_size_r
                0x00403a84       0x10 c:/nxp/s32ds.3.6.5/s32ds/build_tools/gcc_v10.2/gcc-10.2-arm32-eabi/bin/../lib/gcc/arm-none-eabi/10.2.0/../../../../arm-none-eabi/lib/thumb/v7e-m+fp/hard\libc_nano.a(lib_a-nano-msizer.o)
                0x00403a84                _malloc_usable_size_r
 .text.cleanup_glue
                0x00403a94       0x1a c:/nxp/s32ds.3.6.5/s32ds/build_tools/gcc_v10.2/gcc-10.2-arm32-eabi/bin/../lib/gcc/arm-none-eabi/10.2.0/../../../../arm-none-eabi/lib/thumb/v7e-m+fp/hard\libc_nano.a(lib_a-reent.o)
                0x00403a94                cleanup_glue
 *fill*         0x00403aae        0x2 
 .text._reclaim_reent
                0x00403ab0       0xb8 c:/nxp/s32ds.3.6.5/s32ds/build_tools/gcc_v10.2/gcc-10.2-arm32-eabi/bin/../lib/gcc/arm-none-eabi/10.2.0/../../../../arm-none-eabi/lib/thumb/v7e-m+fp/hard\libc_nano.a(lib_a-reent.o)
                0x00403ab0                _reclaim_reent
 .text._sbrk    0x00403b68       0x1c c:/nxp/s32ds.3.6.5/s32ds/build_tools/gcc_v10.2/gcc-10.2-arm32-eabi/bin/../lib/gcc/arm-none-eabi/10.2.0/../../../../arm-none-eabi/lib/thumb/v7e-m+fp/hard\libnosys.a(sbrk.o)
                0x00403b68                _sbrk
                0x00403b84                . = ALIGN (0x4)
 *(.mcal_text)
 .mcal_text     0x00403b84       0x14 ./Project_Settings/Startup_Code/exceptions.o
                0x00403b84                NMI_Handler
                0x00403b86                HardFault_Handler
                0x00403b88                MemManage_Handler
                0x00403b8a                BusFault_Handler
                0x00403b8c                UsageFault_Handler
                0x00403b8e                SVC_Handler
                0x00403b90                DebugMon_Handler
                0x00403b92                PendSV_Handler
                0x00403b94                SysTick_Handler
                0x00403b96                undefined_handler
 .mcal_text     0x00403b98       0x52 ./Project_Settings/Startup_Code/nvic.o
                0x00403b98                NVIC_SetPriorityGrouping
                0x00403bac                NVIC_EnableIRQ
                0x00403bc4                NVIC_DisableIRQ
                0x00403bdc                NVIC_SetPriority
 *fill*         0x00403bea        0x2 
 .mcal_text     0x00403bec       0xe8 ./Project_Settings/Startup_Code/startup.o
                0x00403bec                init_data_bss
                0x00403c78                init_data_bss_core2
 .mcal_text     0x00403cd4      0x338 ./Project_Settings/Startup_Code/system.o
                0x00403cd4                startup_go_to_user_mode
                0x00403cd6                default_interrupt_routine
                0x00403cd8                Sys_GetCoreID
                0x00403ce8                SystemInit
                0x00403ff0                Enable_FPU
 .mcal_text     0x0040400c      0x884 ./RTD/src/Clock_Ip.o
                0x0040400e                Clock_Ip_InitClock
                0x004045b4                Clock_Ip_GetPllStatus
                0x00404658                Clock_Ip_DistributePll
                0x00404744                Clock_Ip_Init
                0x00404768                Clock_Ip_DisableClockMonitor
                0x0040478c                Clock_Ip_InstallNotificationsCallback
                0x00404798                Clock_Ip_DisableModuleClock
                0x004047c0                Clock_Ip_EnableModuleClock
                0x004047e8                Clock_Ip_DisableFircInStandby
                0x00404800                Clock_Ip_EnableFircInStandby
                0x00404818                Clock_Ip_DisableSircInStandby
                0x00404830                Clock_Ip_EnableSircInStandby
                0x00404848                Clock_Ip_ReportClockErrors
                0x00404854                Clock_Ip_StartTimeout
                0x00404874                Clock_Ip_TimeoutExpired
 .mcal_text     0x00404890      0x1e4 ./RTD/src/Clock_Ip_Divider.o
 .mcal_text     0x00404a74       0xb0 ./RTD/src/Clock_Ip_DividerTrigger.o
 .mcal_text     0x00404b24      0x234 ./RTD/src/Clock_Ip_ExtOsc.o
 .mcal_text     0x00404d58        0x6 ./RTD/src/Clock_Ip_FracDiv.o
 .mcal_text     0x00404d5e        0x2 ./RTD/src/Clock_Ip_Frequency.o
                0x00404d5e                Clock_Ip_SetExternalSignalFrequency
 .mcal_text     0x00404d60      0x150 ./RTD/src/Clock_Ip_Gate.o
 .mcal_text     0x00404eb0      0x104 ./RTD/src/Clock_Ip_IntOsc.o
 .mcal_text     0x00404fb4        0x4 ./RTD/src/Clock_Ip_Irq.o
                0x00404fb4                Mcu_Cmu_ClockFail_IRQHandler
 .mcal_text     0x00404fb8      0x288 ./RTD/src/Clock_Ip_Monitor.o
                0x004051f8                Clock_Ip_CMU_ClockFailInt
 .mcal_text     0x00405240      0x184 ./RTD/src/Clock_Ip_Pll.o
 .mcal_text     0x004053c4      0x1f0 ./RTD/src/Clock_Ip_ProgFreqSwitch.o
 .mcal_text     0x004055b4      0x3dc ./RTD/src/Clock_Ip_Selector.o
                0x00405964                Clock_Ip_SetRtcRtccClksel_TrustedCall
 .mcal_text     0x00405990      0x344 ./RTD/src/Clock_Ip_Specific.o
                0x00405990                Clock_Ip_SetFlashWaitStates
                0x00405994                Clock_Ip_McMeEnterKey
                0x004059a8                Clock_Ip_PowerClockIpModules
                0x00405c28                DisableFircInStandbyMode
                0x00405c38                EnableFircInStandbyMode
                0x00405c54                DisableSircInStandbyMode
                0x00405c64                EnableSircInStandbyMode
                0x00405c80                Clock_Ip_Command
                0x00405cd0                Clock_Ip_SetRamWaitStates
 .mcal_text     0x00405cd4      0x504 ./RTD/src/Det.o
                0x00405cd4                Det_Start
                0x00405cd6                Det_InitDataNode
                0x00405d5c                Det_LinkNodeToHead
                0x00405d8c                Det_DelAllNodesSameId
                0x00405e8a                Det_FreeNodesInLinkedList
                0x00405ec0                Det_Init
                0x004060b8                Det_ReportError
                0x00406118                Det_ReportRuntimeError
                0x00406178                Det_ReportTransientFault
 .mcal_text     0x004061d8      0x1e0 ./RTD/src/Det_stub.o
                0x004061d8                Det_TestLastReportError
                0x00406228                Det_TestLastReportRuntimeError
                0x00406278                Det_TestLastReportTransientFault
                0x004062c8                Det_TestNoError
                0x00406318                Det_TestNoRuntimeError
                0x00406368                Det_TestNoTransientFault
 .mcal_text     0x004063b8     0x2100 ./RTD/src/FlexCAN_Ip.o
                0x00406b28                FlexCAN_Ip_Init_Privileged
                0x00406d00                FlexCAN_Ip_Send
                0x00406d78                FlexCAN_Ip_ConfigRxMb
                0x00406e0c                FlexCAN_Ip_Receive
                0x00406e5c                FlexCAN_Ip_ReceiveBlocking
                0x00406f4c                FlexCAN_Ip_RxFifo
                0x00406f88                FlexCAN_Ip_RxFifoBlocking
                0x00407140                FlexCAN_Ip_ConfigRxFifo_Privileged
                0x004071bc                FlexCAN_Ip_ConfigEnhancedRxFifo_Privileged
                0x00407230                FlexCAN_Ip_ConfigRemoteResponseMb
                0x004072f8                FlexCAN_Ip_GetTransferStatus
                0x00407344                FlexCAN_IRQHandler
                0x004074e0                FlexCAN_Ip_ClearErrorStatus
                0x00407500                FlexCAN_Ip_GetErrorStatus
                0x00407520                FlexCAN_Ip_GetControllerTxErrorCounter
                0x00407540                FlexCAN_Ip_GetControllerRxErrorCounter
                0x00407564                FlexCAN_Busoff_Error_IRQHandler
                0x0040761c                FlexCAN_Ip_SendBlocking
                0x0040774c                FlexCAN_Ip_SetRxMbGlobalMask_Privileged
                0x004077a4                FlexCAN_Ip_EnterFreezeMode_Privileged
                0x004077b4                FlexCAN_Ip_ExitFreezeMode_Privileged
                0x004077c4                FlexCAN_Ip_SetRxIndividualMask_Privileged
                0x00407840                FlexCAN_Ip_SetRxFifoGlobalMask_Privileged
                0x00407898                FlexCAN_Ip_Deinit_Privileged
                0x004079a0                FlexCAN_Ip_MainFunctionRead
                0x00407a38                FlexCAN_Ip_MainFunctionBusOff_Privileged
                0x00407a6c                FlexCAN_Ip_MainFunctionWrite
                0x00407ab0                FlexCAN_Ip_GetStopMode
                0x00407ac8                FlexCAN_Ip_GetStartMode
                0x00407ae0                FlexCAN_Ip_SetStartMode_Privileged
                0x00407b14                FlexCAN_Ip_SetStopMode_Privileged
                0x00407b44                FlexCAN_Ip_SetRxMaskType_Privileged
                0x00407bb0                FlexCAN_Ip_SetBitrate_Privileged
                0x00407c54                FlexCAN_Ip_GetBitrate
                0x00407d08                FlexCAN_Ip_ClearTDCFail
                0x00407d50                FlexCAN_Ip_GetTDCFail
                0x00407d84                FlexCAN_Ip_GetTDCValue
                0x00407db8                FlexCAN_Ip_SetBitrateCbt_Privileged
                0x00407e84                FlexCAN_Ip_GetBitrateFD
                0x00407f1c                FlexCAN_Ip_SetTDCOffset_Privileged
                0x00407fc8                FlexCAN_Ip_SetTxArbitrationStartDelay_Privileged
                0x00408034                FlexCAN_Ip_GetBuffStatusFlag
                0x00408068                FlexCAN_Ip_ClearBuffStatusFlag
                0x00408098                FlexCAN_Ip_EnableInterrupts_Privileged
                0x004080ec                FlexCAN_Ip_DisableInterrupts_Privileged
                0x00408138                FlexCAN_Ip_SetErrorInt_Privileged
                0x004081d0                FlexCAN_Ip_AbortTransfer
                0x00408308                FlexCAN_Ip_SetRxMb14Mask_Privileged
                0x00408360                FlexCAN_Ip_SetRxMb15Mask_Privileged
                0x004083b8                FlexCAN_Ip_SetListenOnlyMode_Privileged
                0x00408428                FlexCAN_Ip_GetListenOnlyMode
                0x0040843c                FlexCAN_Ip_ManualBusOffRecovery
 .mcal_text     0x004084b8      0xf24 ./RTD/src/FlexCAN_Ip_HwAccess.o
                0x004084ea                FlexCAN_ComputePayloadSize
                0x00408504                FlexCAN_GetMsgBuffRegion
                0x00408554                FlexCAN_GetMaxMbNum
                0x004085a0                FlexCAN_EnterFreezeMode
                0x00408600                FlexCAN_Enable
                0x0040864c                FlexCAN_ExitFreezeMode
                0x004086a0                FlexCAN_Disable
                0x004086f2                FlexCAN_SetErrIntCmd
                0x0040875a                FlexCAN_Init
                0x00408844                FlexCAN_EnableRxFifo
                0x00408892                FlexCAN_SetPayloadSize
                0x00408900                FlexCAN_GetMbPayloadSize
                0x00408934                FlexCAN_LockRxMsgBuff
                0x0040893e                FlexCAN_SetMsgBuffIntCmd
                0x00408a14                FLEXCAN_ClearMsgBuffIntCmd
                0x00408a9c                FlexCAN_DisableInterrupts
                0x00408ab6                FlexCAN_EnableInterrupts
                0x00408ae0                FlexCAN_SetRxMsgBuff
                0x00408b6c                FlexCAN_GetMsgBuffTimestamp
                0x00408b78                FlexCAN_GetMsgBuff
                0x00408c10                FlexCAN_SetTxMsgBuff
                0x00408d28                FlexCAN_SetMaxMsgBuffNum
                0x00408dc2                FlexCAN_SetOperationMode
                0x00408df8                FlexCAN_SetRxFifoFilter
                0x00408f64                FlexCAN_ReadRxFifo
                0x00408fc8                FlexCAN_ReadEnhancedRxFifo
                0x0040906c                FlexCAN_IsMbOutOfRange
                0x0040908c                FlexCAN_IsEnhancedRxFifoAvailable
                0x0040909c                FlexCAN_IsEnhancedRxFifoEnabled
                0x004090ae                FlexCAN_EnableEnhancedRxFifo
                0x00409152                FlexCAN_SetEnhancedRxFifoFilter
                0x004092e0                FlexCAN_ConfigCtrlOptions
                0x0040936c                FlexCAN_ResetImaskBuff
                0x00409384                FlexCAN_GetStopMode
                0x0040938c                FlexCAN_GetStartMode
                0x0040939a                FlexCAN_DisableMemErrorDetection
 .mcal_text     0x004093dc       0x9c ./RTD/src/FlexCAN_Ip_Irq.o
                0x004093dc                CAN0_ORED_IRQHandler
                0x004093e2                CAN0_ORED_0_31_MB_IRQHandler
                0x004093ee                CAN0_ORED_32_63_MB_IRQHandler
                0x004093fa                CAN0_ORED_64_95_MB_IRQHandler
                0x00409406                CAN1_ORED_IRQHandler
                0x0040940c                CAN1_ORED_0_31_MB_IRQHandler
                0x00409418                CAN1_ORED_32_63_MB_IRQHandler
                0x00409424                CAN2_ORED_IRQHandler
                0x0040942a                CAN2_ORED_0_31_MB_IRQHandler
                0x00409436                CAN2_ORED_32_63_MB_IRQHandler
                0x00409442                CAN3_ORED_IRQHandler
                0x00409448                CAN3_ORED_0_31_MB_IRQHandler
                0x00409454                CAN4_ORED_IRQHandler
                0x0040945a                CAN4_ORED_0_31_MB_IRQHandler
                0x00409466                CAN5_ORED_IRQHandler
                0x0040946c                CAN5_ORED_0_31_MB_IRQHandler
 .mcal_text     0x00409478      0x288 ./RTD/src/IntCtrl_Ip.o
                0x00409478                IntCtrl_Ip_InstallHandlerPrivileged
                0x004094b2                IntCtrl_Ip_EnableIrqPrivileged
                0x004094f2                IntCtrl_Ip_DisableIrqPrivileged
                0x00409532                IntCtrl_Ip_SetPriorityPrivileged
                0x00409566                IntCtrl_Ip_GetPriorityPrivileged
                0x0040958a                IntCtrl_Ip_ClearPendingPrivileged
                0x004095ba                IntCtrl_Ip_SetPendingPrivileged
                0x004095ea                IntCtrl_Ip_GetPendingPrivileged
                0x0040961a                IntCtrl_Ip_GetActivePrivileged
                0x0040964a                IntCtrl_Ip_Init
                0x004096c8                IntCtrl_Ip_InstallHandler
                0x004096cc                IntCtrl_Ip_EnableIrq
                0x004096d0                IntCtrl_Ip_DisableIrq
                0x004096d4                IntCtrl_Ip_SetPriority
                0x004096d8                IntCtrl_Ip_GetPriority
                0x004096dc                IntCtrl_Ip_ClearPending
                0x004096e0                IntCtrl_Ip_SetPending
                0x004096e4                IntCtrl_Ip_GetPending
                0x004096f2                IntCtrl_Ip_GetActive
 .mcal_text     0x00409700      0xde4 ./RTD/src/Lpuart_Uart_Ip.o
                0x004099d0                Lpuart_Uart_Ip_Init
                0x00409b20                Lpuart_Uart_Ip_Deinit
                0x00409ba0                Lpuart_Uart_Ip_SyncSend
                0x00409ca4                Lpuart_Uart_Ip_AsyncSend
                0x00409d64                Lpuart_Uart_Ip_GetTransmitStatus
                0x00409dcc                Lpuart_Uart_Ip_AbortSendingData
                0x00409e34                Lpuart_Uart_Ip_SyncReceive
                0x00409fd0                Lpuart_Uart_Ip_AsyncReceive
                0x0040a0c8                Lpuart_Uart_Ip_GetReceiveStatus
                0x0040a130                Lpuart_Uart_Ip_AbortReceivingData
                0x0040a1ac                Lpuart_Uart_Ip_SetBaudRate
                0x0040a2b4                Lpuart_Uart_Ip_GetBaudRate
                0x0040a2e0                Lpuart_Uart_Ip_SetTxBuffer
                0x0040a314                Lpuart_Uart_Ip_SetRxBuffer
                0x0040a348                Lpuart_Uart_Ip_IrqHandler
 .mcal_text     0x0040a4e4        0x6 ./RTD/src/Lpuart_Uart_Ip_Irq.o
                0x0040a4e4                LPUART_UART_IP_2_IRQHandler
 .mcal_text     0x0040a4ea       0x1e ./RTD/src/OsIf_Timer.o
                0x0040a4ea                OsIf_Init
                0x0040a4f2                OsIf_GetCounter
                0x0040a4f6                OsIf_GetElapsed
                0x0040a4fe                OsIf_SetTimerFrequency
                0x0040a500                OsIf_MicrosToTicks
 .mcal_text     0x0040a508       0x4c ./RTD/src/OsIf_Timer_System_Internal_Systick.o
                0x0040a508                OsIf_Timer_System_Internal_Init
                0x0040a51e                OsIf_Timer_System_Internal_GetCounter
                0x0040a52a                OsIf_Timer_System_Internal_GetElapsed
 .mcal_text     0x0040a554       0xc8 ./RTD/src/SchM_BaseNXP.o
                0x0040a554                SchM_Enter_BaseNXP_BASENXP_EXCLUSIVE_AREA_00
                0x0040a588                SchM_Exit_BaseNXP_BASENXP_EXCLUSIVE_AREA_00
                0x0040a5b8                SchM_Enter_BaseNXP_BASENXP_EXCLUSIVE_AREA_01
                0x0040a5ec                SchM_Exit_BaseNXP_BASENXP_EXCLUSIVE_AREA_01
 .mcal_text     0x0040a61c      0x960 ./RTD/src/SchM_Can_43_FLEXCAN.o
                0x0040a61c                SchM_Enter_Can_43_FLEXCAN_CAN_EXCLUSIVE_AREA_00
                0x0040a650                SchM_Exit_Can_43_FLEXCAN_CAN_EXCLUSIVE_AREA_00
                0x0040a680                SchM_Enter_Can_43_FLEXCAN_CAN_EXCLUSIVE_AREA_01
                0x0040a6b4                SchM_Exit_Can_43_FLEXCAN_CAN_EXCLUSIVE_AREA_01
                0x0040a6e4                SchM_Enter_Can_43_FLEXCAN_CAN_EXCLUSIVE_AREA_02
                0x0040a718                SchM_Exit_Can_43_FLEXCAN_CAN_EXCLUSIVE_AREA_02
                0x0040a748                SchM_Enter_Can_43_FLEXCAN_CAN_EXCLUSIVE_AREA_03
                0x0040a77c                SchM_Exit_Can_43_FLEXCAN_CAN_EXCLUSIVE_AREA_03
                0x0040a7ac                SchM_Enter_Can_43_FLEXCAN_CAN_EXCLUSIVE_AREA_04
                0x0040a7e0                SchM_Exit_Can_43_FLEXCAN_CAN_EXCLUSIVE_AREA_04
                0x0040a810                SchM_Enter_Can_43_FLEXCAN_CAN_EXCLUSIVE_AREA_05
                0x0040a844                SchM_Exit_Can_43_FLEXCAN_CAN_EXCLUSIVE_AREA_05
                0x0040a874                SchM_Enter_Can_43_FLEXCAN_CAN_EXCLUSIVE_AREA_06
                0x0040a8a8                SchM_Exit_Can_43_FLEXCAN_CAN_EXCLUSIVE_AREA_06
                0x0040a8d8                SchM_Enter_Can_43_FLEXCAN_CAN_EXCLUSIVE_AREA_07
                0x0040a90c                SchM_Exit_Can_43_FLEXCAN_CAN_EXCLUSIVE_AREA_07
                0x0040a93c                SchM_Enter_Can_43_FLEXCAN_CAN_EXCLUSIVE_AREA_08
                0x0040a970                SchM_Exit_Can_43_FLEXCAN_CAN_EXCLUSIVE_AREA_08
                0x0040a9a0                SchM_Enter_Can_43_FLEXCAN_CAN_EXCLUSIVE_AREA_09
                0x0040a9d4                SchM_Exit_Can_43_FLEXCAN_CAN_EXCLUSIVE_AREA_09
                0x0040aa04                SchM_Enter_Can_43_FLEXCAN_CAN_EXCLUSIVE_AREA_10
                0x0040aa38                SchM_Exit_Can_43_FLEXCAN_CAN_EXCLUSIVE_AREA_10
                0x0040aa68                SchM_Enter_Can_43_FLEXCAN_CAN_EXCLUSIVE_AREA_11
                0x0040aa9c                SchM_Exit_Can_43_FLEXCAN_CAN_EXCLUSIVE_AREA_11
                0x0040aacc                SchM_Enter_Can_43_FLEXCAN_CAN_EXCLUSIVE_AREA_12
                0x0040ab00                SchM_Exit_Can_43_FLEXCAN_CAN_EXCLUSIVE_AREA_12
                0x0040ab30                SchM_Enter_Can_43_FLEXCAN_CAN_EXCLUSIVE_AREA_13
                0x0040ab64                SchM_Exit_Can_43_FLEXCAN_CAN_EXCLUSIVE_AREA_13
                0x0040ab94                SchM_Enter_Can_43_FLEXCAN_CAN_EXCLUSIVE_AREA_14
                0x0040abc8                SchM_Exit_Can_43_FLEXCAN_CAN_EXCLUSIVE_AREA_14
                0x0040abf8                SchM_Enter_Can_43_FLEXCAN_CAN_EXCLUSIVE_AREA_15
                0x0040ac2c                SchM_Exit_Can_43_FLEXCAN_CAN_EXCLUSIVE_AREA_15
                0x0040ac5c                SchM_Enter_Can_43_FLEXCAN_CAN_EXCLUSIVE_AREA_16
                0x0040ac90                SchM_Exit_Can_43_FLEXCAN_CAN_EXCLUSIVE_AREA_16
                0x0040acc0                SchM_Enter_Can_43_FLEXCAN_CAN_EXCLUSIVE_AREA_17
                0x0040acf4                SchM_Exit_Can_43_FLEXCAN_CAN_EXCLUSIVE_AREA_17
                0x0040ad24                SchM_Enter_Can_43_FLEXCAN_CAN_EXCLUSIVE_AREA_18
                0x0040ad58                SchM_Exit_Can_43_FLEXCAN_CAN_EXCLUSIVE_AREA_18
                0x0040ad88                SchM_Enter_Can_43_FLEXCAN_CAN_EXCLUSIVE_AREA_19
                0x0040adbc                SchM_Exit_Can_43_FLEXCAN_CAN_EXCLUSIVE_AREA_19
                0x0040adec                SchM_Enter_Can_43_FLEXCAN_CAN_EXCLUSIVE_AREA_20
                0x0040ae20                SchM_Exit_Can_43_FLEXCAN_CAN_EXCLUSIVE_AREA_20
                0x0040ae50                SchM_Enter_Can_43_FLEXCAN_CAN_EXCLUSIVE_AREA_21
                0x0040ae84                SchM_Exit_Can_43_FLEXCAN_CAN_EXCLUSIVE_AREA_21
                0x0040aeb4                SchM_Enter_Can_43_FLEXCAN_CAN_EXCLUSIVE_AREA_22
                0x0040aee8                SchM_Exit_Can_43_FLEXCAN_CAN_EXCLUSIVE_AREA_22
                0x0040af18                SchM_Enter_Can_43_FLEXCAN_CAN_EXCLUSIVE_AREA_23
                0x0040af4c                SchM_Exit_Can_43_FLEXCAN_CAN_EXCLUSIVE_AREA_23
 .mcal_text     0x0040af7c       0xc8 ./RTD/src/SchM_Dio.o
                0x0040af7c                SchM_Enter_Dio_DIO_EXCLUSIVE_AREA_00
                0x0040afb0                SchM_Exit_Dio_DIO_EXCLUSIVE_AREA_00
                0x0040afe0                SchM_Enter_Dio_DIO_EXCLUSIVE_AREA_01
                0x0040b014                SchM_Exit_Dio_DIO_EXCLUSIVE_AREA_01
 .mcal_text     0x0040b044      0x12c ./RTD/src/SchM_Mcu.o
                0x0040b044                SchM_Enter_Mcu_MCU_EXCLUSIVE_AREA_00
                0x0040b078                SchM_Exit_Mcu_MCU_EXCLUSIVE_AREA_00
                0x0040b0a8                SchM_Enter_Mcu_MCU_EXCLUSIVE_AREA_01
                0x0040b0dc                SchM_Exit_Mcu_MCU_EXCLUSIVE_AREA_01
                0x0040b10c                SchM_Enter_Mcu_MCU_EXCLUSIVE_AREA_02
                0x0040b140                SchM_Exit_Mcu_MCU_EXCLUSIVE_AREA_02
 .mcal_text     0x0040b170      0xaf0 ./RTD/src/SchM_Port.o
                0x0040b170                SchM_Enter_Port_PORT_EXCLUSIVE_AREA_00
                0x0040b1a4                SchM_Exit_Port_PORT_EXCLUSIVE_AREA_00
                0x0040b1d4                SchM_Enter_Port_PORT_EXCLUSIVE_AREA_01
                0x0040b208                SchM_Exit_Port_PORT_EXCLUSIVE_AREA_01
                0x0040b238                SchM_Enter_Port_PORT_EXCLUSIVE_AREA_02
                0x0040b26c                SchM_Exit_Port_PORT_EXCLUSIVE_AREA_02
                0x0040b29c                SchM_Enter_Port_PORT_EXCLUSIVE_AREA_03
                0x0040b2d0                SchM_Exit_Port_PORT_EXCLUSIVE_AREA_03
                0x0040b300                SchM_Enter_Port_PORT_EXCLUSIVE_AREA_04
                0x0040b334                SchM_Exit_Port_PORT_EXCLUSIVE_AREA_04
                0x0040b364                SchM_Enter_Port_PORT_EXCLUSIVE_AREA_05
                0x0040b398                SchM_Exit_Port_PORT_EXCLUSIVE_AREA_05
                0x0040b3c8                SchM_Enter_Port_PORT_EXCLUSIVE_AREA_06
                0x0040b3fc                SchM_Exit_Port_PORT_EXCLUSIVE_AREA_06
                0x0040b42c                SchM_Enter_Port_PORT_EXCLUSIVE_AREA_07
                0x0040b460                SchM_Exit_Port_PORT_EXCLUSIVE_AREA_07
                0x0040b490                SchM_Enter_Port_PORT_EXCLUSIVE_AREA_08
                0x0040b4c4                SchM_Exit_Port_PORT_EXCLUSIVE_AREA_08
                0x0040b4f4                SchM_Enter_Port_PORT_EXCLUSIVE_AREA_09
                0x0040b528                SchM_Exit_Port_PORT_EXCLUSIVE_AREA_09
                0x0040b558                SchM_Enter_Port_PORT_EXCLUSIVE_AREA_10
                0x0040b58c                SchM_Exit_Port_PORT_EXCLUSIVE_AREA_10
                0x0040b5bc                SchM_Enter_Port_PORT_EXCLUSIVE_AREA_11
                0x0040b5f0                SchM_Exit_Port_PORT_EXCLUSIVE_AREA_11
                0x0040b620                SchM_Enter_Port_PORT_EXCLUSIVE_AREA_12
                0x0040b654                SchM_Exit_Port_PORT_EXCLUSIVE_AREA_12
                0x0040b684                SchM_Enter_Port_PORT_EXCLUSIVE_AREA_13
                0x0040b6b8                SchM_Exit_Port_PORT_EXCLUSIVE_AREA_13
                0x0040b6e8                SchM_Enter_Port_PORT_EXCLUSIVE_AREA_14
                0x0040b71c                SchM_Exit_Port_PORT_EXCLUSIVE_AREA_14
                0x0040b74c                SchM_Enter_Port_PORT_EXCLUSIVE_AREA_15
                0x0040b780                SchM_Exit_Port_PORT_EXCLUSIVE_AREA_15
                0x0040b7b0                SchM_Enter_Port_PORT_EXCLUSIVE_AREA_16
                0x0040b7e4                SchM_Exit_Port_PORT_EXCLUSIVE_AREA_16
                0x0040b814                SchM_Enter_Port_PORT_EXCLUSIVE_AREA_17
                0x0040b848                SchM_Exit_Port_PORT_EXCLUSIVE_AREA_17
                0x0040b878                SchM_Enter_Port_PORT_EXCLUSIVE_AREA_18
                0x0040b8ac                SchM_Exit_Port_PORT_EXCLUSIVE_AREA_18
                0x0040b8dc                SchM_Enter_Port_PORT_EXCLUSIVE_AREA_19
                0x0040b910                SchM_Exit_Port_PORT_EXCLUSIVE_AREA_19
                0x0040b940                SchM_Enter_Port_PORT_EXCLUSIVE_AREA_20
                0x0040b974                SchM_Exit_Port_PORT_EXCLUSIVE_AREA_20
                0x0040b9a4                SchM_Enter_Port_PORT_EXCLUSIVE_AREA_21
                0x0040b9d8                SchM_Exit_Port_PORT_EXCLUSIVE_AREA_21
                0x0040ba08                SchM_Enter_Port_PORT_EXCLUSIVE_AREA_22
                0x0040ba3c                SchM_Exit_Port_PORT_EXCLUSIVE_AREA_22
                0x0040ba6c                SchM_Enter_Port_PORT_EXCLUSIVE_AREA_23
                0x0040baa0                SchM_Exit_Port_PORT_EXCLUSIVE_AREA_23
                0x0040bad0                SchM_Enter_Port_PORT_EXCLUSIVE_AREA_24
                0x0040bb04                SchM_Exit_Port_PORT_EXCLUSIVE_AREA_24
                0x0040bb34                SchM_Enter_Port_PORT_EXCLUSIVE_AREA_25
                0x0040bb68                SchM_Exit_Port_PORT_EXCLUSIVE_AREA_25
                0x0040bb98                SchM_Enter_Port_PORT_EXCLUSIVE_AREA_26
                0x0040bbcc                SchM_Exit_Port_PORT_EXCLUSIVE_AREA_26
                0x0040bbfc                SchM_Enter_Port_PORT_EXCLUSIVE_AREA_27
                0x0040bc30                SchM_Exit_Port_PORT_EXCLUSIVE_AREA_27
 .mcal_text     0x0040bc60      0x898 ./RTD/src/SchM_Uart.o
                0x0040bc60                SchM_Enter_Uart_UART_EXCLUSIVE_AREA_00
                0x0040bc94                SchM_Exit_Uart_UART_EXCLUSIVE_AREA_00
                0x0040bcc4                SchM_Enter_Uart_UART_EXCLUSIVE_AREA_01
                0x0040bcf8                SchM_Exit_Uart_UART_EXCLUSIVE_AREA_01
                0x0040bd28                SchM_Enter_Uart_UART_EXCLUSIVE_AREA_02
                0x0040bd5c                SchM_Exit_Uart_UART_EXCLUSIVE_AREA_02
                0x0040bd8c                SchM_Enter_Uart_UART_EXCLUSIVE_AREA_03
                0x0040bdc0                SchM_Exit_Uart_UART_EXCLUSIVE_AREA_03
                0x0040bdf0                SchM_Enter_Uart_UART_EXCLUSIVE_AREA_04
                0x0040be24                SchM_Exit_Uart_UART_EXCLUSIVE_AREA_04
                0x0040be54                SchM_Enter_Uart_UART_EXCLUSIVE_AREA_05
                0x0040be88                SchM_Exit_Uart_UART_EXCLUSIVE_AREA_05
                0x0040beb8                SchM_Enter_Uart_UART_EXCLUSIVE_AREA_06
                0x0040beec                SchM_Exit_Uart_UART_EXCLUSIVE_AREA_06
                0x0040bf1c                SchM_Enter_Uart_UART_EXCLUSIVE_AREA_07
                0x0040bf50                SchM_Exit_Uart_UART_EXCLUSIVE_AREA_07
                0x0040bf80                SchM_Enter_Uart_UART_EXCLUSIVE_AREA_08
                0x0040bfb4                SchM_Exit_Uart_UART_EXCLUSIVE_AREA_08
                0x0040bfe4                SchM_Enter_Uart_UART_EXCLUSIVE_AREA_09
                0x0040c018                SchM_Exit_Uart_UART_EXCLUSIVE_AREA_09
                0x0040c048                SchM_Enter_Uart_UART_EXCLUSIVE_AREA_10
                0x0040c07c                SchM_Exit_Uart_UART_EXCLUSIVE_AREA_10
                0x0040c0ac                SchM_Enter_Uart_UART_EXCLUSIVE_AREA_11
                0x0040c0e0                SchM_Exit_Uart_UART_EXCLUSIVE_AREA_11
                0x0040c110                SchM_Enter_Uart_UART_EXCLUSIVE_AREA_12
                0x0040c144                SchM_Exit_Uart_UART_EXCLUSIVE_AREA_12
                0x0040c174                SchM_Enter_Uart_UART_EXCLUSIVE_AREA_13
                0x0040c1a8                SchM_Exit_Uart_UART_EXCLUSIVE_AREA_13
                0x0040c1d8                SchM_Enter_Uart_UART_EXCLUSIVE_AREA_14
                0x0040c20c                SchM_Exit_Uart_UART_EXCLUSIVE_AREA_14
                0x0040c23c                SchM_Enter_Uart_UART_EXCLUSIVE_AREA_15
                0x0040c270                SchM_Exit_Uart_UART_EXCLUSIVE_AREA_15
                0x0040c2a0                SchM_Enter_Uart_UART_EXCLUSIVE_AREA_16
                0x0040c2d4                SchM_Exit_Uart_UART_EXCLUSIVE_AREA_16
                0x0040c304                SchM_Enter_Uart_UART_EXCLUSIVE_AREA_17
                0x0040c338                SchM_Exit_Uart_UART_EXCLUSIVE_AREA_17
                0x0040c368                SchM_Enter_Uart_UART_EXCLUSIVE_AREA_18
                0x0040c39c                SchM_Exit_Uart_UART_EXCLUSIVE_AREA_18
                0x0040c3cc                SchM_Enter_Uart_UART_EXCLUSIVE_AREA_19
                0x0040c400                SchM_Exit_Uart_UART_EXCLUSIVE_AREA_19
                0x0040c430                SchM_Enter_Uart_UART_EXCLUSIVE_AREA_20
                0x0040c464                SchM_Exit_Uart_UART_EXCLUSIVE_AREA_20
                0x0040c494                SchM_Enter_Uart_UART_EXCLUSIVE_AREA_21
                0x0040c4c8                SchM_Exit_Uart_UART_EXCLUSIVE_AREA_21
 .mcal_text     0x0040c4f8      0x1fc ./RTD/src/Siul2_Dio_Ip.o
                0x0040c52c                Siul2_Dio_Ip_WritePin
                0x0040c598                Siul2_Dio_Ip_SetGPDO
                0x0040c5b4                Siul2_Dio_Ip_ClearGPDO
                0x0040c5d0                Siul2_Dio_Ip_WritePins
                0x0040c5e8                Siul2_Dio_Ip_GetPinsOutput
                0x0040c600                Siul2_Dio_Ip_SetPins
                0x0040c61e                Siul2_Dio_Ip_ClearPins
                0x0040c63e                Siul2_Dio_Ip_TogglePins
                0x0040c65c                Siul2_Dio_Ip_ReadPins
                0x0040c676                Siul2_Dio_Ip_ReadPin
                0x0040c6a8                Siul2_Dio_Ip_MaskedWritePins
 .mcal_text     0x0040c6f4      0x458 ./RTD/src/Siul2_Port_Ip.o
                0x0040c848                Siul2_Port_Ip_Init
                0x0040c878                Siul2_Port_Ip_SetPullSel
                0x0040c8d4                Siul2_Port_Ip_SetOutputBuffer
                0x0040c93a                Siul2_Port_Ip_SetInputBuffer
                0x0040c9aa                Siul2_Port_Ip_SetPinDirection
                0x0040ca22                Siul2_Port_Ip_RevertPinConfiguration
                0x0040ca84                Siul2_Port_Ip_GetPinConfiguration
 .mcal_text     0x0040cb4c      0x11c ./RTD/src/Tspc_Port_Ip.o
                0x0040cb4c                Tspc_Port_Ip_EnableObeGroup
                0x0040cb7c                Tspc_Port_Ip_DisableObeGroup
                0x0040cbac                Tspc_Port_Ip_MaskObeGroup
                0x0040cbca                Tspc_Port_Ip_ConfigureObeGroup
                0x0040cc68                . = ALIGN (0x4)
 *(.acmcu_code_rom)
                0x0040cc68                . = ALIGN (0x4)
                0x0040cc68                __acfls_code_rom_start = .
 *(.acfls_code_rom)
 .acfls_code_rom
                0x0040cc68       0x5c ./RTD/src/Clock_Ip_Specific.o
                0x0040cc68                Clock_Ip_PRAMCSetRamIWS
 *fill*         0x0040ccc4        0x4 
 .acfls_code_rom.__stub
                0x0040ccc8        0x8 linker stubs
                0x0040ccd0                . = ALIGN (0x4)
                0x0040ccd0                __acfls_code_rom_end = .
                0x0040ccd0                __acmem_43_infls_code_rom_start = .
 *(.acmem_43_infls_code_rom)
                0x0040ccd0                . = ALIGN (0x4)
                0x0040ccd0                __acmem_43_infls_code_rom_end = .
 *(.init)
                0x0040ccd0                . = ALIGN (0x4)
 *(.fini)
                0x0040ccd0                . = ALIGN (0x4)
 *(.rodata)
 .rodata        0x0040ccd0        0x3 ./RTD/src/Clock_Ip_IntOsc.o
 .rodata        0x0040ccd3       0x48 ./RTD/src/FlexCAN_Ip_HwAccess.o
 *fill*         0x0040cd1b        0x1 
 .rodata        0x0040cd1c       0x30 ./RTD/src/Lpuart_Uart_Ip.o
 .rodata        0x0040cd4c        0x4 ./RTD/src/Siul2_Port_Ip.o
                0x0040cd4c                Port_au32Siul2BaseAddr
 .rodata        0x0040cd50       0x10 ./src/main.o
 *(.rodata*)
 .rodata.str1.1
                0x0040cd60       0x88 ./src/main.o
                                 0x8b (size before relaxing)
 .rodata._global_impure_ptr
                0x0040cde8        0x4 c:/nxp/s32ds.3.6.5/s32ds/build_tools/gcc_v10.2/gcc-10.2-arm32-eabi/bin/../lib/gcc/arm-none-eabi/10.2.0/../../../../arm-none-eabi/lib/thumb/v7e-m+fp/hard\libc_nano.a(lib_a-impure.o)
                0x0040cde8                _global_impure_ptr
 .rodata._svfprintf_r.str1.1
                0x0040cdec       0x11 c:/nxp/s32ds.3.6.5/s32ds/build_tools/gcc_v10.2/gcc-10.2-arm32-eabi/bin/../lib/gcc/arm-none-eabi/10.2.0/../../../../arm-none-eabi/lib/thumb/v7e-m+fp/hard\libc_nano.a(lib_a-nano-svfprintf.o)
 .rodata._printf_i.str1.1
                0x0040cdfd       0x22 c:/nxp/s32ds.3.6.5/s32ds/build_tools/gcc_v10.2/gcc-10.2-arm32-eabi/bin/../lib/gcc/arm-none-eabi/10.2.0/../../../../arm-none-eabi/lib/thumb/v7e-m+fp/hard\libc_nano.a(lib_a-nano-vfprintf_i.o)
                0x0040ce20                . = ALIGN (0x4)
 *fill*         0x0040ce1f        0x1 
 *(.mcal_const_cfg)
 .mcal_const_cfg
                0x0040ce20      0xb40 ./board/Siul2_Port_Ip_Cfg.o
                0x0040ce20                g_pin_mux_InitConfigArr_PortContainer_0_BOARD_InitPeripherals
 *fill*         0x0040d960        0x0 
 .mcal_const_cfg
                0x0040d960      0x5fc ./generate/src/Clock_Ip_Cfg.o
                0x0040d960                Clock_Ip_aClockConfig
 .mcal_const_cfg
                0x0040df5c       0xd0 ./generate/src/FlexCAN_Ip_Sa_PBcfg.o
                0x0040df5c                FlexCAN_Config5
                0x0040dfc4                FlexCAN_Config0
 .mcal_const_cfg
                0x0040e02c       0x38 ./generate/src/IntCtrl_Ip_Cfg.o
                0x0040e02c                IntCtrlConfig_0
 .mcal_const_cfg
                0x0040e064       0x28 ./generate/src/Lpuart_Uart_Ip_Sa_PBcfg.o
                0x0040e064                Lpuart_Uart_Ip_xHwConfigPB_2
                0x0040e08c                . = ALIGN (0x4)
 *(.mcal_const)
 .mcal_const    0x0040e08c     0x1130 ./RTD/src/Clock_Ip_Data.o
                0x0040e08c                Clock_Ip_axGateInfo
                0x0040e774                Clock_Ip_axFeatureExtensions
                0x0040e9c4                Clock_Ip_aeHwDfsName
                0x0040e9c8                Clock_Ip_aeHwPllName
                0x0040e9cc                Clock_Ip_aeSourceTypeClockName
                0x0040ea24                Clock_Ip_apxMcMeTriggerPartitions
                0x0040ea34                Clock_Ip_apxMcMeGetPartitions
                0x0040ea44                Clock_Ip_apxMcMeSetPartitions
                0x0040ea54                Clock_Ip_axCmuInfo
                0x0040eae0                Clock_Ip_aeCmuNames
                0x0040eafc                Clock_Ip_apxCmu
                0x0040eb18                Clock_Ip_apxPll
                0x0040eb28                Clock_Ip_apxXosc
                0x0040eb30                Clock_Ip_apxCgmPcfs
                0x0040eb34                Clock_Ip_apxCgm
                0x0040eb88                Clock_Ip_au16SelectorEntryRtcHardwareValue
                0x0040ebb4                Clock_Ip_au16SelectorEntryHardwareValue
                0x0040ebe0                Clock_Ip_au8SoftwareMuxResetValue
                0x0040ec6c                Clock_Ip_au8ClockFeatures
                0x0040f158                Clock_Ip_au8CmuCallbackIndex
                0x0040f162                Clock_Ip_au8PcfsCallbackIndex
                0x0040f16c                Clock_Ip_au8SelectorCallbackIndex
                0x0040f176                Clock_Ip_au8PllCallbackIndex
                0x0040f180                Clock_Ip_au8FractionalDividerCallbackIndex
                0x0040f18a                Clock_Ip_au8GateCallbackIndex
                0x0040f194                Clock_Ip_au8IrcoscCallbackIndex
                0x0040f19e                Clock_Ip_au8XoscCallbackIndex
                0x0040f1a8                Clock_Ip_au8DividerTriggerCallbackIndex
                0x0040f1b2                Clock_Ip_au8DividerCallbackIndex
 .mcal_const    0x0040f1bc       0x14 ./RTD/src/Clock_Ip_Divider.o
                0x0040f1bc                Clock_Ip_axDividerCallbacks
 .mcal_const    0x0040f1d0       0x10 ./RTD/src/Clock_Ip_DividerTrigger.o
                0x0040f1d0                Clock_Ip_axDividerTriggerCallbacks
 .mcal_const    0x0040f1e0       0x30 ./RTD/src/Clock_Ip_ExtOsc.o
                0x0040f1e0                Clock_Ip_axExtOscCallbacks
 .mcal_const    0x0040f210        0xc ./RTD/src/Clock_Ip_FracDiv.o
                0x0040f210                Clock_Ip_axFracDivCallbacks
 .mcal_const    0x0040f21c       0x10 ./RTD/src/Clock_Ip_Gate.o
                0x0040f21c                Clock_Ip_axGateCallbacks
 .mcal_const    0x0040f22c       0x30 ./RTD/src/Clock_Ip_IntOsc.o
                0x0040f22c                Clock_Ip_axIntOscCallbacks
 .mcal_const    0x0040f25c       0x20 ./RTD/src/Clock_Ip_Monitor.o
                0x0040f25c                Clock_Ip_axCmuCallbacks
 .mcal_const    0x0040f27c       0x28 ./RTD/src/Clock_Ip_Pll.o
                0x0040f27c                Clock_Ip_axPllCallbacks
 .mcal_const    0x0040f2a4        0x8 ./RTD/src/Clock_Ip_ProgFreqSwitch.o
                0x0040f2a4                Clock_Ip_axPcfsCallbacks
 .mcal_const    0x0040f2ac       0x28 ./RTD/src/Clock_Ip_Selector.o
                0x0040f2ac                Clock_Ip_axSelectorCallbacks
 .mcal_const    0x0040f2d4       0x18 ./RTD/src/FlexCAN_Ip.o
 .mcal_const    0x0040f2ec       0x40 ./RTD/src/Lpuart_Uart_Ip.o
                0x0040f32c                . = ALIGN (0x4)
                0x0040f32c                __init_table = .
 *(.init_table)
 .init_table    0x0040f32c       0x4c ./Project_Settings/Startup_Code/startup_cm7.o
                0x0040f378                . = ALIGN (0x4)
                0x0040f378                __zero_table = .
 *(.zero_table)
 .zero_table    0x0040f378       0x1c ./Project_Settings/Startup_Code/startup_cm7.o

.ARM.extab      0x0040f394        0x0
 .ARM.extab     0x0040f394        0x0 c:/nxp/s32ds.3.6.5/s32ds/build_tools/gcc_v10.2/gcc-10.2-arm32-eabi/bin/../lib/gcc/arm-none-eabi/10.2.0/thumb/v7e-m+fp/hard\libgcc.a(_udivmoddi4.o)

.ARM.exidx      0x0040f394        0x8
 .ARM.exidx     0x0040f394        0x8 c:/nxp/s32ds.3.6.5/s32ds/build_tools/gcc_v10.2/gcc-10.2-arm32-eabi/bin/../lib/gcc/arm-none-eabi/10.2.0/thumb/v7e-m+fp/hard\libgcc.a(_udivmoddi4.o)

.glue_7         0x0040f39c        0x0
 .glue_7        0x0040f39c        0x0 linker stubs

.glue_7t        0x0040f39c        0x0
 .glue_7t       0x0040f39c        0x0 linker stubs

.vfp11_veneer   0x0040f39c        0x0
 .vfp11_veneer  0x0040f39c        0x0 linker stubs

.v4_bx          0x0040f39c        0x0
 .v4_bx         0x0040f39c        0x0 linker stubs

.iplt           0x0040f39c        0x0
 .iplt          0x0040f39c        0x0 ./Project_Settings/Startup_Code/Vector_Table.o

.rel.dyn        0x0040f39c        0x0
 .rel.iplt      0x0040f39c        0x0 ./Project_Settings/Startup_Code/Vector_Table.o
                0x0040f39c                . = ALIGN (0x4)
                0x0040f39c                __text_end = .
                0x0040f39c                __sram_data_rom = __text_end

.sram_bss       0x20400000     0x1264
                0x20400000                . = ALIGN (0x8)
                0x20400000                __standby_ram_begin__ = .
 *(.standby_data)
                0x20400000                . = ALIGN (0x8)
                0x20400000                __standby_ram_end__ = .
                0x20400000                . = ALIGN (0x10)
                0x20400000                __sram_bss_start = .
 *(.bss)
 .bss           0x20400000        0x0 ./Project_Settings/Startup_Code/Vector_Table.o
 .bss           0x20400000        0x0 ./Project_Settings/Startup_Code/exceptions.o
 .bss           0x20400000        0x0 ./Project_Settings/Startup_Code/nvic.o
 .bss           0x20400000        0x0 ./Project_Settings/Startup_Code/startup.o
 .bss           0x20400000        0x0 ./Project_Settings/Startup_Code/startup_cm7.o
 .bss           0x20400000       0x80 ./Project_Settings/Startup_Code/system.o
                0x20400000                rbar
                0x20400040                rasr
 .bss           0x20400080        0x0 ./RTD/src/Clock_Ip.o
 .bss           0x20400080        0x0 ./RTD/src/Clock_Ip_Data.o
 .bss           0x20400080        0x0 ./RTD/src/Clock_Ip_Divider.o
 .bss           0x20400080        0x0 ./RTD/src/Clock_Ip_DividerTrigger.o
 .bss           0x20400080        0x0 ./RTD/src/Clock_Ip_ExtOsc.o
 .bss           0x20400080        0x0 ./RTD/src/Clock_Ip_FracDiv.o
 .bss           0x20400080        0x0 ./RTD/src/Clock_Ip_Frequency.o
 .bss           0x20400080        0x0 ./RTD/src/Clock_Ip_Gate.o
 .bss           0x20400080        0x0 ./RTD/src/Clock_Ip_IntOsc.o
 .bss           0x20400080        0x0 ./RTD/src/Clock_Ip_Irq.o
 .bss           0x20400080        0x0 ./RTD/src/Clock_Ip_Monitor.o
 .bss           0x20400080        0x0 ./RTD/src/Clock_Ip_Pll.o
 .bss           0x20400080        0x0 ./RTD/src/Clock_Ip_ProgFreqSwitch.o
 .bss           0x20400080        0x0 ./RTD/src/Clock_Ip_Selector.o
 .bss           0x20400080        0x0 ./RTD/src/Clock_Ip_Specific.o
 .bss           0x20400080        0x0 ./RTD/src/Det.o
 .bss           0x20400080        0x0 ./RTD/src/Det_stub.o
 .bss           0x20400080        0x0 ./RTD/src/FlexCAN_Ip.o
 .bss           0x20400080        0x0 ./RTD/src/FlexCAN_Ip_HwAccess.o
 .bss           0x20400080        0x0 ./RTD/src/FlexCAN_Ip_Irq.o
 .bss           0x20400080        0x0 ./RTD/src/Igf_Port_Ip.o
 .bss           0x20400080        0x0 ./RTD/src/IntCtrl_Ip.o
 .bss           0x20400080        0x0 ./RTD/src/Lpuart_Uart_Ip.o
 .bss           0x20400080        0x0 ./RTD/src/Lpuart_Uart_Ip_Irq.o
 .bss           0x20400080        0x0 ./RTD/src/OsIf_Interrupts.o
 .bss           0x20400080        0x0 ./RTD/src/OsIf_Software_Semaphore.o
 .bss           0x20400080        0x0 ./RTD/src/OsIf_Timer.o
 .bss           0x20400080        0x0 ./RTD/src/OsIf_Timer_System.o
 .bss           0x20400080        0x0 ./RTD/src/OsIf_Timer_System_Internal_Systick.o
 .bss           0x20400080        0x0 ./RTD/src/SchM_BaseNXP.o
 .bss           0x20400080        0x0 ./RTD/src/SchM_Can_43_FLEXCAN.o
 .bss           0x20400080        0x0 ./RTD/src/SchM_Dio.o
 .bss           0x20400080        0x0 ./RTD/src/SchM_Mcu.o
 .bss           0x20400080        0x0 ./RTD/src/SchM_Port.o
 .bss           0x20400080        0x0 ./RTD/src/SchM_Uart.o
 .bss           0x20400080        0x0 ./RTD/src/Siul2_Dio_Ip.o
 .bss           0x20400080        0x0 ./RTD/src/Siul2_Port_Ip.o
 .bss           0x20400080        0x0 ./RTD/src/Tspc_Port_Ip.o
 .bss           0x20400080        0x0 ./board/Siul2_Port_Ip_Cfg.o
 .bss           0x20400080        0x0 ./board/Tspc_Port_Ip_Cfg.o
 .bss           0x20400080        0x0 ./generate/src/Clock_Ip_Cfg.o
 .bss           0x20400080        0x0 ./generate/src/FlexCAN_Ip_Sa_PBcfg.o
 .bss           0x20400080        0x0 ./generate/src/Igf_Port_Ip_Cfg.o
 .bss           0x20400080        0x0 ./generate/src/IntCtrl_Ip_Cfg.o
 .bss           0x20400080        0x0 ./generate/src/Lpuart_Uart_Ip_Sa_PBcfg.o
 .bss           0x20400080        0x0 ./generate/src/OsIf_Cfg.o
 .bss           0x20400080      0x148 ./src/main.o
                0x204001c4                exit_code
 .bss           0x204001c8        0x0 c:/nxp/s32ds.3.6.5/s32ds/build_tools/gcc_v10.2/gcc-10.2-arm32-eabi/bin/../lib/gcc/arm-none-eabi/10.2.0/../../../../arm-none-eabi/lib/thumb/v7e-m+fp/hard\libc_nano.a(lib_a-memcpy-stub.o)
 .bss           0x204001c8        0x0 c:/nxp/s32ds.3.6.5/s32ds/build_tools/gcc_v10.2/gcc-10.2-arm32-eabi/bin/../lib/gcc/arm-none-eabi/10.2.0/../../../../arm-none-eabi/lib/thumb/v7e-m+fp/hard\libc_nano.a(lib_a-memmove.o)
 .bss           0x204001c8        0x0 c:/nxp/s32ds.3.6.5/s32ds/build_tools/gcc_v10.2/gcc-10.2-arm32-eabi/bin/../lib/gcc/arm-none-eabi/10.2.0/../../../../arm-none-eabi/lib/thumb/v7e-m+fp/hard\libc_nano.a(lib_a-memset.o)
 .bss           0x204001c8        0x0 c:/nxp/s32ds.3.6.5/s32ds/build_tools/gcc_v10.2/gcc-10.2-arm32-eabi/bin/../lib/gcc/arm-none-eabi/10.2.0/../../../../arm-none-eabi/lib/thumb/v7e-m+fp/hard\libc_nano.a(lib_a-snprintf.o)
 .bss           0x204001c8        0x0 c:/nxp/s32ds.3.6.5/s32ds/build_tools/gcc_v10.2/gcc-10.2-arm32-eabi/bin/../lib/gcc/arm-none-eabi/10.2.0/../../../../arm-none-eabi/lib/thumb/v7e-m+fp/hard\libc_nano.a(lib_a-strlen.o)
 .bss           0x204001c8        0x0 c:/nxp/s32ds.3.6.5/s32ds/build_tools/gcc_v10.2/gcc-10.2-arm32-eabi/bin/../lib/gcc/arm-none-eabi/10.2.0/../../../../arm-none-eabi/lib/thumb/v7e-m+fp/hard\libc_nano.a(lib_a-impure.o)
 .bss           0x204001c8        0x0 c:/nxp/s32ds.3.6.5/s32ds/build_tools/gcc_v10.2/gcc-10.2-arm32-eabi/bin/../lib/gcc/arm-none-eabi/10.2.0/../../../../arm-none-eabi/lib/thumb/v7e-m+fp/hard\libc_nano.a(lib_a-nano-svfprintf.o)
 .bss           0x204001c8        0x0 c:/nxp/s32ds.3.6.5/s32ds/build_tools/gcc_v10.2/gcc-10.2-arm32-eabi/bin/../lib/gcc/arm-none-eabi/10.2.0/../../../../arm-none-eabi/lib/thumb/v7e-m+fp/hard\libc_nano.a(lib_a-nano-vfprintf_i.o)
 .bss           0x204001c8        0x0 c:/nxp/s32ds.3.6.5/s32ds/build_tools/gcc_v10.2/gcc-10.2-arm32-eabi/bin/../lib/gcc/arm-none-eabi/10.2.0/../../../../arm-none-eabi/lib/thumb/v7e-m+fp/hard\libc_nano.a(lib_a-memchr.o)
 .bss           0x204001c8        0x0 c:/nxp/s32ds.3.6.5/s32ds/build_tools/gcc_v10.2/gcc-10.2-arm32-eabi/bin/../lib/gcc/arm-none-eabi/10.2.0/../../../../arm-none-eabi/lib/thumb/v7e-m+fp/hard\libc_nano.a(lib_a-nano-freer.o)
 .bss           0x204001c8        0x0 c:/nxp/s32ds.3.6.5/s32ds/build_tools/gcc_v10.2/gcc-10.2-arm32-eabi/bin/../lib/gcc/arm-none-eabi/10.2.0/../../../../arm-none-eabi/lib/thumb/v7e-m+fp/hard\libc_nano.a(lib_a-nano-mallocr.o)
 .bss           0x204001c8        0x0 c:/nxp/s32ds.3.6.5/s32ds/build_tools/gcc_v10.2/gcc-10.2-arm32-eabi/bin/../lib/gcc/arm-none-eabi/10.2.0/../../../../arm-none-eabi/lib/thumb/v7e-m+fp/hard\libc_nano.a(lib_a-nano-reallocr.o)
 .bss           0x204001c8        0x0 c:/nxp/s32ds.3.6.5/s32ds/build_tools/gcc_v10.2/gcc-10.2-arm32-eabi/bin/../lib/gcc/arm-none-eabi/10.2.0/../../../../arm-none-eabi/lib/thumb/v7e-m+fp/hard\libc_nano.a(lib_a-sbrkr.o)
 .bss           0x204001c8        0x0 c:/nxp/s32ds.3.6.5/s32ds/build_tools/gcc_v10.2/gcc-10.2-arm32-eabi/bin/../lib/gcc/arm-none-eabi/10.2.0/../../../../arm-none-eabi/lib/thumb/v7e-m+fp/hard\libc_nano.a(lib_a-mlock.o)
 .bss           0x204001c8        0x0 c:/nxp/s32ds.3.6.5/s32ds/build_tools/gcc_v10.2/gcc-10.2-arm32-eabi/bin/../lib/gcc/arm-none-eabi/10.2.0/../../../../arm-none-eabi/lib/thumb/v7e-m+fp/hard\libc_nano.a(lib_a-nano-msizer.o)
 .bss           0x204001c8        0x0 c:/nxp/s32ds.3.6.5/s32ds/build_tools/gcc_v10.2/gcc-10.2-arm32-eabi/bin/../lib/gcc/arm-none-eabi/10.2.0/../../../../arm-none-eabi/lib/thumb/v7e-m+fp/hard\libc_nano.a(lib_a-reent.o)
 .bss           0x204001c8        0x0 c:/nxp/s32ds.3.6.5/s32ds/build_tools/gcc_v10.2/gcc-10.2-arm32-eabi/bin/../lib/gcc/arm-none-eabi/10.2.0/thumb/v7e-m+fp/hard\libgcc.a(_aeabi_ldivmod.o)
 .bss           0x204001c8        0x0 c:/nxp/s32ds.3.6.5/s32ds/build_tools/gcc_v10.2/gcc-10.2-arm32-eabi/bin/../lib/gcc/arm-none-eabi/10.2.0/thumb/v7e-m+fp/hard\libgcc.a(_aeabi_uldivmod.o)
 .bss           0x204001c8        0x0 c:/nxp/s32ds.3.6.5/s32ds/build_tools/gcc_v10.2/gcc-10.2-arm32-eabi/bin/../lib/gcc/arm-none-eabi/10.2.0/thumb/v7e-m+fp/hard\libgcc.a(_udivmoddi4.o)
 .bss           0x204001c8        0x0 c:/nxp/s32ds.3.6.5/s32ds/build_tools/gcc_v10.2/gcc-10.2-arm32-eabi/bin/../lib/gcc/arm-none-eabi/10.2.0/thumb/v7e-m+fp/hard\libgcc.a(_dvmd_tls.o)
 .bss           0x204001c8        0x0 c:/nxp/s32ds.3.6.5/s32ds/build_tools/gcc_v10.2/gcc-10.2-arm32-eabi/bin/../lib/gcc/arm-none-eabi/10.2.0/../../../../arm-none-eabi/lib/thumb/v7e-m+fp/hard\libnosys.a(sbrk.o)
 *(.bss*)
 .bss.__malloc_free_list
                0x204001c8        0x4 c:/nxp/s32ds.3.6.5/s32ds/build_tools/gcc_v10.2/gcc-10.2-arm32-eabi/bin/../lib/gcc/arm-none-eabi/10.2.0/../../../../arm-none-eabi/lib/thumb/v7e-m+fp/hard\libc_nano.a(lib_a-nano-mallocr.o)
                0x204001c8                __malloc_free_list
 .bss.__malloc_sbrk_start
                0x204001cc        0x4 c:/nxp/s32ds.3.6.5/s32ds/build_tools/gcc_v10.2/gcc-10.2-arm32-eabi/bin/../lib/gcc/arm-none-eabi/10.2.0/../../../../arm-none-eabi/lib/thumb/v7e-m+fp/hard\libc_nano.a(lib_a-nano-mallocr.o)
                0x204001cc                __malloc_sbrk_start
 .bss.errno     0x204001d0        0x4 c:/nxp/s32ds.3.6.5/s32ds/build_tools/gcc_v10.2/gcc-10.2-arm32-eabi/bin/../lib/gcc/arm-none-eabi/10.2.0/../../../../arm-none-eabi/lib/thumb/v7e-m+fp/hard\libc_nano.a(lib_a-reent.o)
                0x204001d0                errno
 .bss.heap_end.0
                0x204001d4        0x4 c:/nxp/s32ds.3.6.5/s32ds/build_tools/gcc_v10.2/gcc-10.2-arm32-eabi/bin/../lib/gcc/arm-none-eabi/10.2.0/../../../../arm-none-eabi/lib/thumb/v7e-m+fp/hard\libnosys.a(sbrk.o)
                0x204001e0                . = ALIGN (0x10)
 *fill*         0x204001d8        0x8 
 *(.mcal_bss)
 .mcal_bss      0x204001e0        0x4 ./Project_Settings/Startup_Code/system.o
                0x204001e0                RESET_CATCH_CORE
 .mcal_bss      0x204001e4       0x95 ./RTD/src/Clock_Ip.o
                0x204001e8                Clock_Ip_FreqIds
                0x20400274                Clock_Ip_pxConfig
 *fill*         0x20400279        0x3 
 .mcal_bss      0x2040027c        0xc ./RTD/src/Clock_Ip_Monitor.o
 .mcal_bss      0x20400288        0x8 ./RTD/src/Clock_Ip_ProgFreqSwitch.o
 .mcal_bss      0x20400290        0xc ./RTD/src/Clock_Ip_Specific.o
 .mcal_bss      0x2040029c       0x18 ./RTD/src/FlexCAN_Ip.o
 .mcal_bss      0x204002b4      0x348 ./RTD/src/FlexCAN_Ip_HwAccess.o
 .mcal_bss      0x204005fc        0x8 ./RTD/src/Siul2_Port_Ip.o
 .mcal_bss      0x20400604      0xc60 ./generate/src/FlexCAN_Ip_Sa_PBcfg.o
                0x20400604                FlexCAN_State1
                0x20400c34                FlexCAN_State0
                0x20401264                . = ALIGN (0x4)
                0x20401264                __sram_bss_end = .

.sram_data      0x20401264      0x104 load address 0x0040f39c
                0x20401264                . = ALIGN (0x4)
                0x20401264                __sram_data_begin__ = .
                0x20401264                . = ALIGN (0x4)
 *(.ramcode)
 .ramcode       0x20401264       0x98 ./RTD/src/Clock_Ip_Specific.o
                0x204012fc                . = ALIGN (0x4)
 *(.data)
 .data          0x204012fc        0x0 ./Project_Settings/Startup_Code/Vector_Table.o
 .data          0x204012fc        0x0 ./Project_Settings/Startup_Code/exceptions.o
 .data          0x204012fc        0x0 ./Project_Settings/Startup_Code/nvic.o
 .data          0x204012fc        0x0 ./Project_Settings/Startup_Code/startup.o
 .data          0x204012fc        0x0 ./Project_Settings/Startup_Code/startup_cm7.o
 .data          0x204012fc        0x0 ./Project_Settings/Startup_Code/system.o
 .data          0x204012fc        0x4 ./RTD/src/Clock_Ip.o
 .data          0x20401300        0x0 ./RTD/src/Clock_Ip_Data.o
 .data          0x20401300        0x0 ./RTD/src/Clock_Ip_Divider.o
 .data          0x20401300        0x0 ./RTD/src/Clock_Ip_DividerTrigger.o
 .data          0x20401300        0x0 ./RTD/src/Clock_Ip_ExtOsc.o
 .data          0x20401300        0x0 ./RTD/src/Clock_Ip_FracDiv.o
 .data          0x20401300        0x0 ./RTD/src/Clock_Ip_Frequency.o
 .data          0x20401300        0x0 ./RTD/src/Clock_Ip_Gate.o
 .data          0x20401300        0x0 ./RTD/src/Clock_Ip_IntOsc.o
 .data          0x20401300        0x0 ./RTD/src/Clock_Ip_Irq.o
 .data          0x20401300        0x0 ./RTD/src/Clock_Ip_Monitor.o
 .data          0x20401300        0x0 ./RTD/src/Clock_Ip_Pll.o
 .data          0x20401300        0x0 ./RTD/src/Clock_Ip_ProgFreqSwitch.o
 .data          0x20401300        0x0 ./RTD/src/Clock_Ip_Selector.o
 .data          0x20401300        0x0 ./RTD/src/Clock_Ip_Specific.o
 .data          0x20401300        0x0 ./RTD/src/Det.o
 .data          0x20401300        0x0 ./RTD/src/Det_stub.o
 .data          0x20401300        0x0 ./RTD/src/FlexCAN_Ip.o
 .data          0x20401300        0x0 ./RTD/src/FlexCAN_Ip_HwAccess.o
 .data          0x20401300        0x0 ./RTD/src/FlexCAN_Ip_Irq.o
 .data          0x20401300        0x0 ./RTD/src/Igf_Port_Ip.o
 .data          0x20401300        0x0 ./RTD/src/IntCtrl_Ip.o
 .data          0x20401300        0x0 ./RTD/src/Lpuart_Uart_Ip.o
 .data          0x20401300        0x0 ./RTD/src/Lpuart_Uart_Ip_Irq.o
 .data          0x20401300        0x0 ./RTD/src/OsIf_Interrupts.o
 .data          0x20401300        0x0 ./RTD/src/OsIf_Software_Semaphore.o
 .data          0x20401300        0x0 ./RTD/src/OsIf_Timer.o
 .data          0x20401300        0x0 ./RTD/src/OsIf_Timer_System.o
 .data          0x20401300        0x0 ./RTD/src/OsIf_Timer_System_Internal_Systick.o
 .data          0x20401300        0x0 ./RTD/src/SchM_BaseNXP.o
 .data          0x20401300        0x0 ./RTD/src/SchM_Can_43_FLEXCAN.o
 .data          0x20401300        0x0 ./RTD/src/SchM_Dio.o
 .data          0x20401300        0x0 ./RTD/src/SchM_Mcu.o
 .data          0x20401300        0x0 ./RTD/src/SchM_Port.o
 .data          0x20401300        0x0 ./RTD/src/SchM_Uart.o
 .data          0x20401300        0x0 ./RTD/src/Siul2_Dio_Ip.o
 .data          0x20401300        0x0 ./RTD/src/Siul2_Port_Ip.o
 .data          0x20401300        0x0 ./RTD/src/Tspc_Port_Ip.o
 .data          0x20401300        0x0 ./board/Siul2_Port_Ip_Cfg.o
 .data          0x20401300        0x0 ./board/Tspc_Port_Ip_Cfg.o
 .data          0x20401300        0x0 ./generate/src/Clock_Ip_Cfg.o
 .data          0x20401300        0x0 ./generate/src/FlexCAN_Ip_Sa_PBcfg.o
 .data          0x20401300        0x0 ./generate/src/Igf_Port_Ip_Cfg.o
 .data          0x20401300        0x0 ./generate/src/IntCtrl_Ip_Cfg.o
 .data          0x20401300        0x0 ./generate/src/Lpuart_Uart_Ip_Sa_PBcfg.o
 .data          0x20401300        0x0 ./generate/src/OsIf_Cfg.o
 .data          0x20401300        0x0 ./src/main.o
 .data          0x20401300        0x0 c:/nxp/s32ds.3.6.5/s32ds/build_tools/gcc_v10.2/gcc-10.2-arm32-eabi/bin/../lib/gcc/arm-none-eabi/10.2.0/../../../../arm-none-eabi/lib/thumb/v7e-m+fp/hard\libc_nano.a(lib_a-memcpy-stub.o)
 .data          0x20401300        0x0 c:/nxp/s32ds.3.6.5/s32ds/build_tools/gcc_v10.2/gcc-10.2-arm32-eabi/bin/../lib/gcc/arm-none-eabi/10.2.0/../../../../arm-none-eabi/lib/thumb/v7e-m+fp/hard\libc_nano.a(lib_a-memmove.o)
 .data          0x20401300        0x0 c:/nxp/s32ds.3.6.5/s32ds/build_tools/gcc_v10.2/gcc-10.2-arm32-eabi/bin/../lib/gcc/arm-none-eabi/10.2.0/../../../../arm-none-eabi/lib/thumb/v7e-m+fp/hard\libc_nano.a(lib_a-memset.o)
 .data          0x20401300        0x0 c:/nxp/s32ds.3.6.5/s32ds/build_tools/gcc_v10.2/gcc-10.2-arm32-eabi/bin/../lib/gcc/arm-none-eabi/10.2.0/../../../../arm-none-eabi/lib/thumb/v7e-m+fp/hard\libc_nano.a(lib_a-snprintf.o)
 .data          0x20401300        0x0 c:/nxp/s32ds.3.6.5/s32ds/build_tools/gcc_v10.2/gcc-10.2-arm32-eabi/bin/../lib/gcc/arm-none-eabi/10.2.0/../../../../arm-none-eabi/lib/thumb/v7e-m+fp/hard\libc_nano.a(lib_a-strlen.o)
 .data          0x20401300        0x0 c:/nxp/s32ds.3.6.5/s32ds/build_tools/gcc_v10.2/gcc-10.2-arm32-eabi/bin/../lib/gcc/arm-none-eabi/10.2.0/../../../../arm-none-eabi/lib/thumb/v7e-m+fp/hard\libc_nano.a(lib_a-impure.o)
 .data          0x20401300        0x0 c:/nxp/s32ds.3.6.5/s32ds/build_tools/gcc_v10.2/gcc-10.2-arm32-eabi/bin/../lib/gcc/arm-none-eabi/10.2.0/../../../../arm-none-eabi/lib/thumb/v7e-m+fp/hard\libc_nano.a(lib_a-nano-svfprintf.o)
 .data          0x20401300        0x0 c:/nxp/s32ds.3.6.5/s32ds/build_tools/gcc_v10.2/gcc-10.2-arm32-eabi/bin/../lib/gcc/arm-none-eabi/10.2.0/../../../../arm-none-eabi/lib/thumb/v7e-m+fp/hard\libc_nano.a(lib_a-nano-vfprintf_i.o)
 .data          0x20401300        0x0 c:/nxp/s32ds.3.6.5/s32ds/build_tools/gcc_v10.2/gcc-10.2-arm32-eabi/bin/../lib/gcc/arm-none-eabi/10.2.0/../../../../arm-none-eabi/lib/thumb/v7e-m+fp/hard\libc_nano.a(lib_a-memchr.o)
 .data          0x20401300        0x0 c:/nxp/s32ds.3.6.5/s32ds/build_tools/gcc_v10.2/gcc-10.2-arm32-eabi/bin/../lib/gcc/arm-none-eabi/10.2.0/../../../../arm-none-eabi/lib/thumb/v7e-m+fp/hard\libc_nano.a(lib_a-nano-freer.o)
 .data          0x20401300        0x0 c:/nxp/s32ds.3.6.5/s32ds/build_tools/gcc_v10.2/gcc-10.2-arm32-eabi/bin/../lib/gcc/arm-none-eabi/10.2.0/../../../../arm-none-eabi/lib/thumb/v7e-m+fp/hard\libc_nano.a(lib_a-nano-mallocr.o)
 .data          0x20401300        0x0 c:/nxp/s32ds.3.6.5/s32ds/build_tools/gcc_v10.2/gcc-10.2-arm32-eabi/bin/../lib/gcc/arm-none-eabi/10.2.0/../../../../arm-none-eabi/lib/thumb/v7e-m+fp/hard\libc_nano.a(lib_a-nano-reallocr.o)
 .data          0x20401300        0x0 c:/nxp/s32ds.3.6.5/s32ds/build_tools/gcc_v10.2/gcc-10.2-arm32-eabi/bin/../lib/gcc/arm-none-eabi/10.2.0/../../../../arm-none-eabi/lib/thumb/v7e-m+fp/hard\libc_nano.a(lib_a-sbrkr.o)
 .data          0x20401300        0x0 c:/nxp/s32ds.3.6.5/s32ds/build_tools/gcc_v10.2/gcc-10.2-arm32-eabi/bin/../lib/gcc/arm-none-eabi/10.2.0/../../../../arm-none-eabi/lib/thumb/v7e-m+fp/hard\libc_nano.a(lib_a-mlock.o)
 .data          0x20401300        0x0 c:/nxp/s32ds.3.6.5/s32ds/build_tools/gcc_v10.2/gcc-10.2-arm32-eabi/bin/../lib/gcc/arm-none-eabi/10.2.0/../../../../arm-none-eabi/lib/thumb/v7e-m+fp/hard\libc_nano.a(lib_a-nano-msizer.o)
 .data          0x20401300        0x0 c:/nxp/s32ds.3.6.5/s32ds/build_tools/gcc_v10.2/gcc-10.2-arm32-eabi/bin/../lib/gcc/arm-none-eabi/10.2.0/../../../../arm-none-eabi/lib/thumb/v7e-m+fp/hard\libc_nano.a(lib_a-reent.o)
 .data          0x20401300        0x0 c:/nxp/s32ds.3.6.5/s32ds/build_tools/gcc_v10.2/gcc-10.2-arm32-eabi/bin/../lib/gcc/arm-none-eabi/10.2.0/thumb/v7e-m+fp/hard\libgcc.a(_aeabi_ldivmod.o)
 .data          0x20401300        0x0 c:/nxp/s32ds.3.6.5/s32ds/build_tools/gcc_v10.2/gcc-10.2-arm32-eabi/bin/../lib/gcc/arm-none-eabi/10.2.0/thumb/v7e-m+fp/hard\libgcc.a(_aeabi_uldivmod.o)
 .data          0x20401300        0x0 c:/nxp/s32ds.3.6.5/s32ds/build_tools/gcc_v10.2/gcc-10.2-arm32-eabi/bin/../lib/gcc/arm-none-eabi/10.2.0/thumb/v7e-m+fp/hard\libgcc.a(_udivmoddi4.o)
 .data          0x20401300        0x0 c:/nxp/s32ds.3.6.5/s32ds/build_tools/gcc_v10.2/gcc-10.2-arm32-eabi/bin/../lib/gcc/arm-none-eabi/10.2.0/thumb/v7e-m+fp/hard\libgcc.a(_dvmd_tls.o)
 .data          0x20401300        0x0 c:/nxp/s32ds.3.6.5/s32ds/build_tools/gcc_v10.2/gcc-10.2-arm32-eabi/bin/../lib/gcc/arm-none-eabi/10.2.0/../../../../arm-none-eabi/lib/thumb/v7e-m+fp/hard\libnosys.a(sbrk.o)
 *(.data*)
 .data._impure_ptr
                0x20401300        0x4 c:/nxp/s32ds.3.6.5/s32ds/build_tools/gcc_v10.2/gcc-10.2-arm32-eabi/bin/../lib/gcc/arm-none-eabi/10.2.0/../../../../arm-none-eabi/lib/thumb/v7e-m+fp/hard\libc_nano.a(lib_a-impure.o)
                0x20401300                _impure_ptr
 .data.impure_data
                0x20401304       0x60 c:/nxp/s32ds.3.6.5/s32ds/build_tools/gcc_v10.2/gcc-10.2-arm32-eabi/bin/../lib/gcc/arm-none-eabi/10.2.0/../../../../arm-none-eabi/lib/thumb/v7e-m+fp/hard\libc_nano.a(lib_a-impure.o)
                0x20401364                . = ALIGN (0x4)
 *(.mcal_data)
 .mcal_data     0x20401364        0x4 ./RTD/src/Siul2_Dio_Ip.o
                0x20401364                Siul2_Dio_Ip_au32BaseAdresses
                0x20401368                . = ALIGN (0x4)
                0x20401368                __sram_data_end__ = .
                0x0040f4a0                __sram_data_rom_end = (__sram_data_rom + (__sram_data_end__ - __sram_data_begin__))

.heap           0x20401368     0x2000 load address 0x0040f4a0
                0x00000000                . = (. + ALIGN (0x4))
                0x20401368                _end = .
                0x20401368                end = .
                0x20401368                _heap_start = .
                0x00002000                . = (. + HEAP_SIZE)
 *fill*         0x20401368     0x2000 
                0x20403368                _heap_end = .

.acfls_code_ram
                0x2042ff00        0x0
                0x2042ff00                __acfls_code_ram_start = .
 *(.acfls_code_ram)
                0x2042ff00                __acfls_code_ram_end = .
                0x2042ff00                __acmem_43_infls_code_ram_start = .
 *(.acmem_43_infls_code_ram)
                0x2042ff00                __acmem_43_infls_code_ram_end = .
                0x0040f4a0                __non_cacheable_data_rom = __sram_data_rom_end

.non_cacheable_data
                0x20430000        0x4 load address 0x0040f4a0
                0x20430000                . = ALIGN (0x4)
                0x20430000                __non_cacheable_data_start__ = .
 *(.mcal_data_no_cacheable)
                0x20430000                . = ALIGN (0x4)
 *(.mcal_const_no_cacheable)
                0x20430000                . = ALIGN (0x4)
                0x20430000                HSE_LOOP_ADDR = .
                0x20430000        0x4 LONG 0x0
                0x20430004                __non_cacheable_data_end__ = .
                0x0040f4a4                __non_cacheable_data_rom_end = (__non_cacheable_data_rom + (__non_cacheable_data_end__ - __non_cacheable_data_start__))

.igot.plt       0x20430004        0x0 load address 0x0040f4a4
 .igot.plt      0x20430004        0x0 ./Project_Settings/Startup_Code/Vector_Table.o

.non_cacheable_bss
                0x20430004     0x126c load address 0x0040f4a4
                0x20430010                . = ALIGN (0x10)
 *fill*         0x20430004        0xc 
                0x20430010                __non_cacheable_bss_start = .
 *(.mcal_bss_no_cacheable)
 .mcal_bss_no_cacheable
                0x20430010      0x7a0 ./RTD/src/Det.o
                0x20430010                Det_NextIdxList
                0x20430060                Det_RuntimeErrorId
                0x20430088                Det_aErrorState
                0x204301a8                Det_Runtime_NextIdxList
                0x204301f8                Det_aRuntimeErrorState
                0x20430318                Det_ModuleId
                0x20430368                Det_numTransientEventErrors
                0x20430388                Det_TransientInstanceId
                0x204303b0                Det_RuntimeModuleId
                0x20430400                Det_TransientFaultId
                0x20430428                Det_OverflowErrorFlag
                0x20430430                Det_Transient_Head
                0x20430440                Det_RuntimeInstanceId
                0x20430468                Det_ModuleState
                0x20430488                Det_OverflowRuntimeErrorFlag
                0x20430490                Det_RuntimeApiId
                0x204304b8                Det_OverflowTransientErrorFlag
                0x204304c0                Det_Head
                0x204304d0                Det_numEventErrors
                0x204304f0                Det_Runtime_Head
                0x20430500                Det_Tail
                0x20430510                Det_InstanceId
                0x20430538                Det_numRuntimeEventErrors
                0x20430558                Det_Runtime_Tail
                0x20430568                Det_TransientApiId
                0x20430590                Det_ApiId
                0x204305b8                Det_Transient_NextIdxList
                0x20430608                Det_aTransientErrorState
                0x20430728                Det_Transient_Tail
                0x20430738                Det_ErrorId
                0x20430760                Det_TransientModuleId
 .mcal_bss_no_cacheable
                0x204307b0       0xa0 ./RTD/src/Lpuart_Uart_Ip.o
                0x204307b0                Lpuart_Uart_Ip_apStateStructure
 .mcal_bss_no_cacheable
                0x20430850       0x40 ./RTD/src/SchM_BaseNXP.o
 .mcal_bss_no_cacheable
                0x20430890      0x300 ./RTD/src/SchM_Can_43_FLEXCAN.o
 .mcal_bss_no_cacheable
                0x20430b90       0x40 ./RTD/src/SchM_Dio.o
 .mcal_bss_no_cacheable
                0x20430bd0       0x60 ./RTD/src/SchM_Mcu.o
 .mcal_bss_no_cacheable
                0x20430c30      0x380 ./RTD/src/SchM_Port.o
 .mcal_bss_no_cacheable
                0x20430fb0      0x2c0 ./RTD/src/SchM_Uart.o
                0x20431270                . = ALIGN (0x4)
                0x20431270                __non_cacheable_bss_end = .

.int_results    0x2043ff00      0x100
                0x2043ff00                . = ALIGN (0x4)
 *(.int_results)
                0x20440000                . = (. + 0x100)
 *fill*         0x2043ff00      0x100 
                0x0040f4a4                __shareable_data_rom = __non_cacheable_data_rom_end

.shareable_data
                0x20440000        0x0 load address 0x0040f4a4
                0x20440000                . = ALIGN (0x4)
                0x20440000                __shareable_data_start__ = .
 *(.mcal_shared_data)
                0x20440000                . = ALIGN (0x4)
                0x20440000                __shareable_data_end__ = .
                0x0040f4a4                __shareable_data_rom_end = (__shareable_data_rom + (__shareable_data_end__ - __shareable_data_start__))

.int_vector     0x20000000      0x408
                0x20000000                . = ALIGN (0x800)
                0x20000000                __interrupts_ram_start = .
                0x20000408                . = (. + (__interrupts_init_end - __interrupts_init_start))
 *fill*         0x20000000      0x408 
                0x20000408                . = ALIGN (0x4)
                0x20000408                __interrupts_ram_end = .
                0x0040f4a4                __tcm_data_rom = __shareable_data_rom_end

.data_tcm_data  0x20000408        0x0 load address 0x0040f4a4
                0x20000408                . = ALIGN (0x4)
                0x20000408                __dtcm_data_start__ = .
 *(.dtcm_data*)
                0x20000408                . = ALIGN (0x4)
                0x20000408                __dtcm_data_end__ = .
                0x0040f4a4                __tcm_data_rom_end = (__tcm_data_rom + (__dtcm_data_end__ - __dtcm_data_start__))

.bss_tcm_data   0x20000408        0x0
                0x20000408                . = ALIGN (0x4)
                0x20000408                __dtcm_bss_start__ = .
 *(.dtcm_bss*)
                0x20000408                . = ALIGN (0x4)
                0x20000408                __dtcm_bss_end__ = .
                0x0040f4a4                __tcm_code_rom_start = __tcm_data_rom_end

.itcm_text      0x00000000        0x0 load address 0x0040f4a4
                0x00000000                . = ALIGN (0x4)
                0x00000000                __itcm_start__ = .
 *(.itcm_text*)
                0x00000000                . = ALIGN (0x4)
                0x00000000                __itcm_end__ = .
                0x0040f4a4                __tcm_code_rom_end = (__tcm_code_rom_start + (__itcm_end__ - __itcm_start__))

.shareable_bss  0x20440000        0x0
                0x20440000                . = ALIGN (0x10)
                0x20440000                __shareable_bss_start = .
 *(.mcal_shared_bss)
                0x20440000                . = ALIGN (0x4)
                0x20440000                __shareable_bss_end = .
                0x2001f000                __Stack_dtcm_end = ORIGIN (int_stack_dtcm)
                0x20020000                __Stack_dtcm_start = (ORIGIN (int_stack_dtcm) + LENGTH (int_stack_dtcm))
                0x20400000                __INT_SRAM_START = ORIGIN (int_sram)
                0x20444000                __INT_SRAM_END = ORIGIN (ram_rsvd2)
                0x00000000                __INT_ITCM_START = ORIGIN (int_itcm)
                0x00010000                __INT_ITCM_END = (ORIGIN (int_itcm) + LENGTH (int_itcm))
                0x20000000                __INT_DTCM_START = ORIGIN (int_dtcm)
                0x20020000                __INT_DTCM_END = ((ORIGIN (int_dtcm) + LENGTH (int_dtcm)) + LENGTH (int_stack_dtcm))
                0x20440000                __RAM_SHAREABLE_START = __shareable_data_start__
                0x0000000e                __RAM_SHAREABLE_SIZE = 0xe
                0x0040f4a4                __ROM_SHAREABLE_START = __shareable_data_rom
                0x0040f4a4                __ROM_SHAREABLE_END = __shareable_data_rom_end
                0x20430000                __RAM_NO_CACHEABLE_START = __non_cacheable_data_start__
                0x00000010                __RAM_NO_CACHEABLE_SIZE = 0x10
                0x0040f4a0                __ROM_NO_CACHEABLE_START = __non_cacheable_data_rom
                0x0040f4a4                __ROM_NO_CACHEABLE_END = __non_cacheable_data_rom_end
                0x20401264                __RAM_CACHEABLE_START = __sram_data_begin__
                0x00000012                __RAM_CACHEABLE_SIZE = 0x12
                0x0040f39c                __ROM_CACHEABLE_START = __sram_data_rom
                0x0040f4a0                __ROM_CACHEABLE_END = __sram_data_rom_end
                0x00400000                __ROM_CODE_START = ORIGIN (int_pflash)
                0x10000000                __ROM_DATA_START = ORIGIN (int_dflash)
                0x20400000                __BSS_SRAM_START = __sram_bss_start
                0x20401264                __BSS_SRAM_END = __sram_bss_end
                0x00001264                __BSS_SRAM_SIZE = (__sram_bss_end - __sram_bss_start)
                0x20430010                __BSS_SRAM_NC_START = __non_cacheable_bss_start
                0x00001260                __BSS_SRAM_NC_SIZE = (__non_cacheable_bss_end - __non_cacheable_bss_start)
                0x20431270                __BSS_SRAM_NC_END = __non_cacheable_bss_end
                0x20440000                __BSS_SRAM_SH_START = __shareable_bss_start
                0x00000000                __BSS_SRAM_SH_SIZE = (__shareable_bss_end - __shareable_bss_start)
                0x20440000                __BSS_SRAM_SH_END = __shareable_bss_end
                0x20000000                __RAM_INTERRUPT_START = __interrupts_ram_start
                0x00402000                __INIT_INTERRUPT_START = __interrupts_init_start
                0x00402408                __INIT_INTERRUPT_END = __interrupts_init_end
                0x00000000                __RAM_ITCM_START = __itcm_start__
                0x0040f4a4                __ROM_ITCM_START = __tcm_code_rom_start
                0x0040f4a4                __ROM_ITCM_END = __tcm_code_rom_end
                0x20000408                __RAM_DTCM_DATA_START = __dtcm_data_start__
                0x0040f4a4                __ROM_DTCM_DATA_START = __tcm_data_rom
                0x0040f4a4                __ROM_DTCM_END = __tcm_data_rom_end
                0x0040f32c                __INIT_TABLE = __init_table
                0x0040f378                __ZERO_TABLE = __zero_table
                0x00000001                __RAM_INIT = 0x1
                0x00000001                __ITCM_INIT = 0x1
                0x00000001                __DTCM_INIT = 0x1
                0x0040cc68                Fls_ACEraseRomStart = __acfls_code_rom_start
                0x0040ccd0                Fls_ACEraseRomEnd = __acfls_code_rom_end
                0x0000001a                Fls_ACEraseSize = ((__acfls_code_rom_end - __acfls_code_rom_start) / 0x4)
                0x0040cc68                Fls_ACWriteRomStart = __acfls_code_rom_start
                0x0040ccd0                Fls_ACWriteRomEnd = __acfls_code_rom_end